******************************************************************************
              TMS320C55x Linker Unix v4.4.1                    
******************************************************************************
>> Linked Fri Nov  7 11:34:41 2025

OUTPUT FILE NAME:   <aic3204_dma_fft.out>
ENTRY POINT SYMBOL: "_c_int00"  address: 00002b36


MEMORY CONFIGURATION

         name            origin    length      used     unused   attr    fill
                        (bytes)   (bytes)    (bytes)   (bytes)
----------------------  --------  ---------  --------  --------  ----  --------
PAGE 0:
  MMR                   00000000   000000c0  00000000  000000c0  RWIX
  BTRSVD                000000c0   00000240  0000021c  00000024  RWIX
  DARAM                 00000300   0000fb00  00006398  00009768  RWIX
  VECS                  0000fe00   00000200  00000100  00000100  RWIX
  CE0                   00010000   003f0000  00000000  003f0000  RWIX
  CE1                   00400000   00400000  00000000  00400000  RWIX
  CE2                   00800000   00400000  00000000  00400000  RWIX
  CE3                   00c00000   003f8000  00000000  003f8000  RWIX
  PDROM                 00ff8000   00008000  00000000  00008000  R IX

PAGE 2:
  IOPORT                00000000   00020000  00000000  00020000  RWI 


SECTION ALLOCATION MAP
(Addresses surrounded by []'s are displayed for convenience only!)

output                                                          attributes/
section   page  orgn(bytes) orgn(words) len(bytes) len(words)   input sections
--------  ----  ----------- ----------- ---------- ----------   --------------
fftMem       0   [ 000000c0 ]  00000060          *   0000010e   UNINITIALIZED
                 [ 000000c0 ]  00000060          *   0000010e   dma.obj (fftMem)

.text        0     00000300  [ 00000180 ] 00002ac4          *   
                   00000300  [ 00000180 ] 000003c8          *   rts55.lib : divd.obj (.text)
                   000006c8  [ 00000364 ] 00000260          *             : addd.obj (.text)
                   00000928  [ 00000494 ] 000001fc          *             : cos.obj (.text)
                   00000b24  [ 00000592 ] 000001ef          *   dma.obj (.text)
                   00000d13  [ 00000689+] 000001ea          *   rts55.lib : cmpd.obj (.text)
                   00000efd  [ 0000077e+] 00000002          *             : vectors.obj (.text)
                   00000eff  [ 0000077f ] 00000001          *   --HOLE-- [fill = 20]
                   00000f00  [ 00000780 ] 000001e8          *   csl5502.lib : mcbsp_rst.obj (.text:MCBSP_reset)
                   000010e8  [ 00000874 ] 000001e4          *   dma.obj (.text:retain)
                   000012cc  [ 00000966 ] 000001de          *   rts55.lib : sin.obj (.text)
                   000014aa  [ 00000a55 ] 000001da          *   intrinsic_fft.obj (.text)
                   00001684  [ 00000b42 ] 000001b8          *   aic3204.obj (.text)
                   0000183c  [ 00000c1e ] 0000018b          *   csl5502.lib : i2c_write.obj (.text:I2C_write)
                   000019c7  [ 00000ce3 ] 00000001          *   --HOLE-- [fill = 20]
                   000019c8  [ 00000ce4 ] 00000187          *               : dma_reset.obj (.text:DMA_reset)
                   00001b4f  [ 00000da7 ] 00000001          *   --HOLE-- [fill = 20]
                   00001b50  [ 00000da8 ] 0000015a          *               : i2c_read.obj (.text:I2C_read)
                   00001caa  [ 00000e55 ] 00000158          *   rts55.lib : mpyd.obj (.text)
                   00001e02  [ 00000f01 ] 0000014c          *   ezdsp5502_i2cgpio.obj (.text)
                   00001f4e  [ 00000fa7 ] 00000002          *   vectors_dma4.obj (.text)
                   00001f50  [ 00000fa8 ] 0000012b          *   csl5502.lib : mcbsp_cfg.obj (.text:MCBSP_config)
                   0000207b  [ 0000103d ] 00000001          *   --HOLE-- [fill = 20]
                   0000207c  [ 0000103e ] 00000109          *               : dma_cfg.obj (.text:DMA_config)
                   00002185  [ 000010c2+] 000000b9          *   rts55.lib : modf.obj (.text)
                   0000223e  [ 0000111f ] 00000002          *   --HOLE-- [fill = 20]
                   00002240  [ 00001120 ] 000000b2          *   csl5502.lib : mcbsp_open.obj (.text:MCBSP_open)
                   000022f2  [ 00001179 ] 000000a8          *   ezdsp5502_mcbsp.obj (.text)
                   0000239a  [ 000011cd ] 0000009f          *   ibit_rev.obj (.text)
                   00002439  [ 0000121c ] 00000003          *   --HOLE-- [fill = 20]
                   0000243c  [ 0000121e ] 0000009b          *   csl5502.lib : dma_open.obj (.text:DMA_open)
                   000024d7  [ 0000126b+] 00000089          *               : irq_pluga.obj (.text)
                   00002560  [ 000012b0 ] 00000082          *               : mcbsp_start.obj (.text:MCBSP_start)
                   000025e2  [ 000012f1 ] 00000081          *   main.obj (.text)
                   00002663  [ 00001331+] 00000076          *   rts55.lib : frcmpyd.obj (.text)
                   000026d9  [ 0000136c+] 00000073          *             : frcmpyd_div.obj (.text)
                   0000274c  [ 000013a6 ] 0000006f          *   csl5502.lib : i2c_cfg.obj (.text:I2C_config)
                   000027bb  [ 000013dd+] 0000006f          *   ezdsp5502.obj (.text)
                   0000282a  [ 00001415 ] 0000006f          *   rts55.lib : fixdli.obj (.text)
                   00002899  [ 0000144c+] 0000006b          *             : autoinit.obj (.text)
                   00002904  [ 00001482 ] 00000067          *   ezdsp5502_i2c.obj (.text)
                   0000296b  [ 000014b5+] 00000062          *   rts55.lib : fltlid.obj (.text)
                   000029cd  [ 000014e6 ] 00000003          *   --HOLE-- [fill = 20]
                   000029d0  [ 000014e8 ] 0000005d          *   csl5502.lib : irq_disa.obj (.text:IRQ_disable)
                   00002a2d  [ 00001516+] 0000005a          *   rts55.lib : round.obj (.text)
                   00002a87  [ 00001543 ] 00000001          *   --HOLE-- [fill = 20]
                   00002a88  [ 00001544 ] 00000058          *   csl5502.lib : irq_enab.obj (.text:IRQ_enable)
                   00002ae0  [ 00001570 ] 00000056          *   rts55.lib : fltuld.obj (.text)
                   00002b36  [ 0000159b ] 0000004c          *             : boot.obj (.text)
                   00002b82  [ 000015c1 ] 00000040          *             : args_main.obj (.text)
                   00002bc2  [ 000015e1 ] 0000003f          *             : trunc.obj (.text)
                   00002c01  [ 00001600 ] 00000003          *   --HOLE-- [fill = 20]
                   00002c04  [ 00001602 ] 00000039          *   csl5502.lib : irq_clear.obj (.text:IRQ_clear)
                   00002c3d  [ 0000161e+] 00000038          *   rts55.lib : exit.obj (.text)
                   00002c75  [ 0000163a ] 00000003          *   --HOLE-- [fill = 20]
                   00002c78  [ 0000163c ] 00000031          *   csl5502.lib : mcbsp_cls.obj (.text:MCBSP_close)
                   00002ca9  [ 00001654 ] 00000003          *   --HOLE-- [fill = 20]
                   00002cac  [ 00001656 ] 0000002b          *               : irq_setvecs.obj (.text:IRQ_setVecs)
                   00002cd7  [ 0000166b+] 0000002a          *   rts55.lib : fixdi.obj (.text)
                   00002d01  [ 00001680+] 00000014          *             : subd.obj (.text)
                   00002d15  [ 0000168a+] 00000013          *             : lmpy.obj (.text)
                   00002d28  [ 00001694 ] 00000010          *             : _lock.obj (.text)
                   00002d38  [ 0000169c ] 00000010          *             : negd.obj (.text)
                   00002d48  [ 000016a4 ] 0000000e          *             : fltud.obj (.text)
                   00002d56  [ 000016ab ] 00000002          *   --HOLE-- [fill = 20]
                   00002d58  [ 000016ac ] 0000000d          *   csl5502.lib : irq_gdisab.obj (.text:IRQ_globalDisable)
                   00002d65  [ 000016b2 ] 00000003          *   --HOLE-- [fill = 20]
                   00002d68  [ 000016b4 ] 0000000d          *               : irq_genab.obj (.text:IRQ_globalEnable)
                   00002d75  [ 000016ba ] 00000003          *   --HOLE-- [fill = 20]
                   00002d78  [ 000016bc ] 0000000c          *               : csl.obj (.text:CSL_init)
                   00002d84  [ 000016c2 ] 0000000c          *               : irq_grest.obj (.text:IRQ_globalRestore)
                   00002d90  [ 000016c8 ] 0000000c          *   rts55.lib : fltid.obj (.text)
                   00002d9c  [ 000016ce ] 0000000b          *   csl5502.lib : _csl_init.obj (.text:_CSL_init)
                   00002da7  [ 000016d3+] 00000007          *   rts55.lib : exit.obj (.text:CIO_breakpoint)
                   00002dae  [ 000016d7 ] 00000002          *   --HOLE-- [fill = 20]
                   00002db0  [ 000016d8 ] 00000007          *   csl5502.lib : mcbsp_r16.obj (.text:MCBSP_read16)
                   00002db7  [ 000016db ] 00000001          *   --HOLE-- [fill = 20]
                   00002db8  [ 000016dc ] 00000007          *               : mcbsp_w16.obj (.text:MCBSP_write16)
                   00002dbf  [ 000016df ] 00000001          *   --HOLE-- [fill = 20]
                   00002dc0  [ 000016e0 ] 00000002          *               : csl.obj (.text)
                   00002dc2  [ 000016e1 ] 00000002          *   --HOLE-- [fill = 20]

.data        0   [ 00000300 ]  00000180          *   00000000   

.pinit       0   [ 00000300 ]  00000180          *   00000000   

.stack       0   [ 00002de0 ]  000016f0          *   00001000   
                 [ 00002de0 ]  000016f0          *   00001000   --HOLE-- [fill = 00]

.sysstack 
*            0   [ 00004de0 ]  000026f0          *   00000800   
                 [ 00004de0 ]  000026f0          *   00000800   --HOLE-- [fill = 00]

.cinit       0   [ 00005de0 ]  00002ef0          *   00000170   
                 [ 00005de0 ]  00002ef0          *   00000081   csl5502.lib : csl_dmadat.obj (.cinit)
                 [ 00005ee2 ]  00002f71          *   00000069               : csl_mcbspdat.obj (.cinit)
                 [ 00005fb4 ]  00002fda          *   0000002c   dma.obj (.cinit)
                 [ 0000600c ]  00003006          *   00000023   csl5502.lib : csl_csldat.obj (.cinit)
                 [ 00006052 ]  00003029          *   0000000c   main.obj (.cinit)
                 [ 0000606a ]  00003035          *   0000000b   rts55.lib : cos.obj (.cinit)
                 [ 00006080 ]  00003040          *   0000000b             : sin.obj (.cinit)
                 [ 00006096 ]  0000304b          *   0000000a             : _lock.obj (.cinit)
                 [ 000060aa ]  00003055          *   0000000a             : exit.obj (.cinit)
                 [ 000060be ]  0000305f          *   00000001   --HOLE-- [fill = 0]

.csldata     0   [ 000060c0 ]  00003060          *   00000104   
                 [ 000060c0 ]  00003060          *   0000007e   csl5502.lib : csl_dmadat.obj (.csldata:DMA_data) [fill = 00]
                 [ 000061bc ]  000030de          *   00000066               : csl_mcbspdat.obj (.csldata:MCBSP_data) [fill = 00]
                 [ 00006288 ]  00003144          *   00000020               : csl_csldat.obj (.csldata:SYS_data) [fill = 00]

.const       0   [ 000062e0 ]  00003170          *   00000072   
                 [ 000062e0 ]  00003170          *   0000001b   ezdsp5502_mcbsp.obj (.const:_$P$T0$1)
                 [ 00006316 ]  0000318b          *   00000001   --HOLE-- [fill = 00]
                 [ 00006318 ]  0000318c          *   00000016   rts55.lib : cos.obj (.const)
                 [ 00006344 ]  000031a2          *   00000014             : sin.obj (.const)
                 [ 0000636c ]  000031b6          *   0000000a   ezdsp5502_i2c.obj (.const:_$P$T0$1)
                 [ 00006380 ]  000031c0          *   00000008   rts55.lib : divd.obj (.const:_initial_approx$1)
                 [ 00006390 ]  000031c8          *   00000008             : round.obj (.const)
                 [ 000063a0 ]  000031d0          *   00000006             : modf.obj (.const)
                 [ 000063ac ]  000031d6          *   00000004   dma.obj (.const)
                 [ 000063b4 ]  000031da          *   00000004   rts55.lib : trunc.obj (.const)
                 [ 000063bc ]  000031de          *   00000002             : fltlid.obj (.const)
                 [ 000063c0 ]  000031e0          *   00000002             : fltuld.obj (.const)

.bss         0   [ 000063e0 ]  000031f0          *   00000044   
                 [ 000063e0 ]  000031f0          *   00000028   dma.obj (.bss) [fill = 00]
                 [ 00006430 ]  00003218          *   00000008   rts55.lib : cos.obj (.bss) [fill = 00]
                 [ 00006440 ]  00003220          *   00000008             : sin.obj (.bss) [fill = 00]
                 [ 00006450 ]  00003228          *   00000004             : _lock.obj (.bss) [fill = 00]
                 [ 00006458 ]  0000322c          *   00000004             : exit.obj (.bss) [fill = 00]
                 [ 00006460 ]  00003230          *   00000003   main.obj (.bss) [fill = 00]
                 [ 00006466 ]  00003233          *   00000001   ezdsp5502_mcbsp.obj (.bss) [fill = 00]

dmaMem       0   [ 00006468 ]  00003234          *   000000c0   UNINITIALIZED
                 [ 00006468 ]  00003234          *   000000c0   dma.obj (dmaMem)

.vectors     0     000065e8  [ 000032f4 ] 00000100          *   
                   000065e8  [ 000032f4 ] 00000100          *   vectors_dma4.obj (.vectors)

vectors      0     0000fe00  [ 00007f00 ] 00000100          *   
                   0000fe00  [ 00007f00 ] 00000100          *   rts55.lib : vectors.obj (vectors)


GLOBAL SYMBOLS: SORTED ALPHABETICALLY BY Name 

abs. value/
byte addr   word addr   name
---------   ---------   ----
00000002                $TI_capability$C5500$CallingConvention
00000001                $TI_capability$C5500$MemoryModel
00000001                $TI_capability_requires_rev2
            000031f0    .bss
            00000180    .data
00000300                .text
00002da8                C$$EXIT
00002d15                I$$LMPY
00001684                _AIC3204_rset
00002dc0                _CSL5502_LIB_
            00003060    _CSL_DmaData
            000030de    _CSL_McbspData
            00003144    _CSL_SysData
00002d78                _CSL_init
0000207c                _DMA_config
0000243c                _DMA_open
000019c8                _DMA_reset
00001e02                _EZDSP5502_I2CGPIO_configLine
00001ed9                _EZDSP5502_I2CGPIO_read
00001e55                _EZDSP5502_I2CGPIO_readLine
00001f24                _EZDSP5502_I2CGPIO_write
00001e86                _EZDSP5502_I2CGPIO_writeLine
00002904                _EZDSP5502_I2C_init
00002949                _EZDSP5502_I2C_read
0000291f                _EZDSP5502_I2C_reset
00002929                _EZDSP5502_I2C_write
00002330                _EZDSP5502_MCBSP_close
000022f2                _EZDSP5502_MCBSP_init
0000236c                _EZDSP5502_MCBSP_read
00002340                _EZDSP5502_MCBSP_write
00002811                _EZDSP5502_init
000027cb                _EZDSP5502_wait
000027ff                _EZDSP5502_waitusec
0000274c                _I2C_config
00001b50                _I2C_read
0000183c                _I2C_write
00002c04                _IRQ_clear
000029d0                _IRQ_disable
00002a88                _IRQ_enable
00002d58                _IRQ_globalDisable
00002d68                _IRQ_globalEnable
00002d84                _IRQ_globalRestore
000024d7                _IRQ_plug
00002cac                _IRQ_setVecs
00002c78                _MCBSP_close
00001f50                _MCBSP_config
00002240                _MCBSP_open
00002db0                _MCBSP_read16
00000f00                _MCBSP_reset
00002560                _MCBSP_start
00002db8                _MCBSP_write16
0000fe00                _Reset
000065e8                _VECSTART
00002d9c                __CSL_init
            000026f0    __STACK_END
00002000                __STACK_SIZE
00001000                __SYSSTACK_SIZE
00000001                __TI_args_main
ffffffff                ___binit__
            000031f0    ___bss__
ffffffff                ___c_args__
            00002ef0    ___cinit__
            00000180    ___data__
            00000180    ___edata__
            00003234    ___end__
00002dc4                ___etext__
ffffffff                ___pinit__
00000300                ___text__
000006c8                __addd
00002b82                __args_main
            0000322c    __cleanup_ptr
00000ea5                __cmpd
00000300                __divd
            0000322e    __dtors_ptr
00000e71                __eqld
00002cd7                __fixdi
0000282a                __fixdli
00002d90                __fltid
0000296b                __fltlid
00002d48                __fltud
00002ae0                __fltuld
00002663                __frcmpyd
000026d9                __frcmpyd_div
00000e27                __geqd
00000ddc                __gtrd
00000d8f                __leqd
            00003228    __lock
00000d47                __lssd
00001caa                __mpyd
00002d15                __mpyli
00002d38                __negd
00000d13                __neqd
00002d36                __nop
00002a2d                __nround
00002d2f                __register_lock
00002d28                __register_unlock
            000016f0    __stack
00002d01                __subd
            000026f0    __sysstack
00002bc2                __trunc
            0000322a    __unlock
00002da7                _abort
            00003233    _aicMcbsp
00002899                _auto_init
0000239a                _bit_rev
00002b36                _c_int00
00000c78                _changeTone
00002623                _checkSwitch
00000ba7                _configAudioDma
000025fd                _configPort
00000928                _cos
            00003206    _dmaRxConfig
            000031f1    _dmaRxHandle
000010e8                _dmaRxIsr
            000031f0    _dmaState
            000031f2    _dmaTxConfig
            00003204    _dmaTxHandle
000012a7                _dmaTxIsr
00002c3d                _exit
000014aa                _fft
            00000060    _g_fftBuffer
            00003234    _g_rxBuffer
            00000160    _g_twiddleTable
            00003294    _g_txBuffer
000016ae                _initAIC3204
00000c7a                _initFFT
            00003230    _ledNum
000025e2                _main
00002185                _modf
000012cc                _sin
00000c50                _startAudioDma
00000c64                _stopAudioDma
            00003231    _sw1State
            00003232    _sw2State
ffffffff                binit
            00002ef0    cinit
            00000180    edata
            00003234    end
00002dc4                etext
000065f8                int0
00006600                int1
00006648                int10
00006650                int11
00006658                int12
00006660                int13
00006668                int14
00006670                int15
00006678                int16
00006680                int17
00006688                int18
00006690                int19
00006608                int2
00006698                int20
000066a0                int21
000066a8                int22
000066b0                int23
000066b8                int24
000066c0                int25
000066c8                int26
000066d0                int27
000066d8                int28
000066e0                int29
00006610                int3
00006618                int4
00006620                int5
00006628                int6
00006630                int7
00006638                int8
00006640                int9
000065f0                nmi
00001f4e                no_isr
ffffffff                pinit


GLOBAL SYMBOLS: SORTED BY Symbol Address 

abs. value/
byte addr   word addr   name
---------   ---------   ----
00000001                $TI_capability$C5500$MemoryModel
00000001                $TI_capability_requires_rev2
00000001                __TI_args_main
00000002                $TI_capability$C5500$CallingConvention
            00000060    _g_fftBuffer
            00000160    _g_twiddleTable
            00000180    .data
00000300                .text
            00000180    ___data__
            00000180    ___edata__
00000300                ___text__
00000300                __divd
            00000180    edata
000006c8                __addd
00000928                _cos
00000ba7                _configAudioDma
00000c50                _startAudioDma
00000c64                _stopAudioDma
00000c78                _changeTone
00000c7a                _initFFT
00000d13                __neqd
00000d47                __lssd
00000d8f                __leqd
00000ddc                __gtrd
00000e27                __geqd
00000e71                __eqld
00000ea5                __cmpd
00000f00                _MCBSP_reset
00001000                __SYSSTACK_SIZE
000010e8                _dmaRxIsr
000012a7                _dmaTxIsr
000012cc                _sin
000014aa                _fft
00001684                _AIC3204_rset
000016ae                _initAIC3204
0000183c                _I2C_write
000019c8                _DMA_reset
00001b50                _I2C_read
00001caa                __mpyd
00001e02                _EZDSP5502_I2CGPIO_configLine
00001e55                _EZDSP5502_I2CGPIO_readLine
00001e86                _EZDSP5502_I2CGPIO_writeLine
00001ed9                _EZDSP5502_I2CGPIO_read
00001f24                _EZDSP5502_I2CGPIO_write
00001f4e                no_isr
00001f50                _MCBSP_config
00002000                __STACK_SIZE
0000207c                _DMA_config
00002185                _modf
00002240                _MCBSP_open
000022f2                _EZDSP5502_MCBSP_init
00002330                _EZDSP5502_MCBSP_close
00002340                _EZDSP5502_MCBSP_write
0000236c                _EZDSP5502_MCBSP_read
0000239a                _bit_rev
0000243c                _DMA_open
000024d7                _IRQ_plug
00002560                _MCBSP_start
000025e2                _main
000025fd                _configPort
00002623                _checkSwitch
00002663                __frcmpyd
000026d9                __frcmpyd_div
0000274c                _I2C_config
000027cb                _EZDSP5502_wait
000027ff                _EZDSP5502_waitusec
00002811                _EZDSP5502_init
0000282a                __fixdli
00002899                _auto_init
00002904                _EZDSP5502_I2C_init
0000291f                _EZDSP5502_I2C_reset
00002929                _EZDSP5502_I2C_write
00002949                _EZDSP5502_I2C_read
0000296b                __fltlid
000029d0                _IRQ_disable
00002a2d                __nround
00002a88                _IRQ_enable
00002ae0                __fltuld
00002b36                _c_int00
00002b82                __args_main
00002bc2                __trunc
00002c04                _IRQ_clear
00002c3d                _exit
00002c78                _MCBSP_close
00002cac                _IRQ_setVecs
00002cd7                __fixdi
00002d01                __subd
00002d15                I$$LMPY
00002d15                __mpyli
00002d28                __register_unlock
00002d2f                __register_lock
00002d36                __nop
00002d38                __negd
00002d48                __fltud
00002d58                _IRQ_globalDisable
00002d68                _IRQ_globalEnable
00002d78                _CSL_init
00002d84                _IRQ_globalRestore
00002d90                __fltid
00002d9c                __CSL_init
00002da7                _abort
00002da8                C$$EXIT
00002db0                _MCBSP_read16
00002db8                _MCBSP_write16
00002dc0                _CSL5502_LIB_
00002dc4                ___etext__
00002dc4                etext
            000016f0    __stack
            000026f0    __STACK_END
            000026f0    __sysstack
            00002ef0    ___cinit__
            00002ef0    cinit
            00003060    _CSL_DmaData
            000030de    _CSL_McbspData
            00003144    _CSL_SysData
            000031f0    .bss
            000031f0    ___bss__
            000031f0    _dmaState
            000031f1    _dmaRxHandle
            000031f2    _dmaTxConfig
            00003204    _dmaTxHandle
            00003206    _dmaRxConfig
            00003228    __lock
            0000322a    __unlock
            0000322c    __cleanup_ptr
            0000322e    __dtors_ptr
            00003230    _ledNum
            00003231    _sw1State
            00003232    _sw2State
            00003233    _aicMcbsp
            00003234    ___end__
            00003234    _g_rxBuffer
            00003234    end
            00003294    _g_txBuffer
000065e8                _VECSTART
000065f0                nmi
000065f8                int0
00006600                int1
00006608                int2
00006610                int3
00006618                int4
00006620                int5
00006628                int6
00006630                int7
00006638                int8
00006640                int9
00006648                int10
00006650                int11
00006658                int12
00006660                int13
00006668                int14
00006670                int15
00006678                int16
00006680                int17
00006688                int18
00006690                int19
00006698                int20
000066a0                int21
000066a8                int22
000066b0                int23
000066b8                int24
000066c0                int25
000066c8                int26
000066d0                int27
000066d8                int28
000066e0                int29
0000fe00                _Reset
ffffffff                ___binit__
ffffffff                ___c_args__
ffffffff                ___pinit__
ffffffff                binit
ffffffff                pinit

[172 symbols]
