<?xml version="1.0"?>
<link_info>
   <banner>TMS320C55x Linker Unix v4.4.1</banner>
   <copyright>Copyright (c) 1996-2012 Texas Instruments Incorporated</copyright>
   <link_time>0x690e0381</link_time>
   <output_file>aic3204_dma_fft.out</output_file>
   <entry_point>
      <name>_c_int00</name>
      <address>0x2b36</address>
   </entry_point>
   <input_file_list>
      <input_file id="fl-2">
         <path>./</path>
         <kind>object</kind>
         <file>aic3204.obj</file>
         <name>aic3204.obj</name>
      </input_file>
      <input_file id="fl-3">
         <path>./</path>
         <kind>object</kind>
         <file>dma.obj</file>
         <name>dma.obj</name>
      </input_file>
      <input_file id="fl-4">
         <path>./</path>
         <kind>object</kind>
         <file>main.obj</file>
         <name>main.obj</name>
      </input_file>
      <input_file id="fl-5">
         <path>./</path>
         <kind>object</kind>
         <file>vectors_dma4.obj</file>
         <name>vectors_dma4.obj</name>
      </input_file>
      <input_file id="fl-6">
         <path>./fft/</path>
         <kind>object</kind>
         <file>ibit_rev.obj</file>
         <name>ibit_rev.obj</name>
      </input_file>
      <input_file id="fl-7">
         <path>./fft/</path>
         <kind>object</kind>
         <file>intrinsic_fft.obj</file>
         <name>intrinsic_fft.obj</name>
      </input_file>
      <input_file id="fl-8">
         <path>./include/</path>
         <kind>object</kind>
         <file>ezdsp5502.obj</file>
         <name>ezdsp5502.obj</name>
      </input_file>
      <input_file id="fl-9">
         <path>./include/</path>
         <kind>object</kind>
         <file>ezdsp5502_i2c.obj</file>
         <name>ezdsp5502_i2c.obj</name>
      </input_file>
      <input_file id="fl-a">
         <path>./include/</path>
         <kind>object</kind>
         <file>ezdsp5502_i2cgpio.obj</file>
         <name>ezdsp5502_i2cgpio.obj</name>
      </input_file>
      <input_file id="fl-b">
         <path>./include/</path>
         <kind>object</kind>
         <file>ezdsp5502_mcbsp.obj</file>
         <name>ezdsp5502_mcbsp.obj</name>
      </input_file>
      <input_file id="fl-23">
         <path>/home/caco/ti/ccs1281/ccs/tools/compiler/c5500_4.4.1/lib/</path>
         <kind>archive</kind>
         <file>rts55.lib</file>
         <name>boot.obj</name>
      </input_file>
      <input_file id="fl-24">
         <path>/home/caco/ti/ccs1281/ccs/tools/compiler/c5500_4.4.1/lib/</path>
         <kind>archive</kind>
         <file>rts55.lib</file>
         <name>cos.obj</name>
      </input_file>
      <input_file id="fl-25">
         <path>/home/caco/ti/ccs1281/ccs/tools/compiler/c5500_4.4.1/lib/</path>
         <kind>archive</kind>
         <file>rts55.lib</file>
         <name>divd.obj</name>
      </input_file>
      <input_file id="fl-26">
         <path>/home/caco/ti/ccs1281/ccs/tools/compiler/c5500_4.4.1/lib/</path>
         <kind>archive</kind>
         <file>rts55.lib</file>
         <name>exit.obj</name>
      </input_file>
      <input_file id="fl-27">
         <path>/home/caco/ti/ccs1281/ccs/tools/compiler/c5500_4.4.1/lib/</path>
         <kind>archive</kind>
         <file>rts55.lib</file>
         <name>fixdi.obj</name>
      </input_file>
      <input_file id="fl-28">
         <path>/home/caco/ti/ccs1281/ccs/tools/compiler/c5500_4.4.1/lib/</path>
         <kind>archive</kind>
         <file>rts55.lib</file>
         <name>fixdli.obj</name>
      </input_file>
      <input_file id="fl-29">
         <path>/home/caco/ti/ccs1281/ccs/tools/compiler/c5500_4.4.1/lib/</path>
         <kind>archive</kind>
         <file>rts55.lib</file>
         <name>fltid.obj</name>
      </input_file>
      <input_file id="fl-2a">
         <path>/home/caco/ti/ccs1281/ccs/tools/compiler/c5500_4.4.1/lib/</path>
         <kind>archive</kind>
         <file>rts55.lib</file>
         <name>fltlid.obj</name>
      </input_file>
      <input_file id="fl-2b">
         <path>/home/caco/ti/ccs1281/ccs/tools/compiler/c5500_4.4.1/lib/</path>
         <kind>archive</kind>
         <file>rts55.lib</file>
         <name>fltud.obj</name>
      </input_file>
      <input_file id="fl-2c">
         <path>/home/caco/ti/ccs1281/ccs/tools/compiler/c5500_4.4.1/lib/</path>
         <kind>archive</kind>
         <file>rts55.lib</file>
         <name>fltuld.obj</name>
      </input_file>
      <input_file id="fl-2d">
         <path>/home/caco/ti/ccs1281/ccs/tools/compiler/c5500_4.4.1/lib/</path>
         <kind>archive</kind>
         <file>rts55.lib</file>
         <name>frcmpyd_div.obj</name>
      </input_file>
      <input_file id="fl-2e">
         <path>/home/caco/ti/ccs1281/ccs/tools/compiler/c5500_4.4.1/lib/</path>
         <kind>archive</kind>
         <file>rts55.lib</file>
         <name>lmpy.obj</name>
      </input_file>
      <input_file id="fl-2f">
         <path>/home/caco/ti/ccs1281/ccs/tools/compiler/c5500_4.4.1/lib/</path>
         <kind>archive</kind>
         <file>rts55.lib</file>
         <name>modf.obj</name>
      </input_file>
      <input_file id="fl-30">
         <path>/home/caco/ti/ccs1281/ccs/tools/compiler/c5500_4.4.1/lib/</path>
         <kind>archive</kind>
         <file>rts55.lib</file>
         <name>mpyd.obj</name>
      </input_file>
      <input_file id="fl-31">
         <path>/home/caco/ti/ccs1281/ccs/tools/compiler/c5500_4.4.1/lib/</path>
         <kind>archive</kind>
         <file>rts55.lib</file>
         <name>negd.obj</name>
      </input_file>
      <input_file id="fl-32">
         <path>/home/caco/ti/ccs1281/ccs/tools/compiler/c5500_4.4.1/lib/</path>
         <kind>archive</kind>
         <file>rts55.lib</file>
         <name>round.obj</name>
      </input_file>
      <input_file id="fl-33">
         <path>/home/caco/ti/ccs1281/ccs/tools/compiler/c5500_4.4.1/lib/</path>
         <kind>archive</kind>
         <file>rts55.lib</file>
         <name>sin.obj</name>
      </input_file>
      <input_file id="fl-34">
         <path>/home/caco/ti/ccs1281/ccs/tools/compiler/c5500_4.4.1/lib/</path>
         <kind>archive</kind>
         <file>rts55.lib</file>
         <name>subd.obj</name>
      </input_file>
      <input_file id="fl-35">
         <path>/home/caco/ti/ccs1281/ccs/tools/compiler/c5500_4.4.1/lib/</path>
         <kind>archive</kind>
         <file>rts55.lib</file>
         <name>trunc.obj</name>
      </input_file>
      <input_file id="fl-36">
         <path>/home/caco/ti/ccs1281/ccs/tools/compiler/c5500_4.4.1/lib/</path>
         <kind>archive</kind>
         <file>rts55.lib</file>
         <name>vectors.obj</name>
      </input_file>
      <input_file id="fl-37">
         <path>/home/caco/ti/ccs1281/ccs/tools/compiler/c5500_4.4.1/lib/</path>
         <kind>archive</kind>
         <file>rts55.lib</file>
         <name>_lock.obj</name>
      </input_file>
      <input_file id="fl-38">
         <path>/home/caco/ti/ccs1281/ccs/tools/compiler/c5500_4.4.1/lib/</path>
         <kind>archive</kind>
         <file>rts55.lib</file>
         <name>addd.obj</name>
      </input_file>
      <input_file id="fl-39">
         <path>/home/caco/ti/ccs1281/ccs/tools/compiler/c5500_4.4.1/lib/</path>
         <kind>archive</kind>
         <file>rts55.lib</file>
         <name>args_main.obj</name>
      </input_file>
      <input_file id="fl-3a">
         <path>/home/caco/ti/ccs1281/ccs/tools/compiler/c5500_4.4.1/lib/</path>
         <kind>archive</kind>
         <file>rts55.lib</file>
         <name>autoinit.obj</name>
      </input_file>
      <input_file id="fl-3b">
         <path>/home/caco/ti/ccs1281/ccs/tools/compiler/c5500_4.4.1/lib/</path>
         <kind>archive</kind>
         <file>rts55.lib</file>
         <name>cmpd.obj</name>
      </input_file>
      <input_file id="fl-3c">
         <path>/home/caco/ti/ccs1281/ccs/tools/compiler/c5500_4.4.1/lib/</path>
         <kind>archive</kind>
         <file>rts55.lib</file>
         <name>frcmpyd.obj</name>
      </input_file>
      <input_file id="fl-3d">
         <path>/home/caco/Área de trabalho/EngComp/LABIII/ezdsp5502_BSL_RevC/ezdsp5502_v1/C55xxCSL/lib/</path>
         <kind>archive</kind>
         <file>csl5502.lib</file>
         <name>_csl_init.obj</name>
      </input_file>
      <input_file id="fl-3e">
         <path>/home/caco/Área de trabalho/EngComp/LABIII/ezdsp5502_BSL_RevC/ezdsp5502_v1/C55xxCSL/lib/</path>
         <kind>archive</kind>
         <file>csl5502.lib</file>
         <name>csl.obj</name>
      </input_file>
      <input_file id="fl-3f">
         <path>/home/caco/Área de trabalho/EngComp/LABIII/ezdsp5502_BSL_RevC/ezdsp5502_v1/C55xxCSL/lib/</path>
         <kind>archive</kind>
         <file>csl5502.lib</file>
         <name>csl_csldat.obj</name>
      </input_file>
      <input_file id="fl-40">
         <path>/home/caco/Área de trabalho/EngComp/LABIII/ezdsp5502_BSL_RevC/ezdsp5502_v1/C55xxCSL/lib/</path>
         <kind>archive</kind>
         <file>csl5502.lib</file>
         <name>dma_cfg.obj</name>
      </input_file>
      <input_file id="fl-41">
         <path>/home/caco/Área de trabalho/EngComp/LABIII/ezdsp5502_BSL_RevC/ezdsp5502_v1/C55xxCSL/lib/</path>
         <kind>archive</kind>
         <file>csl5502.lib</file>
         <name>dma_open.obj</name>
      </input_file>
      <input_file id="fl-42">
         <path>/home/caco/Área de trabalho/EngComp/LABIII/ezdsp5502_BSL_RevC/ezdsp5502_v1/C55xxCSL/lib/</path>
         <kind>archive</kind>
         <file>csl5502.lib</file>
         <name>dma_reset.obj</name>
      </input_file>
      <input_file id="fl-43">
         <path>/home/caco/Área de trabalho/EngComp/LABIII/ezdsp5502_BSL_RevC/ezdsp5502_v1/C55xxCSL/lib/</path>
         <kind>archive</kind>
         <file>csl5502.lib</file>
         <name>i2c_cfg.obj</name>
      </input_file>
      <input_file id="fl-44">
         <path>/home/caco/Área de trabalho/EngComp/LABIII/ezdsp5502_BSL_RevC/ezdsp5502_v1/C55xxCSL/lib/</path>
         <kind>archive</kind>
         <file>csl5502.lib</file>
         <name>i2c_read.obj</name>
      </input_file>
      <input_file id="fl-45">
         <path>/home/caco/Área de trabalho/EngComp/LABIII/ezdsp5502_BSL_RevC/ezdsp5502_v1/C55xxCSL/lib/</path>
         <kind>archive</kind>
         <file>csl5502.lib</file>
         <name>i2c_write.obj</name>
      </input_file>
      <input_file id="fl-46">
         <path>/home/caco/Área de trabalho/EngComp/LABIII/ezdsp5502_BSL_RevC/ezdsp5502_v1/C55xxCSL/lib/</path>
         <kind>archive</kind>
         <file>csl5502.lib</file>
         <name>irq_clear.obj</name>
      </input_file>
      <input_file id="fl-47">
         <path>/home/caco/Área de trabalho/EngComp/LABIII/ezdsp5502_BSL_RevC/ezdsp5502_v1/C55xxCSL/lib/</path>
         <kind>archive</kind>
         <file>csl5502.lib</file>
         <name>irq_disa.obj</name>
      </input_file>
      <input_file id="fl-48">
         <path>/home/caco/Área de trabalho/EngComp/LABIII/ezdsp5502_BSL_RevC/ezdsp5502_v1/C55xxCSL/lib/</path>
         <kind>archive</kind>
         <file>csl5502.lib</file>
         <name>irq_enab.obj</name>
      </input_file>
      <input_file id="fl-49">
         <path>/home/caco/Área de trabalho/EngComp/LABIII/ezdsp5502_BSL_RevC/ezdsp5502_v1/C55xxCSL/lib/</path>
         <kind>archive</kind>
         <file>csl5502.lib</file>
         <name>irq_gdisab.obj</name>
      </input_file>
      <input_file id="fl-4a">
         <path>/home/caco/Área de trabalho/EngComp/LABIII/ezdsp5502_BSL_RevC/ezdsp5502_v1/C55xxCSL/lib/</path>
         <kind>archive</kind>
         <file>csl5502.lib</file>
         <name>irq_genab.obj</name>
      </input_file>
      <input_file id="fl-4b">
         <path>/home/caco/Área de trabalho/EngComp/LABIII/ezdsp5502_BSL_RevC/ezdsp5502_v1/C55xxCSL/lib/</path>
         <kind>archive</kind>
         <file>csl5502.lib</file>
         <name>irq_grest.obj</name>
      </input_file>
      <input_file id="fl-4c">
         <path>/home/caco/Área de trabalho/EngComp/LABIII/ezdsp5502_BSL_RevC/ezdsp5502_v1/C55xxCSL/lib/</path>
         <kind>archive</kind>
         <file>csl5502.lib</file>
         <name>irq_pluga.obj</name>
      </input_file>
      <input_file id="fl-4d">
         <path>/home/caco/Área de trabalho/EngComp/LABIII/ezdsp5502_BSL_RevC/ezdsp5502_v1/C55xxCSL/lib/</path>
         <kind>archive</kind>
         <file>csl5502.lib</file>
         <name>irq_setvecs.obj</name>
      </input_file>
      <input_file id="fl-4e">
         <path>/home/caco/Área de trabalho/EngComp/LABIII/ezdsp5502_BSL_RevC/ezdsp5502_v1/C55xxCSL/lib/</path>
         <kind>archive</kind>
         <file>csl5502.lib</file>
         <name>mcbsp_cfg.obj</name>
      </input_file>
      <input_file id="fl-4f">
         <path>/home/caco/Área de trabalho/EngComp/LABIII/ezdsp5502_BSL_RevC/ezdsp5502_v1/C55xxCSL/lib/</path>
         <kind>archive</kind>
         <file>csl5502.lib</file>
         <name>mcbsp_cls.obj</name>
      </input_file>
      <input_file id="fl-50">
         <path>/home/caco/Área de trabalho/EngComp/LABIII/ezdsp5502_BSL_RevC/ezdsp5502_v1/C55xxCSL/lib/</path>
         <kind>archive</kind>
         <file>csl5502.lib</file>
         <name>mcbsp_open.obj</name>
      </input_file>
      <input_file id="fl-51">
         <path>/home/caco/Área de trabalho/EngComp/LABIII/ezdsp5502_BSL_RevC/ezdsp5502_v1/C55xxCSL/lib/</path>
         <kind>archive</kind>
         <file>csl5502.lib</file>
         <name>mcbsp_r16.obj</name>
      </input_file>
      <input_file id="fl-52">
         <path>/home/caco/Área de trabalho/EngComp/LABIII/ezdsp5502_BSL_RevC/ezdsp5502_v1/C55xxCSL/lib/</path>
         <kind>archive</kind>
         <file>csl5502.lib</file>
         <name>mcbsp_rst.obj</name>
      </input_file>
      <input_file id="fl-53">
         <path>/home/caco/Área de trabalho/EngComp/LABIII/ezdsp5502_BSL_RevC/ezdsp5502_v1/C55xxCSL/lib/</path>
         <kind>archive</kind>
         <file>csl5502.lib</file>
         <name>mcbsp_start.obj</name>
      </input_file>
      <input_file id="fl-54">
         <path>/home/caco/Área de trabalho/EngComp/LABIII/ezdsp5502_BSL_RevC/ezdsp5502_v1/C55xxCSL/lib/</path>
         <kind>archive</kind>
         <file>csl5502.lib</file>
         <name>mcbsp_w16.obj</name>
      </input_file>
      <input_file id="fl-55">
         <path>/home/caco/Área de trabalho/EngComp/LABIII/ezdsp5502_BSL_RevC/ezdsp5502_v1/C55xxCSL/lib/</path>
         <kind>archive</kind>
         <file>csl5502.lib</file>
         <name>csl_dmadat.obj</name>
      </input_file>
      <input_file id="fl-56">
         <path>/home/caco/Área de trabalho/EngComp/LABIII/ezdsp5502_BSL_RevC/ezdsp5502_v1/C55xxCSL/lib/</path>
         <kind>archive</kind>
         <file>csl5502.lib</file>
         <name>csl_mcbspdat.obj</name>
      </input_file>
   </input_file_list>
   <object_component_list>
      <object_component id="oc-5a">
         <name>.text</name>
         <load_address>0x300</load_address>
         <run_address>0x300</run_address>
         <size>0x3c8</size>
         <input_file_ref idref="fl-25"/>
      </object_component>
      <object_component id="oc-b3">
         <name>.text</name>
         <load_address>0x6c8</load_address>
         <run_address>0x6c8</run_address>
         <size>0x260</size>
         <input_file_ref idref="fl-38"/>
      </object_component>
      <object_component id="oc-53">
         <name>.text</name>
         <load_address>0x928</load_address>
         <run_address>0x928</run_address>
         <size>0x1fc</size>
         <input_file_ref idref="fl-24"/>
      </object_component>
      <object_component id="oc-19">
         <name>.text</name>
         <load_address>0xb24</load_address>
         <run_address>0xb24</run_address>
         <size>0x1ef</size>
         <input_file_ref idref="fl-3"/>
      </object_component>
      <object_component id="oc-bf">
         <name>.text</name>
         <load_address>0xd13</load_address>
         <run_address>0xd13</run_address>
         <size>0x1ea</size>
         <input_file_ref idref="fl-3b"/>
      </object_component>
      <object_component id="oc-a9">
         <name>.text</name>
         <load_address>0xefd</load_address>
         <run_address>0xefd</run_address>
         <size>0x2</size>
         <input_file_ref idref="fl-36"/>
      </object_component>
      <object_component id="oc-de">
         <name>.text:MCBSP_reset</name>
         <load_address>0xf00</load_address>
         <run_address>0xf00</run_address>
         <size>0x1e8</size>
         <input_file_ref idref="fl-52"/>
      </object_component>
      <object_component id="oc-1f">
         <name>.text:retain</name>
         <load_address>0x10e8</load_address>
         <run_address>0x10e8</run_address>
         <size>0x1e4</size>
         <input_file_ref idref="fl-3"/>
      </object_component>
      <object_component id="oc-99">
         <name>.text</name>
         <load_address>0x12cc</load_address>
         <run_address>0x12cc</run_address>
         <size>0x1de</size>
         <input_file_ref idref="fl-33"/>
      </object_component>
      <object_component id="oc-35">
         <name>.text</name>
         <load_address>0x14aa</load_address>
         <run_address>0x14aa</run_address>
         <size>0x1da</size>
         <input_file_ref idref="fl-7"/>
      </object_component>
      <object_component id="oc-14">
         <name>.text</name>
         <load_address>0x1684</load_address>
         <run_address>0x1684</run_address>
         <size>0x1b8</size>
         <input_file_ref idref="fl-2"/>
      </object_component>
      <object_component id="oc-d1">
         <name>.text:I2C_write</name>
         <load_address>0x183c</load_address>
         <run_address>0x183c</run_address>
         <size>0x18b</size>
         <input_file_ref idref="fl-45"/>
      </object_component>
      <object_component id="oc-ce">
         <name>.text:DMA_reset</name>
         <load_address>0x19c8</load_address>
         <run_address>0x19c8</run_address>
         <size>0x187</size>
         <input_file_ref idref="fl-42"/>
      </object_component>
      <object_component id="oc-d0">
         <name>.text:I2C_read</name>
         <load_address>0x1b50</load_address>
         <run_address>0x1b50</run_address>
         <size>0x15a</size>
         <input_file_ref idref="fl-44"/>
      </object_component>
      <object_component id="oc-8c">
         <name>.text</name>
         <load_address>0x1caa</load_address>
         <run_address>0x1caa</run_address>
         <size>0x158</size>
         <input_file_ref idref="fl-30"/>
      </object_component>
      <object_component id="oc-44">
         <name>.text</name>
         <load_address>0x1e02</load_address>
         <run_address>0x1e02</run_address>
         <size>0x14c</size>
         <input_file_ref idref="fl-a"/>
      </object_component>
      <object_component id="oc-2b">
         <name>.text</name>
         <load_address>0x1f4e</load_address>
         <run_address>0x1f4e</run_address>
         <size>0x2</size>
         <input_file_ref idref="fl-5"/>
      </object_component>
      <object_component id="oc-da">
         <name>.text:MCBSP_config</name>
         <load_address>0x1f50</load_address>
         <run_address>0x1f50</run_address>
         <size>0x12b</size>
         <input_file_ref idref="fl-4e"/>
      </object_component>
      <object_component id="oc-cc">
         <name>.text:DMA_config</name>
         <load_address>0x207c</load_address>
         <run_address>0x207c</run_address>
         <size>0x109</size>
         <input_file_ref idref="fl-40"/>
      </object_component>
      <object_component id="oc-87">
         <name>.text</name>
         <load_address>0x2185</load_address>
         <run_address>0x2185</run_address>
         <size>0xb9</size>
         <input_file_ref idref="fl-2f"/>
      </object_component>
      <object_component id="oc-dc">
         <name>.text:MCBSP_open</name>
         <load_address>0x2240</load_address>
         <run_address>0x2240</run_address>
         <size>0xb2</size>
         <input_file_ref idref="fl-50"/>
      </object_component>
      <object_component id="oc-49">
         <name>.text</name>
         <load_address>0x22f2</load_address>
         <run_address>0x22f2</run_address>
         <size>0xa8</size>
         <input_file_ref idref="fl-b"/>
      </object_component>
      <object_component id="oc-30">
         <name>.text</name>
         <load_address>0x239a</load_address>
         <run_address>0x239a</run_address>
         <size>0x9f</size>
         <input_file_ref idref="fl-6"/>
      </object_component>
      <object_component id="oc-cd">
         <name>.text:DMA_open</name>
         <load_address>0x243c</load_address>
         <run_address>0x243c</run_address>
         <size>0x9b</size>
         <input_file_ref idref="fl-41"/>
      </object_component>
      <object_component id="oc-d8">
         <name>.text</name>
         <load_address>0x24d7</load_address>
         <run_address>0x24d7</run_address>
         <size>0x89</size>
         <input_file_ref idref="fl-4c"/>
      </object_component>
      <object_component id="oc-df">
         <name>.text:MCBSP_start</name>
         <load_address>0x2560</load_address>
         <run_address>0x2560</run_address>
         <size>0x82</size>
         <input_file_ref idref="fl-53"/>
      </object_component>
      <object_component id="oc-24">
         <name>.text</name>
         <load_address>0x25e2</load_address>
         <run_address>0x25e2</run_address>
         <size>0x81</size>
         <input_file_ref idref="fl-4"/>
      </object_component>
      <object_component id="oc-c3">
         <name>.text</name>
         <load_address>0x2663</load_address>
         <run_address>0x2663</run_address>
         <size>0x76</size>
         <input_file_ref idref="fl-3c"/>
      </object_component>
      <object_component id="oc-7f">
         <name>.text</name>
         <load_address>0x26d9</load_address>
         <run_address>0x26d9</run_address>
         <size>0x73</size>
         <input_file_ref idref="fl-2d"/>
      </object_component>
      <object_component id="oc-cf">
         <name>.text:I2C_config</name>
         <load_address>0x274c</load_address>
         <run_address>0x274c</run_address>
         <size>0x6f</size>
         <input_file_ref idref="fl-43"/>
      </object_component>
      <object_component id="oc-3a">
         <name>.text</name>
         <load_address>0x27bb</load_address>
         <run_address>0x27bb</run_address>
         <size>0x6f</size>
         <input_file_ref idref="fl-8"/>
      </object_component>
      <object_component id="oc-69">
         <name>.text</name>
         <load_address>0x282a</load_address>
         <run_address>0x282a</run_address>
         <size>0x6f</size>
         <input_file_ref idref="fl-28"/>
      </object_component>
      <object_component id="oc-bb">
         <name>.text</name>
         <load_address>0x2899</load_address>
         <run_address>0x2899</run_address>
         <size>0x6b</size>
         <input_file_ref idref="fl-3a"/>
      </object_component>
      <object_component id="oc-3f">
         <name>.text</name>
         <load_address>0x2904</load_address>
         <run_address>0x2904</run_address>
         <size>0x67</size>
         <input_file_ref idref="fl-9"/>
      </object_component>
      <object_component id="oc-71">
         <name>.text</name>
         <load_address>0x296b</load_address>
         <run_address>0x296b</run_address>
         <size>0x62</size>
         <input_file_ref idref="fl-2a"/>
      </object_component>
      <object_component id="oc-d3">
         <name>.text:IRQ_disable</name>
         <load_address>0x29d0</load_address>
         <run_address>0x29d0</run_address>
         <size>0x5d</size>
         <input_file_ref idref="fl-47"/>
      </object_component>
      <object_component id="oc-94">
         <name>.text</name>
         <load_address>0x2a2d</load_address>
         <run_address>0x2a2d</run_address>
         <size>0x5a</size>
         <input_file_ref idref="fl-32"/>
      </object_component>
      <object_component id="oc-d4">
         <name>.text:IRQ_enable</name>
         <load_address>0x2a88</load_address>
         <run_address>0x2a88</run_address>
         <size>0x58</size>
         <input_file_ref idref="fl-48"/>
      </object_component>
      <object_component id="oc-7a">
         <name>.text</name>
         <load_address>0x2ae0</load_address>
         <run_address>0x2ae0</run_address>
         <size>0x56</size>
         <input_file_ref idref="fl-2c"/>
      </object_component>
      <object_component id="oc-12">
         <name>.text</name>
         <load_address>0x2b36</load_address>
         <run_address>0x2b36</run_address>
         <size>0x4c</size>
         <input_file_ref idref="fl-23"/>
      </object_component>
      <object_component id="oc-b7">
         <name>.text</name>
         <load_address>0x2b82</load_address>
         <run_address>0x2b82</run_address>
         <size>0x40</size>
         <input_file_ref idref="fl-39"/>
      </object_component>
      <object_component id="oc-a4">
         <name>.text</name>
         <load_address>0x2bc2</load_address>
         <run_address>0x2bc2</run_address>
         <size>0x3f</size>
         <input_file_ref idref="fl-35"/>
      </object_component>
      <object_component id="oc-d2">
         <name>.text:IRQ_clear</name>
         <load_address>0x2c04</load_address>
         <run_address>0x2c04</run_address>
         <size>0x39</size>
         <input_file_ref idref="fl-46"/>
      </object_component>
      <object_component id="oc-5e">
         <name>.text</name>
         <load_address>0x2c3d</load_address>
         <run_address>0x2c3d</run_address>
         <size>0x38</size>
         <input_file_ref idref="fl-26"/>
      </object_component>
      <object_component id="oc-db">
         <name>.text:MCBSP_close</name>
         <load_address>0x2c78</load_address>
         <run_address>0x2c78</run_address>
         <size>0x31</size>
         <input_file_ref idref="fl-4f"/>
      </object_component>
      <object_component id="oc-d9">
         <name>.text:IRQ_setVecs</name>
         <load_address>0x2cac</load_address>
         <run_address>0x2cac</run_address>
         <size>0x2b</size>
         <input_file_ref idref="fl-4d"/>
      </object_component>
      <object_component id="oc-65">
         <name>.text</name>
         <load_address>0x2cd7</load_address>
         <run_address>0x2cd7</run_address>
         <size>0x2a</size>
         <input_file_ref idref="fl-27"/>
      </object_component>
      <object_component id="oc-a0">
         <name>.text</name>
         <load_address>0x2d01</load_address>
         <run_address>0x2d01</run_address>
         <size>0x14</size>
         <input_file_ref idref="fl-34"/>
      </object_component>
      <object_component id="oc-83">
         <name>.text</name>
         <load_address>0x2d15</load_address>
         <run_address>0x2d15</run_address>
         <size>0x13</size>
         <input_file_ref idref="fl-2e"/>
      </object_component>
      <object_component id="oc-ad">
         <name>.text</name>
         <load_address>0x2d28</load_address>
         <run_address>0x2d28</run_address>
         <size>0x10</size>
         <input_file_ref idref="fl-37"/>
      </object_component>
      <object_component id="oc-90">
         <name>.text</name>
         <load_address>0x2d38</load_address>
         <run_address>0x2d38</run_address>
         <size>0x10</size>
         <input_file_ref idref="fl-31"/>
      </object_component>
      <object_component id="oc-76">
         <name>.text</name>
         <load_address>0x2d48</load_address>
         <run_address>0x2d48</run_address>
         <size>0xe</size>
         <input_file_ref idref="fl-2b"/>
      </object_component>
      <object_component id="oc-d5">
         <name>.text:IRQ_globalDisable</name>
         <load_address>0x2d58</load_address>
         <run_address>0x2d58</run_address>
         <size>0xd</size>
         <input_file_ref idref="fl-49"/>
      </object_component>
      <object_component id="oc-d6">
         <name>.text:IRQ_globalEnable</name>
         <load_address>0x2d68</load_address>
         <run_address>0x2d68</run_address>
         <size>0xd</size>
         <input_file_ref idref="fl-4a"/>
      </object_component>
      <object_component id="oc-c9">
         <name>.text:CSL_init</name>
         <load_address>0x2d78</load_address>
         <run_address>0x2d78</run_address>
         <size>0xc</size>
         <input_file_ref idref="fl-3e"/>
      </object_component>
      <object_component id="oc-d7">
         <name>.text:IRQ_globalRestore</name>
         <load_address>0x2d84</load_address>
         <run_address>0x2d84</run_address>
         <size>0xc</size>
         <input_file_ref idref="fl-4b"/>
      </object_component>
      <object_component id="oc-6d">
         <name>.text</name>
         <load_address>0x2d90</load_address>
         <run_address>0x2d90</run_address>
         <size>0xc</size>
         <input_file_ref idref="fl-29"/>
      </object_component>
      <object_component id="oc-c7">
         <name>.text:_CSL_init</name>
         <load_address>0x2d9c</load_address>
         <run_address>0x2d9c</run_address>
         <size>0xb</size>
         <input_file_ref idref="fl-3d"/>
      </object_component>
      <object_component id="oc-62">
         <name>.text:CIO_breakpoint</name>
         <load_address>0x2da7</load_address>
         <run_address>0x2da7</run_address>
         <size>0x7</size>
         <input_file_ref idref="fl-26"/>
      </object_component>
      <object_component id="oc-dd">
         <name>.text:MCBSP_read16</name>
         <load_address>0x2db0</load_address>
         <run_address>0x2db0</run_address>
         <size>0x7</size>
         <input_file_ref idref="fl-51"/>
      </object_component>
      <object_component id="oc-e0">
         <name>.text:MCBSP_write16</name>
         <load_address>0x2db8</load_address>
         <run_address>0x2db8</run_address>
         <size>0x7</size>
         <input_file_ref idref="fl-54"/>
      </object_component>
      <object_component id="oc-c8">
         <name>.text</name>
         <load_address>0x2dc0</load_address>
         <run_address>0x2dc0</run_address>
         <size>0x2</size>
         <input_file_ref idref="fl-3e"/>
      </object_component>
      <object_component id="oc-4f">
         <name>.stack</name>
         <load_address>0x2de0</load_address>
         <run_address>0x2de0</run_address>
         <size>0x0</size>
         <input_file_ref idref="fl-23"/>
      </object_component>
      <object_component id="oc-107">
         <name>.stack</name>
         <load_address>0x2de0</load_address>
         <run_address>0x2de0</run_address>
         <size>0x0</size>
      </object_component>
      <object_component id="oc-e5">
         <name>.sysstack</name>
         <load_address>0x4de0</load_address>
         <run_address>0x4de0</run_address>
         <size>0x0</size>
         <input_file_ref idref="fl-23"/>
      </object_component>
      <object_component id="oc-108">
         <name>.sysstack</name>
         <load_address>0x4de0</load_address>
         <run_address>0x4de0</run_address>
         <size>0x0</size>
      </object_component>
      <object_component id="oc-e2">
         <name>.csldata:DMA_data</name>
         <load_address>0x60c0</load_address>
         <run_address>0x60c0</run_address>
         <size>0xfc</size>
         <input_file_ref idref="fl-55"/>
      </object_component>
      <object_component id="oc-e4">
         <name>.csldata:MCBSP_data</name>
         <load_address>0x61bc</load_address>
         <run_address>0x61bc</run_address>
         <size>0xcc</size>
         <input_file_ref idref="fl-56"/>
      </object_component>
      <object_component id="oc-cb">
         <name>.csldata:SYS_data</name>
         <load_address>0x6288</load_address>
         <run_address>0x6288</run_address>
         <size>0x40</size>
         <input_file_ref idref="fl-3f"/>
      </object_component>
      <object_component id="oc-1a">
         <name>.bss</name>
         <load_address>0x63e0</load_address>
         <run_address>0x63e0</run_address>
         <size>0x50</size>
         <input_file_ref idref="fl-3"/>
      </object_component>
      <object_component id="oc-54">
         <name>.bss</name>
         <load_address>0x6430</load_address>
         <run_address>0x6430</run_address>
         <size>0x10</size>
         <input_file_ref idref="fl-24"/>
      </object_component>
      <object_component id="oc-9a">
         <name>.bss</name>
         <load_address>0x6440</load_address>
         <run_address>0x6440</run_address>
         <size>0x10</size>
         <input_file_ref idref="fl-33"/>
      </object_component>
      <object_component id="oc-ae">
         <name>.bss</name>
         <load_address>0x6450</load_address>
         <run_address>0x6450</run_address>
         <size>0x8</size>
         <input_file_ref idref="fl-37"/>
      </object_component>
      <object_component id="oc-5f">
         <name>.bss</name>
         <load_address>0x6458</load_address>
         <run_address>0x6458</run_address>
         <size>0x8</size>
         <input_file_ref idref="fl-26"/>
      </object_component>
      <object_component id="oc-25">
         <name>.bss</name>
         <load_address>0x6460</load_address>
         <run_address>0x6460</run_address>
         <size>0x6</size>
         <input_file_ref idref="fl-4"/>
      </object_component>
      <object_component id="oc-4a">
         <name>.bss</name>
         <load_address>0x6466</load_address>
         <run_address>0x6466</run_address>
         <size>0x2</size>
         <input_file_ref idref="fl-b"/>
      </object_component>
      <object_component id="oc-e7">
         <name>.const:_$P$T0$1</name>
         <load_address>0x62e0</load_address>
         <run_address>0x62e0</run_address>
         <size>0x36</size>
         <input_file_ref idref="fl-b"/>
      </object_component>
      <object_component id="oc-57">
         <name>.const</name>
         <load_address>0x6318</load_address>
         <run_address>0x6318</run_address>
         <size>0x2c</size>
         <input_file_ref idref="fl-24"/>
      </object_component>
      <object_component id="oc-9d">
         <name>.const</name>
         <load_address>0x6344</load_address>
         <run_address>0x6344</run_address>
         <size>0x28</size>
         <input_file_ref idref="fl-33"/>
      </object_component>
      <object_component id="oc-e6">
         <name>.const:_$P$T0$1</name>
         <load_address>0x636c</load_address>
         <run_address>0x636c</run_address>
         <size>0x14</size>
         <input_file_ref idref="fl-9"/>
      </object_component>
      <object_component id="oc-e8">
         <name>.const:_initial_approx$1</name>
         <load_address>0x6380</load_address>
         <run_address>0x6380</run_address>
         <size>0x10</size>
         <input_file_ref idref="fl-25"/>
      </object_component>
      <object_component id="oc-96">
         <name>.const</name>
         <load_address>0x6390</load_address>
         <run_address>0x6390</run_address>
         <size>0x10</size>
         <input_file_ref idref="fl-32"/>
      </object_component>
      <object_component id="oc-89">
         <name>.const</name>
         <load_address>0x63a0</load_address>
         <run_address>0x63a0</run_address>
         <size>0xc</size>
         <input_file_ref idref="fl-2f"/>
      </object_component>
      <object_component id="oc-20">
         <name>.const</name>
         <load_address>0x63ac</load_address>
         <run_address>0x63ac</run_address>
         <size>0x8</size>
         <input_file_ref idref="fl-3"/>
      </object_component>
      <object_component id="oc-a6">
         <name>.const</name>
         <load_address>0x63b4</load_address>
         <run_address>0x63b4</run_address>
         <size>0x8</size>
         <input_file_ref idref="fl-35"/>
      </object_component>
      <object_component id="oc-73">
         <name>.const</name>
         <load_address>0x63bc</load_address>
         <run_address>0x63bc</run_address>
         <size>0x4</size>
         <input_file_ref idref="fl-2a"/>
      </object_component>
      <object_component id="oc-7c">
         <name>.const</name>
         <load_address>0x63c0</load_address>
         <run_address>0x63c0</run_address>
         <size>0x4</size>
         <input_file_ref idref="fl-2c"/>
      </object_component>
      <object_component id="oc-e1">
         <name>.cinit</name>
         <load_address>0x5de0</load_address>
         <run_address>0x5de0</run_address>
         <size>0x102</size>
         <input_file_ref idref="fl-55"/>
      </object_component>
      <object_component id="oc-e3">
         <name>.cinit</name>
         <load_address>0x5ee2</load_address>
         <run_address>0x5ee2</run_address>
         <size>0xd2</size>
         <input_file_ref idref="fl-56"/>
      </object_component>
      <object_component id="oc-1c">
         <name>.cinit</name>
         <load_address>0x5fb4</load_address>
         <run_address>0x5fb4</run_address>
         <size>0x58</size>
         <input_file_ref idref="fl-3"/>
      </object_component>
      <object_component id="oc-ca">
         <name>.cinit</name>
         <load_address>0x600c</load_address>
         <run_address>0x600c</run_address>
         <size>0x46</size>
         <input_file_ref idref="fl-3f"/>
      </object_component>
      <object_component id="oc-27">
         <name>.cinit</name>
         <load_address>0x6052</load_address>
         <run_address>0x6052</run_address>
         <size>0x18</size>
         <input_file_ref idref="fl-4"/>
      </object_component>
      <object_component id="oc-56">
         <name>.cinit</name>
         <load_address>0x606a</load_address>
         <run_address>0x606a</run_address>
         <size>0x16</size>
         <input_file_ref idref="fl-24"/>
      </object_component>
      <object_component id="oc-9c">
         <name>.cinit</name>
         <load_address>0x6080</load_address>
         <run_address>0x6080</run_address>
         <size>0x16</size>
         <input_file_ref idref="fl-33"/>
      </object_component>
      <object_component id="oc-b0">
         <name>.cinit</name>
         <load_address>0x6096</load_address>
         <run_address>0x6096</run_address>
         <size>0x14</size>
         <input_file_ref idref="fl-37"/>
      </object_component>
      <object_component id="oc-61">
         <name>.cinit</name>
         <load_address>0x60aa</load_address>
         <run_address>0x60aa</run_address>
         <size>0x14</size>
         <input_file_ref idref="fl-26"/>
      </object_component>
      <object_component id="oc-13">
         <name>vectors</name>
         <load_address>0xfe00</load_address>
         <run_address>0xfe00</run_address>
         <size>0x100</size>
         <input_file_ref idref="fl-36"/>
      </object_component>
      <object_component id="oc-15">
         <name>.debug_info</name>
         <load_address>0x0</load_address>
         <run_address>0x0</run_address>
         <size>0xa08</size>
         <input_file_ref idref="fl-2"/>
      </object_component>
      <object_component id="oc-1b">
         <name>.debug_info</name>
         <load_address>0xa08</load_address>
         <run_address>0xa08</run_address>
         <size>0x1460</size>
         <input_file_ref idref="fl-3"/>
      </object_component>
      <object_component id="oc-26">
         <name>.debug_info</name>
         <load_address>0x1e68</load_address>
         <run_address>0x1e68</run_address>
         <size>0x8fe</size>
         <input_file_ref idref="fl-4"/>
      </object_component>
      <object_component id="oc-2d">
         <name>.debug_info</name>
         <load_address>0x2766</load_address>
         <run_address>0x2766</run_address>
         <size>0x101</size>
         <input_file_ref idref="fl-5"/>
      </object_component>
      <object_component id="oc-31">
         <name>.debug_info</name>
         <load_address>0x2867</load_address>
         <run_address>0x2867</run_address>
         <size>0x73c</size>
         <input_file_ref idref="fl-6"/>
      </object_component>
      <object_component id="oc-36">
         <name>.debug_info</name>
         <load_address>0x2fa3</load_address>
         <run_address>0x2fa3</run_address>
         <size>0x866</size>
         <input_file_ref idref="fl-7"/>
      </object_component>
      <object_component id="oc-3b">
         <name>.debug_info</name>
         <load_address>0x3809</load_address>
         <run_address>0x3809</run_address>
         <size>0x8b2</size>
         <input_file_ref idref="fl-8"/>
      </object_component>
      <object_component id="oc-40">
         <name>.debug_info</name>
         <load_address>0x40bb</load_address>
         <run_address>0x40bb</run_address>
         <size>0xa1d</size>
         <input_file_ref idref="fl-9"/>
      </object_component>
      <object_component id="oc-45">
         <name>.debug_info</name>
         <load_address>0x4ad8</load_address>
         <run_address>0x4ad8</run_address>
         <size>0xbb8</size>
         <input_file_ref idref="fl-a"/>
      </object_component>
      <object_component id="oc-4b">
         <name>.debug_info</name>
         <load_address>0x5690</load_address>
         <run_address>0x5690</run_address>
         <size>0x10be</size>
         <input_file_ref idref="fl-b"/>
      </object_component>
      <object_component id="oc-50">
         <name>.debug_info</name>
         <load_address>0x674e</load_address>
         <run_address>0x674e</run_address>
         <size>0xe8</size>
         <input_file_ref idref="fl-23"/>
      </object_component>
      <object_component id="oc-55">
         <name>.debug_info</name>
         <load_address>0x6836</load_address>
         <run_address>0x6836</run_address>
         <size>0x716</size>
         <input_file_ref idref="fl-24"/>
      </object_component>
      <object_component id="oc-5b">
         <name>.debug_info</name>
         <load_address>0x6f4c</load_address>
         <run_address>0x6f4c</run_address>
         <size>0x7e8</size>
         <input_file_ref idref="fl-25"/>
      </object_component>
      <object_component id="oc-60">
         <name>.debug_info</name>
         <load_address>0x7734</load_address>
         <run_address>0x7734</run_address>
         <size>0x5fb</size>
         <input_file_ref idref="fl-26"/>
      </object_component>
      <object_component id="oc-66">
         <name>.debug_info</name>
         <load_address>0x7d2f</load_address>
         <run_address>0x7d2f</run_address>
         <size>0x4cf</size>
         <input_file_ref idref="fl-27"/>
      </object_component>
      <object_component id="oc-6a">
         <name>.debug_info</name>
         <load_address>0x81fe</load_address>
         <run_address>0x81fe</run_address>
         <size>0x534</size>
         <input_file_ref idref="fl-28"/>
      </object_component>
      <object_component id="oc-6e">
         <name>.debug_info</name>
         <load_address>0x8732</load_address>
         <run_address>0x8732</run_address>
         <size>0x4cf</size>
         <input_file_ref idref="fl-29"/>
      </object_component>
      <object_component id="oc-72">
         <name>.debug_info</name>
         <load_address>0x8c01</load_address>
         <run_address>0x8c01</run_address>
         <size>0x549</size>
         <input_file_ref idref="fl-2a"/>
      </object_component>
      <object_component id="oc-77">
         <name>.debug_info</name>
         <load_address>0x914a</load_address>
         <run_address>0x914a</run_address>
         <size>0x4cf</size>
         <input_file_ref idref="fl-2b"/>
      </object_component>
      <object_component id="oc-7b">
         <name>.debug_info</name>
         <load_address>0x9619</load_address>
         <run_address>0x9619</run_address>
         <size>0x549</size>
         <input_file_ref idref="fl-2c"/>
      </object_component>
      <object_component id="oc-80">
         <name>.debug_info</name>
         <load_address>0x9b62</load_address>
         <run_address>0x9b62</run_address>
         <size>0x53e</size>
         <input_file_ref idref="fl-2d"/>
      </object_component>
      <object_component id="oc-84">
         <name>.debug_info</name>
         <load_address>0xa0a0</load_address>
         <run_address>0xa0a0</run_address>
         <size>0xbd</size>
         <input_file_ref idref="fl-2e"/>
      </object_component>
      <object_component id="oc-88">
         <name>.debug_info</name>
         <load_address>0xa15d</load_address>
         <run_address>0xa15d</run_address>
         <size>0x50c</size>
         <input_file_ref idref="fl-2f"/>
      </object_component>
      <object_component id="oc-8d">
         <name>.debug_info</name>
         <load_address>0xa669</load_address>
         <run_address>0xa669</run_address>
         <size>0x55b</size>
         <input_file_ref idref="fl-30"/>
      </object_component>
      <object_component id="oc-91">
         <name>.debug_info</name>
         <load_address>0xabc4</load_address>
         <run_address>0xabc4</run_address>
         <size>0x4b7</size>
         <input_file_ref idref="fl-31"/>
      </object_component>
      <object_component id="oc-95">
         <name>.debug_info</name>
         <load_address>0xb07b</load_address>
         <run_address>0xb07b</run_address>
         <size>0x52e</size>
         <input_file_ref idref="fl-32"/>
      </object_component>
      <object_component id="oc-9b">
         <name>.debug_info</name>
         <load_address>0xb5a9</load_address>
         <run_address>0xb5a9</run_address>
         <size>0x6ef</size>
         <input_file_ref idref="fl-33"/>
      </object_component>
      <object_component id="oc-a1">
         <name>.debug_info</name>
         <load_address>0xbc98</load_address>
         <run_address>0xbc98</run_address>
         <size>0x4de</size>
         <input_file_ref idref="fl-34"/>
      </object_component>
      <object_component id="oc-a5">
         <name>.debug_info</name>
         <load_address>0xc176</load_address>
         <run_address>0xc176</run_address>
         <size>0x521</size>
         <input_file_ref idref="fl-35"/>
      </object_component>
      <object_component id="oc-aa">
         <name>.debug_info</name>
         <load_address>0xc697</load_address>
         <run_address>0xc697</run_address>
         <size>0xbc</size>
         <input_file_ref idref="fl-36"/>
      </object_component>
      <object_component id="oc-af">
         <name>.debug_info</name>
         <load_address>0xc753</load_address>
         <run_address>0xc753</run_address>
         <size>0x5bc</size>
         <input_file_ref idref="fl-37"/>
      </object_component>
      <object_component id="oc-b4">
         <name>.debug_info</name>
         <load_address>0xcd0f</load_address>
         <run_address>0xcd0f</run_address>
         <size>0x5ab</size>
         <input_file_ref idref="fl-38"/>
      </object_component>
      <object_component id="oc-b8">
         <name>.debug_info</name>
         <load_address>0xd2ba</load_address>
         <run_address>0xd2ba</run_address>
         <size>0x586</size>
         <input_file_ref idref="fl-39"/>
      </object_component>
      <object_component id="oc-bc">
         <name>.debug_info</name>
         <load_address>0xd840</load_address>
         <run_address>0xd840</run_address>
         <size>0xcd</size>
         <input_file_ref idref="fl-3a"/>
      </object_component>
      <object_component id="oc-c0">
         <name>.debug_info</name>
         <load_address>0xd90d</load_address>
         <run_address>0xd90d</run_address>
         <size>0x81f</size>
         <input_file_ref idref="fl-3b"/>
      </object_component>
      <object_component id="oc-c4">
         <name>.debug_info</name>
         <load_address>0xe12c</load_address>
         <run_address>0xe12c</run_address>
         <size>0x4d2</size>
         <input_file_ref idref="fl-3c"/>
      </object_component>
      <object_component id="oc-10a">
         <name>.debug_info</name>
         <load_address>0xe5fe</load_address>
         <run_address>0xe5fe</run_address>
         <size>0x70</size>
      </object_component>
      <object_component id="oc-16">
         <name>.debug_frame</name>
         <load_address>0x0</load_address>
         <run_address>0x0</run_address>
         <size>0x101</size>
         <input_file_ref idref="fl-2"/>
      </object_component>
      <object_component id="oc-21">
         <name>.debug_frame</name>
         <load_address>0x101</load_address>
         <run_address>0x101</run_address>
         <size>0x389</size>
         <input_file_ref idref="fl-3"/>
      </object_component>
      <object_component id="oc-28">
         <name>.debug_frame</name>
         <load_address>0x48a</load_address>
         <run_address>0x48a</run_address>
         <size>0x119</size>
         <input_file_ref idref="fl-4"/>
      </object_component>
      <object_component id="oc-32">
         <name>.debug_frame</name>
         <load_address>0x5a3</load_address>
         <run_address>0x5a3</run_address>
         <size>0xe5</size>
         <input_file_ref idref="fl-6"/>
      </object_component>
      <object_component id="oc-37">
         <name>.debug_frame</name>
         <load_address>0x688</load_address>
         <run_address>0x688</run_address>
         <size>0xe5</size>
         <input_file_ref idref="fl-7"/>
      </object_component>
      <object_component id="oc-3c">
         <name>.debug_frame</name>
         <load_address>0x76d</load_address>
         <run_address>0x76d</run_address>
         <size>0x138</size>
         <input_file_ref idref="fl-8"/>
      </object_component>
      <object_component id="oc-41">
         <name>.debug_frame</name>
         <load_address>0x8a5</load_address>
         <run_address>0x8a5</run_address>
         <size>0x132</size>
         <input_file_ref idref="fl-9"/>
      </object_component>
      <object_component id="oc-46">
         <name>.debug_frame</name>
         <load_address>0x9d7</load_address>
         <run_address>0x9d7</run_address>
         <size>0x157</size>
         <input_file_ref idref="fl-a"/>
      </object_component>
      <object_component id="oc-4c">
         <name>.debug_frame</name>
         <load_address>0xb2e</load_address>
         <run_address>0xb2e</run_address>
         <size>0x138</size>
         <input_file_ref idref="fl-b"/>
      </object_component>
      <object_component id="oc-17">
         <name>.debug_line</name>
         <load_address>0x0</load_address>
         <run_address>0x0</run_address>
         <size>0x8b</size>
         <input_file_ref idref="fl-2"/>
      </object_component>
      <object_component id="oc-22">
         <name>.debug_line</name>
         <load_address>0x8b</load_address>
         <run_address>0x8b</run_address>
         <size>0x232</size>
         <input_file_ref idref="fl-3"/>
      </object_component>
      <object_component id="oc-29">
         <name>.debug_line</name>
         <load_address>0x2bd</load_address>
         <run_address>0x2bd</run_address>
         <size>0x96</size>
         <input_file_ref idref="fl-4"/>
      </object_component>
      <object_component id="oc-2e">
         <name>.debug_line</name>
         <load_address>0x353</load_address>
         <run_address>0x353</run_address>
         <size>0x6e</size>
         <input_file_ref idref="fl-5"/>
      </object_component>
      <object_component id="oc-33">
         <name>.debug_line</name>
         <load_address>0x3c1</load_address>
         <run_address>0x3c1</run_address>
         <size>0x76</size>
         <input_file_ref idref="fl-6"/>
      </object_component>
      <object_component id="oc-38">
         <name>.debug_line</name>
         <load_address>0x437</load_address>
         <run_address>0x437</run_address>
         <size>0xce</size>
         <input_file_ref idref="fl-7"/>
      </object_component>
      <object_component id="oc-3d">
         <name>.debug_line</name>
         <load_address>0x505</load_address>
         <run_address>0x505</run_address>
         <size>0x114</size>
         <input_file_ref idref="fl-8"/>
      </object_component>
      <object_component id="oc-42">
         <name>.debug_line</name>
         <load_address>0x619</load_address>
         <run_address>0x619</run_address>
         <size>0xa8</size>
         <input_file_ref idref="fl-9"/>
      </object_component>
      <object_component id="oc-47">
         <name>.debug_line</name>
         <load_address>0x6c1</load_address>
         <run_address>0x6c1</run_address>
         <size>0xef</size>
         <input_file_ref idref="fl-a"/>
      </object_component>
      <object_component id="oc-4d">
         <name>.debug_line</name>
         <load_address>0x7b0</load_address>
         <run_address>0x7b0</run_address>
         <size>0xcd</size>
         <input_file_ref idref="fl-b"/>
      </object_component>
      <object_component id="oc-51">
         <name>.debug_line</name>
         <load_address>0x87d</load_address>
         <run_address>0x87d</run_address>
         <size>0x57</size>
         <input_file_ref idref="fl-23"/>
      </object_component>
      <object_component id="oc-58">
         <name>.debug_line</name>
         <load_address>0x8d4</load_address>
         <run_address>0x8d4</run_address>
         <size>0x54</size>
         <input_file_ref idref="fl-24"/>
      </object_component>
      <object_component id="oc-5c">
         <name>.debug_line</name>
         <load_address>0x928</load_address>
         <run_address>0x928</run_address>
         <size>0x5b</size>
         <input_file_ref idref="fl-25"/>
      </object_component>
      <object_component id="oc-63">
         <name>.debug_line</name>
         <load_address>0x983</load_address>
         <run_address>0x983</run_address>
         <size>0x51</size>
         <input_file_ref idref="fl-26"/>
      </object_component>
      <object_component id="oc-67">
         <name>.debug_line</name>
         <load_address>0x9d4</load_address>
         <run_address>0x9d4</run_address>
         <size>0x3d</size>
         <input_file_ref idref="fl-27"/>
      </object_component>
      <object_component id="oc-6b">
         <name>.debug_line</name>
         <load_address>0xa11</load_address>
         <run_address>0xa11</run_address>
         <size>0x3d</size>
         <input_file_ref idref="fl-28"/>
      </object_component>
      <object_component id="oc-6f">
         <name>.debug_line</name>
         <load_address>0xa4e</load_address>
         <run_address>0xa4e</run_address>
         <size>0x3d</size>
         <input_file_ref idref="fl-29"/>
      </object_component>
      <object_component id="oc-74">
         <name>.debug_line</name>
         <load_address>0xa8b</load_address>
         <run_address>0xa8b</run_address>
         <size>0x44</size>
         <input_file_ref idref="fl-2a"/>
      </object_component>
      <object_component id="oc-78">
         <name>.debug_line</name>
         <load_address>0xacf</load_address>
         <run_address>0xacf</run_address>
         <size>0x3d</size>
         <input_file_ref idref="fl-2b"/>
      </object_component>
      <object_component id="oc-7d">
         <name>.debug_line</name>
         <load_address>0xb0c</load_address>
         <run_address>0xb0c</run_address>
         <size>0x44</size>
         <input_file_ref idref="fl-2c"/>
      </object_component>
      <object_component id="oc-81">
         <name>.debug_line</name>
         <load_address>0xb50</load_address>
         <run_address>0xb50</run_address>
         <size>0x40</size>
         <input_file_ref idref="fl-2d"/>
      </object_component>
      <object_component id="oc-85">
         <name>.debug_line</name>
         <load_address>0xb90</load_address>
         <run_address>0xb90</run_address>
         <size>0x3c</size>
         <input_file_ref idref="fl-2e"/>
      </object_component>
      <object_component id="oc-8a">
         <name>.debug_line</name>
         <load_address>0xbcc</load_address>
         <run_address>0xbcc</run_address>
         <size>0x3c</size>
         <input_file_ref idref="fl-2f"/>
      </object_component>
      <object_component id="oc-8e">
         <name>.debug_line</name>
         <load_address>0xc08</load_address>
         <run_address>0xc08</run_address>
         <size>0x3c</size>
         <input_file_ref idref="fl-30"/>
      </object_component>
      <object_component id="oc-92">
         <name>.debug_line</name>
         <load_address>0xc44</load_address>
         <run_address>0xc44</run_address>
         <size>0x37</size>
         <input_file_ref idref="fl-31"/>
      </object_component>
      <object_component id="oc-97">
         <name>.debug_line</name>
         <load_address>0xc7b</load_address>
         <run_address>0xc7b</run_address>
         <size>0x38</size>
         <input_file_ref idref="fl-32"/>
      </object_component>
      <object_component id="oc-9e">
         <name>.debug_line</name>
         <load_address>0xcb3</load_address>
         <run_address>0xcb3</run_address>
         <size>0x54</size>
         <input_file_ref idref="fl-33"/>
      </object_component>
      <object_component id="oc-a2">
         <name>.debug_line</name>
         <load_address>0xd07</load_address>
         <run_address>0xd07</run_address>
         <size>0x37</size>
         <input_file_ref idref="fl-34"/>
      </object_component>
      <object_component id="oc-a7">
         <name>.debug_line</name>
         <load_address>0xd3e</load_address>
         <run_address>0xd3e</run_address>
         <size>0x38</size>
         <input_file_ref idref="fl-35"/>
      </object_component>
      <object_component id="oc-ab">
         <name>.debug_line</name>
         <load_address>0xd76</load_address>
         <run_address>0xd76</run_address>
         <size>0x37</size>
         <input_file_ref idref="fl-36"/>
      </object_component>
      <object_component id="oc-b1">
         <name>.debug_line</name>
         <load_address>0xdad</load_address>
         <run_address>0xdad</run_address>
         <size>0x5b</size>
         <input_file_ref idref="fl-37"/>
      </object_component>
      <object_component id="oc-b5">
         <name>.debug_line</name>
         <load_address>0xe08</load_address>
         <run_address>0xe08</run_address>
         <size>0x5c</size>
         <input_file_ref idref="fl-38"/>
      </object_component>
      <object_component id="oc-b9">
         <name>.debug_line</name>
         <load_address>0xe64</load_address>
         <run_address>0xe64</run_address>
         <size>0x41</size>
         <input_file_ref idref="fl-39"/>
      </object_component>
      <object_component id="oc-bd">
         <name>.debug_line</name>
         <load_address>0xea5</load_address>
         <run_address>0xea5</run_address>
         <size>0x5e</size>
         <input_file_ref idref="fl-3a"/>
      </object_component>
      <object_component id="oc-c1">
         <name>.debug_line</name>
         <load_address>0xf03</load_address>
         <run_address>0xf03</run_address>
         <size>0xad</size>
         <input_file_ref idref="fl-3b"/>
      </object_component>
      <object_component id="oc-c5">
         <name>.debug_line</name>
         <load_address>0xfb0</load_address>
         <run_address>0xfb0</run_address>
         <size>0x3a</size>
         <input_file_ref idref="fl-3c"/>
      </object_component>
      <object_component id="oc-18">
         <name>.debug_abbrev</name>
         <load_address>0x0</load_address>
         <run_address>0x0</run_address>
         <size>0x105</size>
         <input_file_ref idref="fl-2"/>
      </object_component>
      <object_component id="oc-23">
         <name>.debug_abbrev</name>
         <load_address>0x105</load_address>
         <run_address>0x105</run_address>
         <size>0x228</size>
         <input_file_ref idref="fl-3"/>
      </object_component>
      <object_component id="oc-2a">
         <name>.debug_abbrev</name>
         <load_address>0x32d</load_address>
         <run_address>0x32d</run_address>
         <size>0xe4</size>
         <input_file_ref idref="fl-4"/>
      </object_component>
      <object_component id="oc-2f">
         <name>.debug_abbrev</name>
         <load_address>0x411</load_address>
         <run_address>0x411</run_address>
         <size>0x20</size>
         <input_file_ref idref="fl-5"/>
      </object_component>
      <object_component id="oc-34">
         <name>.debug_abbrev</name>
         <load_address>0x431</load_address>
         <run_address>0x431</run_address>
         <size>0xcf</size>
         <input_file_ref idref="fl-6"/>
      </object_component>
      <object_component id="oc-39">
         <name>.debug_abbrev</name>
         <load_address>0x500</load_address>
         <run_address>0x500</run_address>
         <size>0xe6</size>
         <input_file_ref idref="fl-7"/>
      </object_component>
      <object_component id="oc-3e">
         <name>.debug_abbrev</name>
         <load_address>0x5e6</load_address>
         <run_address>0x5e6</run_address>
         <size>0x14f</size>
         <input_file_ref idref="fl-8"/>
      </object_component>
      <object_component id="oc-43">
         <name>.debug_abbrev</name>
         <load_address>0x735</load_address>
         <run_address>0x735</run_address>
         <size>0x109</size>
         <input_file_ref idref="fl-9"/>
      </object_component>
      <object_component id="oc-48">
         <name>.debug_abbrev</name>
         <load_address>0x83e</load_address>
         <run_address>0x83e</run_address>
         <size>0xe0</size>
         <input_file_ref idref="fl-a"/>
      </object_component>
      <object_component id="oc-4e">
         <name>.debug_abbrev</name>
         <load_address>0x91e</load_address>
         <run_address>0x91e</run_address>
         <size>0x13e</size>
         <input_file_ref idref="fl-b"/>
      </object_component>
      <object_component id="oc-52">
         <name>.debug_abbrev</name>
         <load_address>0xa5c</load_address>
         <run_address>0xa5c</run_address>
         <size>0x3a</size>
         <input_file_ref idref="fl-23"/>
      </object_component>
      <object_component id="oc-59">
         <name>.debug_abbrev</name>
         <load_address>0xa96</load_address>
         <run_address>0xa96</run_address>
         <size>0xcc</size>
         <input_file_ref idref="fl-24"/>
      </object_component>
      <object_component id="oc-5d">
         <name>.debug_abbrev</name>
         <load_address>0xb62</load_address>
         <run_address>0xb62</run_address>
         <size>0x112</size>
         <input_file_ref idref="fl-25"/>
      </object_component>
      <object_component id="oc-64">
         <name>.debug_abbrev</name>
         <load_address>0xc74</load_address>
         <run_address>0xc74</run_address>
         <size>0xf7</size>
         <input_file_ref idref="fl-26"/>
      </object_component>
      <object_component id="oc-68">
         <name>.debug_abbrev</name>
         <load_address>0xd6b</load_address>
         <run_address>0xd6b</run_address>
         <size>0x8f</size>
         <input_file_ref idref="fl-27"/>
      </object_component>
      <object_component id="oc-6c">
         <name>.debug_abbrev</name>
         <load_address>0xdfa</load_address>
         <run_address>0xdfa</run_address>
         <size>0xb7</size>
         <input_file_ref idref="fl-28"/>
      </object_component>
      <object_component id="oc-70">
         <name>.debug_abbrev</name>
         <load_address>0xeb1</load_address>
         <run_address>0xeb1</run_address>
         <size>0x8f</size>
         <input_file_ref idref="fl-29"/>
      </object_component>
      <object_component id="oc-75">
         <name>.debug_abbrev</name>
         <load_address>0xf40</load_address>
         <run_address>0xf40</run_address>
         <size>0xc2</size>
         <input_file_ref idref="fl-2a"/>
      </object_component>
      <object_component id="oc-79">
         <name>.debug_abbrev</name>
         <load_address>0x1002</load_address>
         <run_address>0x1002</run_address>
         <size>0x8f</size>
         <input_file_ref idref="fl-2b"/>
      </object_component>
      <object_component id="oc-7e">
         <name>.debug_abbrev</name>
         <load_address>0x1091</load_address>
         <run_address>0x1091</run_address>
         <size>0xc2</size>
         <input_file_ref idref="fl-2c"/>
      </object_component>
      <object_component id="oc-82">
         <name>.debug_abbrev</name>
         <load_address>0x1153</load_address>
         <run_address>0x1153</run_address>
         <size>0x9a</size>
         <input_file_ref idref="fl-2d"/>
      </object_component>
      <object_component id="oc-86">
         <name>.debug_abbrev</name>
         <load_address>0x11ed</load_address>
         <run_address>0x11ed</run_address>
         <size>0x38</size>
         <input_file_ref idref="fl-2e"/>
      </object_component>
      <object_component id="oc-8b">
         <name>.debug_abbrev</name>
         <load_address>0x1225</load_address>
         <run_address>0x1225</run_address>
         <size>0x98</size>
         <input_file_ref idref="fl-2f"/>
      </object_component>
      <object_component id="oc-8f">
         <name>.debug_abbrev</name>
         <load_address>0x12bd</load_address>
         <run_address>0x12bd</run_address>
         <size>0xdc</size>
         <input_file_ref idref="fl-30"/>
      </object_component>
      <object_component id="oc-93">
         <name>.debug_abbrev</name>
         <load_address>0x1399</load_address>
         <run_address>0x1399</run_address>
         <size>0x81</size>
         <input_file_ref idref="fl-31"/>
      </object_component>
      <object_component id="oc-98">
         <name>.debug_abbrev</name>
         <load_address>0x141a</load_address>
         <run_address>0x141a</run_address>
         <size>0xaf</size>
         <input_file_ref idref="fl-32"/>
      </object_component>
      <object_component id="oc-9f">
         <name>.debug_abbrev</name>
         <load_address>0x14c9</load_address>
         <run_address>0x14c9</run_address>
         <size>0xcc</size>
         <input_file_ref idref="fl-33"/>
      </object_component>
      <object_component id="oc-a3">
         <name>.debug_abbrev</name>
         <load_address>0x1595</load_address>
         <run_address>0x1595</run_address>
         <size>0x8f</size>
         <input_file_ref idref="fl-34"/>
      </object_component>
      <object_component id="oc-a8">
         <name>.debug_abbrev</name>
         <load_address>0x1624</load_address>
         <run_address>0x1624</run_address>
         <size>0xaf</size>
         <input_file_ref idref="fl-35"/>
      </object_component>
      <object_component id="oc-ac">
         <name>.debug_abbrev</name>
         <load_address>0x16d3</load_address>
         <run_address>0x16d3</run_address>
         <size>0x26</size>
         <input_file_ref idref="fl-36"/>
      </object_component>
      <object_component id="oc-b2">
         <name>.debug_abbrev</name>
         <load_address>0x16f9</load_address>
         <run_address>0x16f9</run_address>
         <size>0x9f</size>
         <input_file_ref idref="fl-37"/>
      </object_component>
      <object_component id="oc-b6">
         <name>.debug_abbrev</name>
         <load_address>0x1798</load_address>
         <run_address>0x1798</run_address>
         <size>0xd4</size>
         <input_file_ref idref="fl-38"/>
      </object_component>
      <object_component id="oc-ba">
         <name>.debug_abbrev</name>
         <load_address>0x186c</load_address>
         <run_address>0x186c</run_address>
         <size>0xec</size>
         <input_file_ref idref="fl-39"/>
      </object_component>
      <object_component id="oc-be">
         <name>.debug_abbrev</name>
         <load_address>0x1958</load_address>
         <run_address>0x1958</run_address>
         <size>0x44</size>
         <input_file_ref idref="fl-3a"/>
      </object_component>
      <object_component id="oc-c2">
         <name>.debug_abbrev</name>
         <load_address>0x199c</load_address>
         <run_address>0x199c</run_address>
         <size>0xb7</size>
         <input_file_ref idref="fl-3b"/>
      </object_component>
      <object_component id="oc-c6">
         <name>.debug_abbrev</name>
         <load_address>0x1a53</load_address>
         <run_address>0x1a53</run_address>
         <size>0x81</size>
         <input_file_ref idref="fl-3c"/>
      </object_component>
      <object_component id="oc-10b">
         <name>.debug_abbrev</name>
         <load_address>0x1ad4</load_address>
         <run_address>0x1ad4</run_address>
         <size>0xd</size>
      </object_component>
      <object_component id="oc-1d">
         <name>dmaMem</name>
         <uninitialized>true</uninitialized>
         <run_address>0x6468</run_address>
         <size>0x180</size>
         <input_file_ref idref="fl-3"/>
      </object_component>
      <object_component id="oc-1e">
         <name>fftMem</name>
         <uninitialized>true</uninitialized>
         <run_address>0xc0</run_address>
         <size>0x21c</size>
         <input_file_ref idref="fl-3"/>
      </object_component>
      <object_component id="oc-2c">
         <name>.vectors</name>
         <load_address>0x65e8</load_address>
         <run_address>0x65e8</run_address>
         <size>0x100</size>
         <input_file_ref idref="fl-5"/>
      </object_component>
   </object_component_list>
   <logical_group_list>
      <logical_group id="lg-2">
         <name>.text</name>
         <load_address>0x300</load_address>
         <run_address>0x300</run_address>
         <size>0x2ac4</size>
         <contents>
            <object_component_ref idref="oc-5a"/>
            <object_component_ref idref="oc-b3"/>
            <object_component_ref idref="oc-53"/>
            <object_component_ref idref="oc-19"/>
            <object_component_ref idref="oc-bf"/>
            <object_component_ref idref="oc-a9"/>
            <object_component_ref idref="oc-de"/>
            <object_component_ref idref="oc-1f"/>
            <object_component_ref idref="oc-99"/>
            <object_component_ref idref="oc-35"/>
            <object_component_ref idref="oc-14"/>
            <object_component_ref idref="oc-d1"/>
            <object_component_ref idref="oc-ce"/>
            <object_component_ref idref="oc-d0"/>
            <object_component_ref idref="oc-8c"/>
            <object_component_ref idref="oc-44"/>
            <object_component_ref idref="oc-2b"/>
            <object_component_ref idref="oc-da"/>
            <object_component_ref idref="oc-cc"/>
            <object_component_ref idref="oc-87"/>
            <object_component_ref idref="oc-dc"/>
            <object_component_ref idref="oc-49"/>
            <object_component_ref idref="oc-30"/>
            <object_component_ref idref="oc-cd"/>
            <object_component_ref idref="oc-d8"/>
            <object_component_ref idref="oc-df"/>
            <object_component_ref idref="oc-24"/>
            <object_component_ref idref="oc-c3"/>
            <object_component_ref idref="oc-7f"/>
            <object_component_ref idref="oc-cf"/>
            <object_component_ref idref="oc-3a"/>
            <object_component_ref idref="oc-69"/>
            <object_component_ref idref="oc-bb"/>
            <object_component_ref idref="oc-3f"/>
            <object_component_ref idref="oc-71"/>
            <object_component_ref idref="oc-d3"/>
            <object_component_ref idref="oc-94"/>
            <object_component_ref idref="oc-d4"/>
            <object_component_ref idref="oc-7a"/>
            <object_component_ref idref="oc-12"/>
            <object_component_ref idref="oc-b7"/>
            <object_component_ref idref="oc-a4"/>
            <object_component_ref idref="oc-d2"/>
            <object_component_ref idref="oc-5e"/>
            <object_component_ref idref="oc-db"/>
            <object_component_ref idref="oc-d9"/>
            <object_component_ref idref="oc-65"/>
            <object_component_ref idref="oc-a0"/>
            <object_component_ref idref="oc-83"/>
            <object_component_ref idref="oc-ad"/>
            <object_component_ref idref="oc-90"/>
            <object_component_ref idref="oc-76"/>
            <object_component_ref idref="oc-d5"/>
            <object_component_ref idref="oc-d6"/>
            <object_component_ref idref="oc-c9"/>
            <object_component_ref idref="oc-d7"/>
            <object_component_ref idref="oc-6d"/>
            <object_component_ref idref="oc-c7"/>
            <object_component_ref idref="oc-62"/>
            <object_component_ref idref="oc-dd"/>
            <object_component_ref idref="oc-e0"/>
            <object_component_ref idref="oc-c8"/>
         </contents>
      </logical_group>
      <logical_group id="lg-4">
         <name>.stack</name>
         <load_address>0x2de0</load_address>
         <run_address>0x2de0</run_address>
         <size>0x2000</size>
         <contents>
            <object_component_ref idref="oc-4f"/>
            <object_component_ref idref="oc-107"/>
         </contents>
      </logical_group>
      <logical_group id="lg-5">
         <name>.sysstack</name>
         <load_address>0x4de0</load_address>
         <run_address>0x4de0</run_address>
         <size>0x1000</size>
         <contents>
            <object_component_ref idref="oc-e5"/>
            <object_component_ref idref="oc-108"/>
         </contents>
      </logical_group>
      <logical_group id="lg-6">
         <name>.csldata</name>
         <load_address>0x60c0</load_address>
         <run_address>0x60c0</run_address>
         <size>0x208</size>
         <contents>
            <object_component_ref idref="oc-e2"/>
            <object_component_ref idref="oc-e4"/>
            <object_component_ref idref="oc-cb"/>
         </contents>
      </logical_group>
      <logical_group id="lg-7">
         <name>.data</name>
         <load_address>0x300</load_address>
         <run_address>0x300</run_address>
         <size>0x0</size>
         <contents>
         </contents>
      </logical_group>
      <logical_group id="lg-8">
         <name>.bss</name>
         <load_address>0x63e0</load_address>
         <run_address>0x63e0</run_address>
         <size>0x88</size>
         <contents>
            <object_component_ref idref="oc-1a"/>
            <object_component_ref idref="oc-54"/>
            <object_component_ref idref="oc-9a"/>
            <object_component_ref idref="oc-ae"/>
            <object_component_ref idref="oc-5f"/>
            <object_component_ref idref="oc-25"/>
            <object_component_ref idref="oc-4a"/>
         </contents>
      </logical_group>
      <logical_group id="lg-9">
         <name>.const</name>
         <load_address>0x62e0</load_address>
         <run_address>0x62e0</run_address>
         <size>0xe4</size>
         <contents>
            <object_component_ref idref="oc-e7"/>
            <object_component_ref idref="oc-57"/>
            <object_component_ref idref="oc-9d"/>
            <object_component_ref idref="oc-e6"/>
            <object_component_ref idref="oc-e8"/>
            <object_component_ref idref="oc-96"/>
            <object_component_ref idref="oc-89"/>
            <object_component_ref idref="oc-20"/>
            <object_component_ref idref="oc-a6"/>
            <object_component_ref idref="oc-73"/>
            <object_component_ref idref="oc-7c"/>
         </contents>
      </logical_group>
      <logical_group id="lg-a">
         <name>.sysmem</name>
         <run_address>0x0</run_address>
         <size>0x0</size>
         <contents>
         </contents>
      </logical_group>
      <logical_group id="lg-b">
         <name>.switch</name>
         <run_address>0x0</run_address>
         <size>0x0</size>
         <contents>
         </contents>
      </logical_group>
      <logical_group id="lg-c">
         <name>.cinit</name>
         <load_address>0x5de0</load_address>
         <run_address>0x5de0</run_address>
         <size>0x2e0</size>
         <contents>
            <object_component_ref idref="oc-e1"/>
            <object_component_ref idref="oc-e3"/>
            <object_component_ref idref="oc-1c"/>
            <object_component_ref idref="oc-ca"/>
            <object_component_ref idref="oc-27"/>
            <object_component_ref idref="oc-56"/>
            <object_component_ref idref="oc-9c"/>
            <object_component_ref idref="oc-b0"/>
            <object_component_ref idref="oc-61"/>
         </contents>
      </logical_group>
      <logical_group id="lg-d">
         <name>.pinit</name>
         <load_address>0x300</load_address>
         <run_address>0x300</run_address>
         <size>0x0</size>
         <contents>
         </contents>
      </logical_group>
      <logical_group id="lg-e">
         <name>.cio</name>
         <load_address>0x300</load_address>
         <run_address>0x300</run_address>
         <size>0x0</size>
         <contents>
         </contents>
      </logical_group>
      <logical_group id="lg-f">
         <name>.args</name>
         <load_address>0x300</load_address>
         <run_address>0x300</run_address>
         <size>0x0</size>
         <contents>
         </contents>
      </logical_group>
      <logical_group id="lg-10">
         <name>vectors</name>
         <load_address>0xfe00</load_address>
         <run_address>0xfe00</run_address>
         <size>0x100</size>
         <contents>
            <object_component_ref idref="oc-13"/>
         </contents>
      </logical_group>
      <logical_group id="lg-11">
         <name>.ioport</name>
         <run_address>0x0</run_address>
         <size>0x0</size>
         <contents>
         </contents>
      </logical_group>
      <logical_group id="lg-f8">
         <name>.debug_info</name>
         <load_address>0x0</load_address>
         <run_address>0x0</run_address>
         <size>0xe66e</size>
         <contents>
            <object_component_ref idref="oc-15"/>
            <object_component_ref idref="oc-1b"/>
            <object_component_ref idref="oc-26"/>
            <object_component_ref idref="oc-2d"/>
            <object_component_ref idref="oc-31"/>
            <object_component_ref idref="oc-36"/>
            <object_component_ref idref="oc-3b"/>
            <object_component_ref idref="oc-40"/>
            <object_component_ref idref="oc-45"/>
            <object_component_ref idref="oc-4b"/>
            <object_component_ref idref="oc-50"/>
            <object_component_ref idref="oc-55"/>
            <object_component_ref idref="oc-5b"/>
            <object_component_ref idref="oc-60"/>
            <object_component_ref idref="oc-66"/>
            <object_component_ref idref="oc-6a"/>
            <object_component_ref idref="oc-6e"/>
            <object_component_ref idref="oc-72"/>
            <object_component_ref idref="oc-77"/>
            <object_component_ref idref="oc-7b"/>
            <object_component_ref idref="oc-80"/>
            <object_component_ref idref="oc-84"/>
            <object_component_ref idref="oc-88"/>
            <object_component_ref idref="oc-8d"/>
            <object_component_ref idref="oc-91"/>
            <object_component_ref idref="oc-95"/>
            <object_component_ref idref="oc-9b"/>
            <object_component_ref idref="oc-a1"/>
            <object_component_ref idref="oc-a5"/>
            <object_component_ref idref="oc-aa"/>
            <object_component_ref idref="oc-af"/>
            <object_component_ref idref="oc-b4"/>
            <object_component_ref idref="oc-b8"/>
            <object_component_ref idref="oc-bc"/>
            <object_component_ref idref="oc-c0"/>
            <object_component_ref idref="oc-c4"/>
            <object_component_ref idref="oc-10a"/>
         </contents>
[...]
         <value>0x2c0</value>
         <object_component_ref idref="oc-1e"/>
      </symbol>
      <symbol id="sm-86">
         <name>_dmaState</name>
         <value>0x63e0</value>
         <object_component_ref idref="oc-1a"/>
      </symbol>
      <symbol id="sm-9b">
         <name>_main</name>
         <value>0x25e2</value>
         <object_component_ref idref="oc-24"/>
      </symbol>
      <symbol id="sm-9c">
         <name>_ledNum</name>
         <value>0x6460</value>
         <object_component_ref idref="oc-25"/>
      </symbol>
      <symbol id="sm-9d">
         <name>_sw2State</name>
         <value>0x6464</value>
         <object_component_ref idref="oc-25"/>
      </symbol>
      <symbol id="sm-9e">
         <name>_sw1State</name>
         <value>0x6462</value>
         <object_component_ref idref="oc-25"/>
      </symbol>
      <symbol id="sm-9f">
         <name>_configPort</name>
         <value>0x25fd</value>
         <object_component_ref idref="oc-24"/>
      </symbol>
      <symbol id="sm-a0">
         <name>_checkSwitch</name>
         <value>0x2623</value>
         <object_component_ref idref="oc-24"/>
      </symbol>
      <symbol id="sm-aa">
         <name>no_isr</name>
         <value>0x1f4e</value>
         <object_component_ref idref="oc-2b"/>
      </symbol>
      <symbol id="sm-ab">
         <name>_VECSTART</name>
         <value>0x65e8</value>
         <object_component_ref idref="oc-2c"/>
      </symbol>
      <symbol id="sm-ac">
         <name>nmi</name>
         <value>0x65f0</value>
         <object_component_ref idref="oc-2c"/>
      </symbol>
      <symbol id="sm-ad">
         <name>int9</name>
         <value>0x6640</value>
         <object_component_ref idref="oc-2c"/>
      </symbol>
      <symbol id="sm-ae">
         <name>int8</name>
         <value>0x6638</value>
         <object_component_ref idref="oc-2c"/>
      </symbol>
      <symbol id="sm-af">
         <name>int7</name>
         <value>0x6630</value>
         <object_component_ref idref="oc-2c"/>
      </symbol>
      <symbol id="sm-b0">
         <name>int6</name>
         <value>0x6628</value>
         <object_component_ref idref="oc-2c"/>
      </symbol>
      <symbol id="sm-b1">
         <name>int5</name>
         <value>0x6620</value>
         <object_component_ref idref="oc-2c"/>
      </symbol>
      <symbol id="sm-b2">
         <name>int4</name>
         <value>0x6618</value>
         <object_component_ref idref="oc-2c"/>
      </symbol>
      <symbol id="sm-b3">
         <name>int3</name>
         <value>0x6610</value>
         <object_component_ref idref="oc-2c"/>
      </symbol>
      <symbol id="sm-b4">
         <name>int2</name>
         <value>0x6608</value>
         <object_component_ref idref="oc-2c"/>
      </symbol>
      <symbol id="sm-b5">
         <name>int1</name>
         <value>0x6600</value>
         <object_component_ref idref="oc-2c"/>
      </symbol>
      <symbol id="sm-b6">
         <name>int0</name>
         <value>0x65f8</value>
         <object_component_ref idref="oc-2c"/>
      </symbol>
      <symbol id="sm-b7">
         <name>int29</name>
         <value>0x66e0</value>
         <object_component_ref idref="oc-2c"/>
      </symbol>
      <symbol id="sm-b8">
         <name>int28</name>
         <value>0x66d8</value>
         <object_component_ref idref="oc-2c"/>
      </symbol>
      <symbol id="sm-b9">
         <name>int21</name>
         <value>0x66a0</value>
         <object_component_ref idref="oc-2c"/>
      </symbol>
      <symbol id="sm-ba">
         <name>int20</name>
         <value>0x6698</value>
         <object_component_ref idref="oc-2c"/>
      </symbol>
      <symbol id="sm-bb">
         <name>int23</name>
         <value>0x66b0</value>
         <object_component_ref idref="oc-2c"/>
      </symbol>
      <symbol id="sm-bc">
         <name>int22</name>
         <value>0x66a8</value>
         <object_component_ref idref="oc-2c"/>
      </symbol>
      <symbol id="sm-bd">
         <name>int25</name>
         <value>0x66c0</value>
         <object_component_ref idref="oc-2c"/>
      </symbol>
      <symbol id="sm-be">
         <name>int24</name>
         <value>0x66b8</value>
         <object_component_ref idref="oc-2c"/>
      </symbol>
      <symbol id="sm-bf">
         <name>int27</name>
         <value>0x66d0</value>
         <object_component_ref idref="oc-2c"/>
      </symbol>
      <symbol id="sm-c0">
         <name>int26</name>
         <value>0x66c8</value>
         <object_component_ref idref="oc-2c"/>
      </symbol>
      <symbol id="sm-c1">
         <name>int19</name>
         <value>0x6690</value>
         <object_component_ref idref="oc-2c"/>
      </symbol>
      <symbol id="sm-c2">
         <name>int18</name>
         <value>0x6688</value>
         <object_component_ref idref="oc-2c"/>
      </symbol>
      <symbol id="sm-c3">
         <name>int11</name>
         <value>0x6650</value>
         <object_component_ref idref="oc-2c"/>
      </symbol>
      <symbol id="sm-c4">
         <name>int10</name>
         <value>0x6648</value>
         <object_component_ref idref="oc-2c"/>
      </symbol>
      <symbol id="sm-c5">
         <name>int13</name>
         <value>0x6660</value>
         <object_component_ref idref="oc-2c"/>
      </symbol>
      <symbol id="sm-c6">
         <name>int12</name>
         <value>0x6658</value>
         <object_component_ref idref="oc-2c"/>
      </symbol>
      <symbol id="sm-c7">
         <name>int15</name>
         <value>0x6670</value>
         <object_component_ref idref="oc-2c"/>
      </symbol>
      <symbol id="sm-c8">
         <name>int14</name>
         <value>0x6668</value>
         <object_component_ref idref="oc-2c"/>
      </symbol>
      <symbol id="sm-c9">
         <name>int17</name>
         <value>0x6680</value>
         <object_component_ref idref="oc-2c"/>
      </symbol>
      <symbol id="sm-ca">
         <name>int16</name>
         <value>0x6678</value>
         <object_component_ref idref="oc-2c"/>
      </symbol>
      <symbol id="sm-f2">
         <name>_bit_rev</name>
         <value>0x239a</value>
         <object_component_ref idref="oc-30"/>
      </symbol>
      <symbol id="sm-10f">
         <name>_fft</name>
         <value>0x14aa</value>
         <object_component_ref idref="oc-35"/>
      </symbol>
      <symbol id="sm-11e">
         <name>_EZDSP5502_init</name>
         <value>0x2811</value>
         <object_component_ref idref="oc-3a"/>
      </symbol>
      <symbol id="sm-11f">
         <name>_EZDSP5502_wait</name>
         <value>0x27cb</value>
         <object_component_ref idref="oc-3a"/>
      </symbol>
      <symbol id="sm-120">
         <name>_EZDSP5502_waitusec</name>
         <value>0x27ff</value>
         <object_component_ref idref="oc-3a"/>
      </symbol>
      <symbol id="sm-131">
         <name>_EZDSP5502_I2C_write</name>
         <value>0x2929</value>
         <object_component_ref idref="oc-3f"/>
      </symbol>
      <symbol id="sm-132">
         <name>_EZDSP5502_I2C_read</name>
         <value>0x2949</value>
         <object_component_ref idref="oc-3f"/>
      </symbol>
      <symbol id="sm-133">
         <name>_EZDSP5502_I2C_reset</name>
         <value>0x291f</value>
         <object_component_ref idref="oc-3f"/>
      </symbol>
      <symbol id="sm-134">
         <name>_EZDSP5502_I2C_init</name>
         <value>0x2904</value>
         <object_component_ref idref="oc-3f"/>
      </symbol>
      <symbol id="sm-144">
         <name>_EZDSP5502_I2CGPIO_readLine</name>
         <value>0x1e55</value>
         <object_component_ref idref="oc-44"/>
      </symbol>
      <symbol id="sm-145">
         <name>_EZDSP5502_I2CGPIO_writeLine</name>
         <value>0x1e86</value>
         <object_component_ref idref="oc-44"/>
      </symbol>
      <symbol id="sm-146">
         <name>_EZDSP5502_I2CGPIO_read</name>
         <value>0x1ed9</value>
         <object_component_ref idref="oc-44"/>
      </symbol>
      <symbol id="sm-147">
         <name>_EZDSP5502_I2CGPIO_write</name>
         <value>0x1f24</value>
         <object_component_ref idref="oc-44"/>
      </symbol>
      <symbol id="sm-148">
         <name>_EZDSP5502_I2CGPIO_configLine</name>
         <value>0x1e02</value>
         <object_component_ref idref="oc-44"/>
      </symbol>
      <symbol id="sm-161">
         <name>_EZDSP5502_MCBSP_write</name>
         <value>0x2340</value>
         <object_component_ref idref="oc-49"/>
      </symbol>
      <symbol id="sm-162">
         <name>_EZDSP5502_MCBSP_init</name>
         <value>0x22f2</value>
         <object_component_ref idref="oc-49"/>
      </symbol>
      <symbol id="sm-163">
         <name>_EZDSP5502_MCBSP_read</name>
         <value>0x236c</value>
         <object_component_ref idref="oc-49"/>
      </symbol>
      <symbol id="sm-164">
         <name>_aicMcbsp</name>
         <value>0x6466</value>
         <object_component_ref idref="oc-4a"/>
      </symbol>
      <symbol id="sm-165">
         <name>_EZDSP5502_MCBSP_close</name>
         <value>0x2330</value>
         <object_component_ref idref="oc-49"/>
      </symbol>
      <symbol id="sm-171">
         <name>__sysstack</name>
         <value>0x4de0</value>
         <object_component_ref idref="oc-e5"/>
      </symbol>
      <symbol id="sm-172">
         <name>_c_int00</name>
         <value>0x2b36</value>
         <object_component_ref idref="oc-12"/>
      </symbol>
      <symbol id="sm-173">
         <name>__stack</name>
         <value>0x2de0</value>
         <object_component_ref idref="oc-4f"/>
      </symbol>
      <symbol id="sm-184">
         <name>_cos</name>
         <value>0x928</value>
         <object_component_ref idref="oc-53"/>
      </symbol>
      <symbol id="sm-190">
         <name>__divd</name>
         <value>0x300</value>
         <object_component_ref idref="oc-5a"/>
      </symbol>
      <symbol id="sm-1a0">
         <name>C$$EXIT</name>
         <value>0x2da8</value>
         <object_component_ref idref="oc-62"/>
      </symbol>
      <symbol id="sm-1a1">
         <name>_exit</name>
         <value>0x2c3d</value>
         <object_component_ref idref="oc-5e"/>
      </symbol>
      <symbol id="sm-1a2">
         <name>_abort</name>
         <value>0x2da7</value>
         <object_component_ref idref="oc-62"/>
      </symbol>
      <symbol id="sm-1a3">
         <name>__cleanup_ptr</name>
         <value>0x6458</value>
         <object_component_ref idref="oc-5f"/>
      </symbol>
      <symbol id="sm-1a4">
         <name>__dtors_ptr</name>
         <value>0x645c</value>
         <object_component_ref idref="oc-5f"/>
      </symbol>
      <symbol id="sm-1ae">
         <name>__fixdi</name>
         <value>0x2cd7</value>
         <object_component_ref idref="oc-65"/>
      </symbol>
      <symbol id="sm-1b8">
         <name>__fixdli</name>
         <value>0x282a</value>
         <object_component_ref idref="oc-69"/>
      </symbol>
      <symbol id="sm-1c2">
         <name>__fltid</name>
         <value>0x2d90</value>
         <object_component_ref idref="oc-6d"/>
      </symbol>
      <symbol id="sm-1ce">
         <name>__fltlid</name>
         <value>0x296b</value>
         <object_component_ref idref="oc-71"/>
      </symbol>
      <symbol id="sm-1d8">
         <name>__fltud</name>
         <value>0x2d48</value>
         <object_component_ref idref="oc-76"/>
      </symbol>
      <symbol id="sm-1e4">
         <name>__fltuld</name>
         <value>0x2ae0</value>
         <object_component_ref idref="oc-7a"/>
      </symbol>
      <symbol id="sm-1ee">
         <name>__frcmpyd_div</name>
         <value>0x26d9</value>
         <object_component_ref idref="oc-7f"/>
      </symbol>
      <symbol id="sm-1f6">
         <name>__mpyli</name>
         <value>0x2d15</value>
         <object_component_ref idref="oc-83"/>
      </symbol>
      <symbol id="sm-1f7">
         <name>I$$LMPY</name>
         <value>0x2d15</value>
         <object_component_ref idref="oc-83"/>
      </symbol>
      <symbol id="sm-203">
         <name>_modf</name>
         <value>0x2185</value>
         <object_component_ref idref="oc-87"/>
      </symbol>
      <symbol id="sm-20d">
         <name>__mpyd</name>
         <value>0x1caa</value>
         <object_component_ref idref="oc-8c"/>
      </symbol>
      <symbol id="sm-217">
         <name>__negd</name>
         <value>0x2d38</value>
         <object_component_ref idref="oc-90"/>
      </symbol>
      <symbol id="sm-223">
         <name>__nround</name>
         <value>0x2a2d</value>
         <object_component_ref idref="oc-94"/>
      </symbol>
      <symbol id="sm-234">
         <name>_sin</name>
         <value>0x12cc</value>
         <object_component_ref idref="oc-99"/>
      </symbol>
      <symbol id="sm-23e">
         <name>__subd</name>
         <value>0x2d01</value>
         <object_component_ref idref="oc-a0"/>
      </symbol>
      <symbol id="sm-24a">
         <name>__trunc</name>
         <value>0x2bc2</value>
         <object_component_ref idref="oc-a4"/>
      </symbol>
      <symbol id="sm-254">
         <name>_Reset</name>
         <value>0xfe00</value>
         <object_component_ref idref="oc-13"/>
      </symbol>
      <symbol id="sm-262">
         <name>__unlock</name>
         <value>0x6454</value>
         <object_component_ref idref="oc-ae"/>
      </symbol>
      <symbol id="sm-263">
         <name>__lock</name>
         <value>0x6450</value>
         <object_component_ref idref="oc-ae"/>
      </symbol>
      <symbol id="sm-264">
         <name>__register_lock</name>
         <value>0x2d2f</value>
         <object_component_ref idref="oc-ad"/>
      </symbol>
      <symbol id="sm-265">
         <name>__nop</name>
         <value>0x2d36</value>
         <object_component_ref idref="oc-ad"/>
      </symbol>
      <symbol id="sm-266">
         <name>__register_unlock</name>
         <value>0x2d28</value>
         <object_component_ref idref="oc-ad"/>
      </symbol>
      <symbol id="sm-270">
         <name>__addd</name>
         <value>0x6c8</value>
         <object_component_ref idref="oc-b3"/>
      </symbol>
      <symbol id="sm-27a">
         <name>__args_main</name>
         <value>0x2b82</value>
         <object_component_ref idref="oc-b7"/>
      </symbol>
      <symbol id="sm-27b">
         <name>__TI_args_main</name>
         <value>0x1</value>
      </symbol>
      <symbol id="sm-283">
         <name>_auto_init</name>
         <value>0x2899</value>
         <object_component_ref idref="oc-bb"/>
      </symbol>
      <symbol id="sm-28d">
         <name>__eqld</name>
         <value>0xe71</value>
         <object_component_ref idref="oc-bf"/>
      </symbol>
      <symbol id="sm-28e">
         <name>__cmpd</name>
         <value>0xea5</value>
         <object_component_ref idref="oc-bf"/>
      </symbol>
      <symbol id="sm-28f">
         <name>__neqd</name>
         <value>0xd13</value>
         <object_component_ref idref="oc-bf"/>
      </symbol>
      <symbol id="sm-290">
         <name>__gtrd</name>
         <value>0xddc</value>
         <object_component_ref idref="oc-bf"/>
      </symbol>
      <symbol id="sm-291">
         <name>__geqd</name>
         <value>0xe27</value>
         <object_component_ref idref="oc-bf"/>
      </symbol>
      <symbol id="sm-292">
         <name>__leqd</name>
         <value>0xd8f</value>
         <object_component_ref idref="oc-bf"/>
      </symbol>
      <symbol id="sm-293">
         <name>__lssd</name>
         <value>0xd47</value>
         <object_component_ref idref="oc-bf"/>
      </symbol>
      <symbol id="sm-29d">
         <name>__frcmpyd</name>
         <value>0x2663</value>
         <object_component_ref idref="oc-c3"/>
      </symbol>
      <symbol id="sm-2a1">
         <name>__CSL_init</name>
         <value>0x2d9c</value>
         <object_component_ref idref="oc-c7"/>
      </symbol>
      <symbol id="sm-2a7">
         <name>_CSL5502_LIB_</name>
         <value>0x2dc0</value>
         <object_component_ref idref="oc-c8"/>
      </symbol>
      <symbol id="sm-2a8">
         <name>_CSL_init</name>
         <value>0x2d78</value>
         <object_component_ref idref="oc-c9"/>
      </symbol>
      <symbol id="sm-2ae">
         <name>_CSL_SysData</name>
         <value>0x6288</value>
         <object_component_ref idref="oc-cb"/>
      </symbol>
      <symbol id="sm-2b2">
         <name>_DMA_config</name>
         <value>0x207c</value>
         <object_component_ref idref="oc-cc"/>
      </symbol>
      <symbol id="sm-2b7">
         <name>_DMA_open</name>
         <value>0x243c</value>
         <object_component_ref idref="oc-cd"/>
      </symbol>
      <symbol id="sm-2bb">
         <name>_DMA_reset</name>
         <value>0x19c8</value>
         <object_component_ref idref="oc-ce"/>
      </symbol>
      <symbol id="sm-2bf">
         <name>_I2C_config</name>
         <value>0x274c</value>
         <object_component_ref idref="oc-cf"/>
      </symbol>
      <symbol id="sm-2c7">
         <name>_I2C_read</name>
         <value>0x1b50</value>
         <object_component_ref idref="oc-d0"/>
      </symbol>
      <symbol id="sm-2d1">
         <name>_I2C_write</name>
         <value>0x183c</value>
         <object_component_ref idref="oc-d1"/>
      </symbol>
      <symbol id="sm-2d5">
         <name>_IRQ_clear</name>
         <value>0x2c04</value>
         <object_component_ref idref="oc-d2"/>
      </symbol>
      <symbol id="sm-2d9">
         <name>_IRQ_disable</name>
         <value>0x29d0</value>
         <object_component_ref idref="oc-d3"/>
      </symbol>
      <symbol id="sm-2dd">
         <name>_IRQ_enable</name>
         <value>0x2a88</value>
         <object_component_ref idref="oc-d4"/>
      </symbol>
      <symbol id="sm-2e1">
         <name>_IRQ_globalDisable</name>
         <value>0x2d58</value>
         <object_component_ref idref="oc-d5"/>
      </symbol>
      <symbol id="sm-2e5">
         <name>_IRQ_globalEnable</name>
         <value>0x2d68</value>
         <object_component_ref idref="oc-d6"/>
      </symbol>
      <symbol id="sm-2e9">
         <name>_IRQ_globalRestore</name>
         <value>0x2d84</value>
         <object_component_ref idref="oc-d7"/>
      </symbol>
      <symbol id="sm-2ed">
         <name>_IRQ_plug</name>
         <value>0x24d7</value>
         <object_component_ref idref="oc-d8"/>
      </symbol>
      <symbol id="sm-2f1">
         <name>_IRQ_setVecs</name>
         <value>0x2cac</value>
         <object_component_ref idref="oc-d9"/>
      </symbol>
      <symbol id="sm-2f5">
         <name>_MCBSP_config</name>
         <value>0x1f50</value>
         <object_component_ref idref="oc-da"/>
      </symbol>
      <symbol id="sm-2f9">
         <name>_MCBSP_close</name>
         <value>0x2c78</value>
         <object_component_ref idref="oc-db"/>
      </symbol>
      <symbol id="sm-2fe">
         <name>_MCBSP_open</name>
         <value>0x2240</value>
         <object_component_ref idref="oc-dc"/>
      </symbol>
      <symbol id="sm-302">
         <name>_MCBSP_read16</name>
         <value>0x2db0</value>
         <object_component_ref idref="oc-dd"/>
      </symbol>
      <symbol id="sm-306">
         <name>_MCBSP_reset</name>
         <value>0xf00</value>
         <object_component_ref idref="oc-de"/>
      </symbol>
      <symbol id="sm-30a">
         <name>_MCBSP_start</name>
         <value>0x2560</value>
         <object_component_ref idref="oc-df"/>
      </symbol>
      <symbol id="sm-30e">
         <name>_MCBSP_write16</name>
         <value>0x2db8</value>
         <object_component_ref idref="oc-e0"/>
      </symbol>
      <symbol id="sm-314">
         <name>_CSL_DmaData</name>
         <value>0x60c0</value>
         <object_component_ref idref="oc-e2"/>
      </symbol>
      <symbol id="sm-31a">
         <name>_CSL_McbspData</name>
         <value>0x61bc</value>
         <object_component_ref idref="oc-e4"/>
      </symbol>
   </symbol_table>
</link_info>
