******************************************************************************
              TMS320C55x Linker Unix v4.4.1                    
******************************************************************************
>> Linked Tue Nov  4 22:36:43 2025

OUTPUT FILE NAME:   <AIC3204_init.out>
ENTRY POINT SYMBOL: "_c_int00"  address: 000063db


MEMORY CONFIGURATION

         name            origin    length      used     unused   attr    fill
                        (bytes)   (bytes)    (bytes)   (bytes)
----------------------  --------  ---------  --------  --------  ----  --------
  MMR                   00000000   000000c0  00000000  000000c0  RWIX
  DARAM0                000000c0   00001f3f  00000000  00001f3f  RWIX
  DARAM                 00002000   0000dc00  0000a560  000036a0  RWIX
  VECS                  0000fe00   00000200  00000100  00000100  RWIX
  CE0                   00010000   003f0000  00000000  003f0000  RWIX
  CE1                   00400000   00400000  00000000  00400000  RWIX
  CE2                   00800000   00400000  00000000  00400000  RWIX
  CE3                   00c00000   003f8000  00000000  003f8000  RWIX


SECTION ALLOCATION MAP
(Addresses surrounded by []'s are displayed for convenience only!)

output                                                          attributes/
section   page  orgn(bytes) orgn(words) len(bytes) len(words)   input sections
--------  ----  ----------- ----------- ---------- ----------   --------------
.pinit       0   [ 00002000 ]  00001000          *   00000000   UNINITIALIZED

.text        0     00002000  [ 00001000 ] 0000475c          *   
                   00002000  [ 00001000 ] 00001330          *   rts55.lib : _printfi.obj (.text)
                   00003330  [ 00001998 ] 0000046c          *             : lowlev.obj (.text)
                   0000379c  [ 00001bce ] 00000465          *             : trgdrv.obj (.text)
                   00003c01  [ 00001e00+] 000003c8          *             : divd.obj (.text)
                   00003fc9  [ 00001fe4+] 00000380          *             : memory.obj (.text)
                   00004349  [ 000021a4+] 0000027e          *   aic3204_codec_init.obj (.text)
                   000045c7  [ 000022e3+] 00000260          *   rts55.lib : addd.obj (.text)
                   00004827  [ 00002413+] 0000025e          *             : llmpy.obj (.text)
                   00004a85  [ 00002542+] 00000222          *             : fopen.obj (.text)
                   00004ca7  [ 00002653+] 000001ea          *             : cmpd.obj (.text)
                   00004e91  [ 00002748+] 00000002          *             : vectors.obj (.text)
                   00004e93  [ 00002749 ] 00000001          *   --HOLE-- [fill = 20]
                   00004e94  [ 0000274a ] 000001e8          *   csl5502.lib : mcbsp_rst.obj (.text:MCBSP_reset)
                   0000507c  [ 0000283e ] 0000018b          *               : i2c_write.obj (.text:I2C_write)
                   00005207  [ 00002903 ] 00000001          *   --HOLE-- [fill = 20]
                   00005208  [ 00002904 ] 0000015a          *               : i2c_read.obj (.text:I2C_read)
                   00005362  [ 000029b1 ] 00000158          *   rts55.lib : mpyd.obj (.text)
                   000054ba  [ 00002a5d ] 0000014c          *   ezdsp5502_i2cgpio.obj (.text)
                   00005606  [ 00002b03 ] 00000002          *   --HOLE-- [fill = 20]
                   00005608  [ 00002b04 ] 0000012b          *   csl5502.lib : mcbsp_cfg.obj (.text:MCBSP_config)
                   00005733  [ 00002b99+] 0000012a          *   rts55.lib : fputs.obj (.text)
                   0000585d  [ 00002c2e+] 000000b4          *             : _io_perm.obj (.text)
                   00005911  [ 00002c88 ] 00000003          *   --HOLE-- [fill = 20]
                   00005914  [ 00002c8a ] 000000b2          *   csl5502.lib : mcbsp_open.obj (.text:MCBSP_open)
                   000059c6  [ 00002ce3 ] 000000ad          *   rts55.lib : setvbuf.obj (.text)
                   00005a73  [ 00002d39+] 000000aa          *             : fflush.obj (.text)
                   00005b1d  [ 00002d8e+] 000000a8          *             : trgmsg.obj (.text:CIO_breakpoint)
                   00005bc5  [ 00002de2+] 000000a8          *   ezdsp5502_mcbsp.obj (.text)
                   00005c6d  [ 00002e36+] 000000a1          *   rts55.lib : divul.obj (.text)
                   00005d0e  [ 00002e87 ] 00000085          *             : fputc.obj (.text)
                   00005d93  [ 00002ec9 ] 00000001          *   --HOLE-- [fill = 20]
                   00005d94  [ 00002eca ] 00000082          *   csl5502.lib : mcbsp_start.obj (.text:MCBSP_start)
                   00005e16  [ 00002f0b ] 00000076          *   rts55.lib : frcmpyd.obj (.text)
                   00005e8c  [ 00002f46 ] 00000073          *             : frcmpyd_div.obj (.text)
                   00005eff  [ 00002f7f+] 00000073          *             : ltoa.obj (.text)
                   00005f72  [ 00002fb9 ] 00000072          *             : remul.obj (.text)
                   00005fe4  [ 00002ff2 ] 0000006f          *   csl5502.lib : i2c_cfg.obj (.text:I2C_config)
                   00006053  [ 00003029+] 0000006f          *   ezdsp5502.obj (.text)
                   000060c2  [ 00003061 ] 0000006f          *   rts55.lib : fixdli.obj (.text)
                   00006131  [ 00003098+] 0000006b          *             : autoinit.obj (.text)
                   0000619c  [ 000030ce ] 00000067          *   ezdsp5502_i2c.obj (.text)
                   00006203  [ 00003101+] 00000062          *   rts55.lib : fltlid.obj (.text)
                   00006265  [ 00003132+] 00000061          *             : fclose.obj (.text)
                   000062c6  [ 00003163 ] 00000061          *             : trgmsg.obj (.text)
                   00006327  [ 00003193+] 0000005c          *             : atoi.obj (.text)
                   00006383  [ 000031c1+] 00000058          *             : fseek.obj (.text)
                   000063db  [ 000031ed+] 0000004c          *             : boot.obj (.text)
                   00006427  [ 00003213+] 0000004b          *             : printf.obj (.text)
                   00006472  [ 00003239 ] 0000004b          *             : remli.obj (.text)
                   000064bd  [ 0000325e+] 00000048          *             : divli.obj (.text)
                   00006505  [ 00003282+] 00000040          *   main.obj (.text)
                   00006545  [ 000032a2+] 00000040          *   rts55.lib : args_main.obj (.text)
                   00006585  [ 000032c2+] 0000003f          *             : memcpy.obj (.text)
                   000065c4  [ 000032e2 ] 00000038          *             : exit.obj (.text)
                   000065fc  [ 000032fe ] 00000031          *   csl5502.lib : mcbsp_cls.obj (.text:MCBSP_close)
                   0000662d  [ 00003316+] 0000002a          *   rts55.lib : fixdi.obj (.text)
                   00006657  [ 0000332b+] 0000002a          *             : udiv.obj (.text)
                   00006681  [ 00003340+] 0000001f          *             : memccpy.obj (.text)
                   000066a0  [ 00003350 ] 0000001a          *             : isinf.obj (.text)
                   000066ba  [ 0000335d ] 00000014          *             : subd.obj (.text)
                   000066ce  [ 00003367 ] 00000013          *             : lmpy.obj (.text)
                   000066e1  [ 00003370+] 00000010          *             : _lock.obj (.text)
                   000066f1  [ 00003378+] 00000010          *             : negd.obj (.text)
                   00006701  [ 00003380 ] 00000003          *   --HOLE-- [fill = 20]
                   00006704  [ 00003382 ] 0000000d          *   csl5502.lib : irq_gdisab.obj (.text:IRQ_globalDisable)
                   00006711  [ 00003388 ] 00000003          *   --HOLE-- [fill = 20]
                   00006714  [ 0000338a ] 0000000c          *               : csl.obj (.text:CSL_init)
                   00006720  [ 00003390 ] 0000000c          *               : irq_grest.obj (.text:IRQ_globalRestore)
                   0000672c  [ 00003396 ] 0000000b          *               : _csl_init.obj (.text:_CSL_init)
                   00006737  [ 0000339b+] 0000000a          *   rts55.lib : remove.obj (.text)
                   00006741  [ 000033a0+] 00000007          *             : exit.obj (.text:CIO_breakpoint)
                   00006748  [ 000033a4 ] 00000007          *   csl5502.lib : mcbsp_r16.obj (.text:MCBSP_read16)
                   0000674f  [ 000033a7 ] 00000001          *   --HOLE-- [fill = 20]
                   00006750  [ 000033a8 ] 00000007          *               : mcbsp_w16.obj (.text:MCBSP_write16)
                   00006757  [ 000033ab ] 00000001          *   --HOLE-- [fill = 20]
                   00006758  [ 000033ac ] 00000002          *               : csl.obj (.text)
                   0000675a  [ 000033ad ] 00000002          *   --HOLE-- [fill = 20]

.data        0   [ 00002000 ]  00001000          *   00000000   UNINITIALIZED

.stack       0   [ 00006760 ]  000033b0          *   00001000   UNINITIALIZED
                 [ 00006760 ]  000033b0          *   00001000   --HOLE--

.sysmem      0   [ 00008760 ]  000043b0          *   00001000   UNINITIALIZED
                 [ 00008760 ]  000043b0          *   00001000   --HOLE--

.sysstack 
*            0   [ 0000a760 ]  000053b0          *   00000800   UNINITIALIZED
                 [ 0000a760 ]  000053b0          *   00000800   --HOLE--

.const       0   [ 0000b760 ]  00005bb0          *   00000258   
                 [ 0000b760 ]  00005bb0          *   00000101   rts55.lib : ctype.obj (.const:__ctypes_)
                 [ 0000b962 ]  00005cb1          *   000000ac   aic3204_codec_init.obj (.const:.string)
                 [ 0000baba ]  00005d5d          *   0000004b   main.obj (.const:.string)
                 [ 0000bb50 ]  00005da8          *   00000023   rts55.lib : _printfi.obj (.const:.string)
                 [ 0000bb96 ]  00005dcb          *   0000001b   ezdsp5502_mcbsp.obj (.const:_$P$T0$1)
                 [ 0000bbcc ]  00005de6          *   0000000c   rts55.lib : _printfi.obj (.const)
                 [ 0000bbe4 ]  00005df2          *   0000000a   ezdsp5502_i2c.obj (.const:_$P$T0$1)
                 [ 0000bbf8 ]  00005dfc          *   00000008   rts55.lib : divd.obj (.const:_initial_approx$1)
                 [ 0000bc08 ]  00005e04          *   00000002             : fputs.obj (.const:.string)
                 [ 0000bc0c ]  00005e06          *   00000002             : fltlid.obj (.const)

.bss         0   [ 0000bc20 ]  00005e10          *   0000021a   UNINITIALIZED
                 [ 0000bc20 ]  00005e10          *   000000dd   rts55.lib : defs.obj (.bss)
                 [ 0000bdda ]  00005eed          *   000000d0             : trgdrv.obj (.bss)
                 [ 0000bf7a ]  00005fbd          *   00000001   ezdsp5502_mcbsp.obj (.bss)
                 [ 0000bf7c ]  00005fbe          *   0000005d   rts55.lib : lowlev.obj (.bss)
                 [ 0000c036 ]  0000601b          *   00000001             : fopen.obj (.bss)
                 [ 0000c038 ]  0000601c          *   00000004             : _lock.obj (.bss)
                 [ 0000c040 ]  00006020          *   00000004             : exit.obj (.bss)
                 [ 0000c048 ]  00006024          *   00000004             : memory.obj (.bss)
                 [ 0000c050 ]  00006028          *   00000002   main.obj (.bss)

.cio         0   [ 0000c060 ]  00006030          *   00000120   UNINITIALIZED
                 [ 0000c060 ]  00006030          *   00000120   rts55.lib : trgmsg.obj (.cio)

.cinit       0   [ 0000c2a0 ]  00006150          *   000000ea   
                 [ 0000c2a0 ]  00006150          *   00000069   csl5502.lib : csl_mcbspdat.obj (.cinit)
                 [ 0000c372 ]  000061b9          *   00000028   rts55.lib : lowlev.obj (.cinit)
                 [ 0000c3c2 ]  000061e1          *   00000023   csl5502.lib : csl_csldat.obj (.cinit)
                 [ 0000c408 ]  00006204          *   00000019   rts55.lib : defs.obj (.cinit)
                 [ 0000c43a ]  0000621d          *   0000000a             : _lock.obj (.cinit)
                 [ 0000c44e ]  00006227          *   0000000a             : exit.obj (.cinit)
                 [ 0000c462 ]  00006231          *   00000004             : fopen.obj (.cinit)
                 [ 0000c46a ]  00006235          *   00000004             : memory.obj (.cinit)
                 [ 0000c472 ]  00006239          *   00000001   --HOLE-- [fill = 0]

.csldata     0   [ 0000c480 ]  00006240          *   00000086   UNINITIALIZED
                 [ 0000c480 ]  00006240          *   00000066   csl5502.lib : csl_mcbspdat.obj (.csldata:MCBSP_data)
                 [ 0000c54c ]  000062a6          *   00000020               : csl_csldat.obj (.csldata:SYS_data)

vectors      0     0000fe00  [ 00007f00 ] 00000100          *   
                   0000fe00  [ 00007f00 ] 00000100          *   rts55.lib : vectors.obj (vectors)


GLOBAL SYMBOLS: SORTED ALPHABETICALLY BY Name 

abs. value/
byte addr   word addr   name
---------   ---------   ----
00000002                $TI_capability$C5500$CallingConvention
00000001                $TI_capability$C5500$MemoryModel
00000001                $TI_capability_requires_rev2
            00005e10    .bss
            00001000    .data
00002000                .text
00006742                C$$EXIT
00005bc0                C$$IO$$
000066ce                I$$LMPY
00006657                I$$UDIV
0000666c                I$$UMOD
000043be                _AIC3204_codec_init
00004349                _AIC3204_rget
00004394                _AIC3204_rset
00006758                _CSL5502_LIB_
            00006240    _CSL_McbspData
            000062a6    _CSL_SysData
00006714                _CSL_init
000054ba                _EZDSP5502_I2CGPIO_configLine
00005591                _EZDSP5502_I2CGPIO_read
0000550d                _EZDSP5502_I2CGPIO_readLine
000055dc                _EZDSP5502_I2CGPIO_write
0000553e                _EZDSP5502_I2CGPIO_writeLine
0000619c                _EZDSP5502_I2C_init
000061e1                _EZDSP5502_I2C_read
000061b7                _EZDSP5502_I2C_reset
000061c1                _EZDSP5502_I2C_write
00005c03                _EZDSP5502_MCBSP_close
00005bc5                _EZDSP5502_MCBSP_init
00005c3f                _EZDSP5502_MCBSP_read
00005c13                _EZDSP5502_MCBSP_write
000060a9                _EZDSP5502_init
00006063                _EZDSP5502_wait
00006097                _EZDSP5502_waitusec
00003bb2                _HOSTclock
00003b5b                _HOSTclose
00003ab8                _HOSTlseek
00003a31                _HOSTopen
000039b7                _HOSTread
0000391e                _HOSTrename
000038cf                _HOSTtime
00003878                _HOSTunlink
000037fe                _HOSTwrite
00005fe4                _I2C_config
00005208                _I2C_read
0000507c                _I2C_write
00006704                _IRQ_globalDisable
00006720                _IRQ_globalRestore
000065fc                _MCBSP_close
00005608                _MCBSP_config
00005914                _MCBSP_open
00006748                _MCBSP_read16
00004e94                _MCBSP_reset
00005d94                _MCBSP_start
00006750                _MCBSP_write16
0000fe00                _Reset
            00006030    __CIOBUF_
0000672c                __CSL_init
            000043b0    __STACK_END
00002000                __STACK_SIZE
00002000                __SYSMEM_SIZE
00001000                __SYSSTACK_SIZE
00000001                __TI_args_main
ffffffff                ___binit__
            00005e10    ___bss__
ffffffff                ___c_args__
            00006150    ___cinit__
            00001000    ___data__
            00001000    ___edata__
            0000602a    ___end__
0000675c                ___etext__
000066a0                ___isinf
ffffffff                ___pinit__
00002000                ___text__
000045c7                __addd
00006545                __args_main
00004b94                __cleanup
            00006020    __cleanup_ptr
00004e39                __cmpd
            00005bb0    __ctypes_
00003c01                __divd
000064bd                __divli
00004a50                __divlli
00006657                __divu
00005c6d                __divul
0000495c                __divull
00005a73                __doflush
            00006022    __dtors_ptr
00004e05                __eqld
0000662d                __fixdi
000060c2                __fixdli
00006203                __fltlid
00005e16                __frcmpyd
00005e8c                __frcmpyd_div
            00005eec    __ft_end
            00005e10    __ftable
00004dbb                __geqd
00004d70                __gtrd
00004d23                __leqd
            0000601c    __lock
00004cdb                __lssd
00005362                __mpyd
000066ce                __mpyli
000048a4                __mpylli
000066f1                __negd
00004ca7                __neqd
000066ef                __nop
0000315c                __printfi
000058c3                __rd_ok
000066e8                __register_lock
000066e1                __register_unlock
00006472                __remli
00004875                __remlli
0000666c                __remu
00005f72                __remul
00004827                __remull
            000033b0    __stack
000066ba                __subd
            000043b0    __sys_memory
            000053b0    __sysstack
            00005e4c    __tmpnams
            0000601e    __unlock
0000585d                __wrt_ok
00006741                _abort
000036c6                _add_device
            00005fbd    _aicMcbsp
00006327                _atoi
00006131                _auto_init
000063db                _c_int00
00004327                _calloc
00004323                _chkheap
00003669                _close
000045bd                _disableAic3204
000065c4                _exit
00006265                _fclose
00005acc                _fflush
00003660                _find_registered_device
00004c7b                _fopen
00005d0e                _fputc
00005733                _fputs
00003fc9                _free
000042dd                _free_memory
00004be2                _freopen
00006383                _fseek
0000379c                _getenv
000045b3                _initAic3204
            00006028    _left_channel
00003609                _lseek
00005eff                _ltoa
00006505                _main
000040a4                _malloc
00004294                _max_free
00006681                _memccpy
00006585                _memcpy
00004058                _minit
00003575                _open
00006427                _printf
00005d0e                _putc
00005d86                _putchar
0000583b                _puts
000034e4                _read
000062c6                _readmsg
00004150                _realloc
00006737                _remove
000034b7                _remove_device
0000346d                _rename
            00006029    _right_channel
000059c6                _setvbuf
0000343f                _unlink
00003330                _write
00005b1d                _writemsg
ffffffff                binit
            00006150    cinit
            00001000    edata
            0000602a    end
0000675c                etext
ffffffff                pinit


GLOBAL SYMBOLS: SORTED BY Symbol Address 

abs. value/
byte addr   word addr   name
---------   ---------   ----
00000001                $TI_capability$C5500$MemoryModel
00000001                $TI_capability_requires_rev2
00000001                __TI_args_main
00000002                $TI_capability$C5500$CallingConvention
00001000                __SYSSTACK_SIZE
            00001000    .data
00002000                .text
00002000                __STACK_SIZE
00002000                __SYSMEM_SIZE
            00001000    ___data__
            00001000    ___edata__
00002000                ___text__
            00001000    edata
0000315c                __printfi
00003330                _write
0000343f                _unlink
0000346d                _rename
000034b7                _remove_device
000034e4                _read
00003575                _open
00003609                _lseek
00003660                _find_registered_device
00003669                _close
000036c6                _add_device
0000379c                _getenv
000037fe                _HOSTwrite
00003878                _HOSTunlink
000038cf                _HOSTtime
0000391e                _HOSTrename
000039b7                _HOSTread
00003a31                _HOSTopen
00003ab8                _HOSTlseek
00003b5b                _HOSTclose
00003bb2                _HOSTclock
00003c01                __divd
00003fc9                _free
00004058                _minit
000040a4                _malloc
00004150                _realloc
00004294                _max_free
000042dd                _free_memory
00004323                _chkheap
00004327                _calloc
00004349                _AIC3204_rget
00004394                _AIC3204_rset
000043be                _AIC3204_codec_init
000045b3                _initAic3204
000045bd                _disableAic3204
000045c7                __addd
00004827                __remull
00004875                __remlli
000048a4                __mpylli
0000495c                __divull
00004a50                __divlli
00004b94                __cleanup
00004be2                _freopen
00004c7b                _fopen
00004ca7                __neqd
00004cdb                __lssd
00004d23                __leqd
00004d70                __gtrd
00004dbb                __geqd
00004e05                __eqld
00004e39                __cmpd
00004e94                _MCBSP_reset
0000507c                _I2C_write
00005208                _I2C_read
00005362                __mpyd
000054ba                _EZDSP5502_I2CGPIO_configLine
0000550d                _EZDSP5502_I2CGPIO_readLine
0000553e                _EZDSP5502_I2CGPIO_writeLine
00005591                _EZDSP5502_I2CGPIO_read
000055dc                _EZDSP5502_I2CGPIO_write
00005608                _MCBSP_config
00005733                _fputs
0000583b                _puts
0000585d                __wrt_ok
000058c3                __rd_ok
00005914                _MCBSP_open
000059c6                _setvbuf
00005a73                __doflush
00005acc                _fflush
00005b1d                _writemsg
00005bc0                C$$IO$$
00005bc5                _EZDSP5502_MCBSP_init
00005c03                _EZDSP5502_MCBSP_close
00005c13                _EZDSP5502_MCBSP_write
00005c3f                _EZDSP5502_MCBSP_read
00005c6d                __divul
00005d0e                _fputc
00005d0e                _putc
00005d86                _putchar
00005d94                _MCBSP_start
00005e16                __frcmpyd
00005e8c                __frcmpyd_div
00005eff                _ltoa
00005f72                __remul
00005fe4                _I2C_config
00006063                _EZDSP5502_wait
00006097                _EZDSP5502_waitusec
000060a9                _EZDSP5502_init
000060c2                __fixdli
00006131                _auto_init
0000619c                _EZDSP5502_I2C_init
000061b7                _EZDSP5502_I2C_reset
000061c1                _EZDSP5502_I2C_write
000061e1                _EZDSP5502_I2C_read
00006203                __fltlid
00006265                _fclose
000062c6                _readmsg
00006327                _atoi
00006383                _fseek
000063db                _c_int00
00006427                _printf
00006472                __remli
000064bd                __divli
00006505                _main
00006545                __args_main
00006585                _memcpy
000065c4                _exit
000065fc                _MCBSP_close
0000662d                __fixdi
00006657                I$$UDIV
00006657                __divu
0000666c                I$$UMOD
0000666c                __remu
00006681                _memccpy
000066a0                ___isinf
000066ba                __subd
000066ce                I$$LMPY
000066ce                __mpyli
000066e1                __register_unlock
000066e8                __register_lock
000066ef                __nop
000066f1                __negd
00006704                _IRQ_globalDisable
00006714                _CSL_init
00006720                _IRQ_globalRestore
0000672c                __CSL_init
00006737                _remove
00006741                _abort
00006742                C$$EXIT
00006748                _MCBSP_read16
00006750                _MCBSP_write16
00006758                _CSL5502_LIB_
0000675c                ___etext__
0000675c                etext
            000033b0    __stack
            000043b0    __STACK_END
            000043b0    __sys_memory
            000053b0    __sysstack
            00005bb0    __ctypes_
            00005e10    .bss
            00005e10    ___bss__
            00005e10    __ftable
            00005e4c    __tmpnams
            00005eec    __ft_end
            00005fbd    _aicMcbsp
            0000601c    __lock
            0000601e    __unlock
            00006020    __cleanup_ptr
            00006022    __dtors_ptr
            00006028    _left_channel
            00006029    _right_channel
            0000602a    ___end__
            0000602a    end
            00006030    __CIOBUF_
            00006150    ___cinit__
            00006150    cinit
            00006240    _CSL_McbspData
            000062a6    _CSL_SysData
0000fe00                _Reset
ffffffff                ___binit__
ffffffff                ___c_args__
ffffffff                ___pinit__
ffffffff                binit
ffffffff                pinit

[177 symbols]
