******************************************************************************
              TMS320C55x Linker Unix v4.4.1                    
******************************************************************************
>> Linked Tue Nov  4 19:54:56 2025

OUTPUT FILE NAME:   <AIC3204_init.out>
ENTRY POINT SYMBOL: "_c_int00"  address: 000046db


MEMORY CONFIGURATION

         name            origin    length      used     unused   attr    fill
                        (bytes)   (bytes)    (bytes)   (bytes)
----------------------  --------  ---------  --------  --------  ----  --------
PAGE 0:
  MMR                   00000000   000000c0  00000000  000000c0  RWIX
  BTRSVD                000000c0   00000240  00000000  00000240  RWIX
  DARAM                 00000300   0000fb00  0000a560  000055a0  RWIX
  VECS                  0000fe00   00000200  00000100  00000100  RWIX
  CE0                   00010000   003f0000  00000000  003f0000  RWIX
  CE1                   00400000   00400000  00000000  00400000  RWIX
  CE2                   00800000   00400000  00000000  00400000  RWIX
  CE3                   00c00000   003f8000  00000000  003f8000  RWIX
  PDROM                 00ff8000   00008000  00000000  00008000  R IX

PAGE 2:
  IOPORT                00000000   00020000  00000000  00020000  RWI 


SECTION ALLOCATION MAP
(Addresses surrounded by []'s are displayed for convenience only!)

output                                                          attributes/
section   page  orgn(bytes) orgn(words) len(bytes) len(words)   input sections
--------  ----  ----------- ----------- ---------- ----------   --------------
.text        0     00000300  [ 00000180 ] 0000475c          *   
                   00000300  [ 00000180 ] 00001330          *   rts55.lib : _printfi.obj (.text)
                   00001630  [ 00000b18 ] 0000046c          *             : lowlev.obj (.text)
                   00001a9c  [ 00000d4e ] 00000465          *             : trgdrv.obj (.text)
                   00001f01  [ 00000f80+] 000003c8          *             : divd.obj (.text)
                   000022c9  [ 00001164+] 00000380          *             : memory.obj (.text)
                   00002649  [ 00001324+] 0000027e          *   aic3204_codec_init.obj (.text)
                   000028c7  [ 00001463+] 00000260          *   rts55.lib : addd.obj (.text)
                   00002b27  [ 00001593+] 0000025e          *             : llmpy.obj (.text)
                   00002d85  [ 000016c2+] 00000222          *             : fopen.obj (.text)
                   00002fa7  [ 000017d3+] 000001ea          *             : cmpd.obj (.text)
                   00003191  [ 000018c8+] 00000002          *             : vectors.obj (.text)
                   00003193  [ 000018c9 ] 00000001          *   --HOLE-- [fill = 20]
                   00003194  [ 000018ca ] 000001e8          *   csl5502.lib : mcbsp_rst.obj (.text:MCBSP_reset)
                   0000337c  [ 000019be ] 0000018b          *               : i2c_write.obj (.text:I2C_write)
                   00003507  [ 00001a83 ] 00000001          *   --HOLE-- [fill = 20]
                   00003508  [ 00001a84 ] 0000015a          *               : i2c_read.obj (.text:I2C_read)
                   00003662  [ 00001b31 ] 00000158          *   rts55.lib : mpyd.obj (.text)
                   000037ba  [ 00001bdd ] 0000014c          *   ezdsp5502_i2cgpio.obj (.text)
                   00003906  [ 00001c83 ] 00000002          *   --HOLE-- [fill = 20]
                   00003908  [ 00001c84 ] 0000012b          *   csl5502.lib : mcbsp_cfg.obj (.text:MCBSP_config)
                   00003a33  [ 00001d19+] 0000012a          *   rts55.lib : fputs.obj (.text)
                   00003b5d  [ 00001dae+] 000000b4          *             : _io_perm.obj (.text)
                   00003c11  [ 00001e08 ] 00000003          *   --HOLE-- [fill = 20]
                   00003c14  [ 00001e0a ] 000000b2          *   csl5502.lib : mcbsp_open.obj (.text:MCBSP_open)
                   00003cc6  [ 00001e63 ] 000000ad          *   rts55.lib : setvbuf.obj (.text)
                   00003d73  [ 00001eb9+] 000000aa          *             : fflush.obj (.text)
                   00003e1d  [ 00001f0e+] 000000a8          *             : trgmsg.obj (.text:CIO_breakpoint)
                   00003ec5  [ 00001f62+] 000000a8          *   ezdsp5502_mcbsp.obj (.text)
                   00003f6d  [ 00001fb6+] 000000a1          *   rts55.lib : divul.obj (.text)
                   0000400e  [ 00002007 ] 00000085          *             : fputc.obj (.text)
                   00004093  [ 00002049 ] 00000001          *   --HOLE-- [fill = 20]
                   00004094  [ 0000204a ] 00000082          *   csl5502.lib : mcbsp_start.obj (.text:MCBSP_start)
                   00004116  [ 0000208b ] 00000076          *   rts55.lib : frcmpyd.obj (.text)
                   0000418c  [ 000020c6 ] 00000073          *             : frcmpyd_div.obj (.text)
                   000041ff  [ 000020ff+] 00000073          *             : ltoa.obj (.text)
                   00004272  [ 00002139 ] 00000072          *             : remul.obj (.text)
                   000042e4  [ 00002172 ] 0000006f          *   csl5502.lib : i2c_cfg.obj (.text:I2C_config)
                   00004353  [ 000021a9+] 0000006f          *   ezdsp5502.obj (.text)
                   000043c2  [ 000021e1 ] 0000006f          *   rts55.lib : fixdli.obj (.text)
                   00004431  [ 00002218+] 0000006b          *             : autoinit.obj (.text)
                   0000449c  [ 0000224e ] 00000067          *   ezdsp5502_i2c.obj (.text)
                   00004503  [ 00002281+] 00000062          *   rts55.lib : fltlid.obj (.text)
                   00004565  [ 000022b2+] 00000061          *             : fclose.obj (.text)
                   000045c6  [ 000022e3 ] 00000061          *             : trgmsg.obj (.text)
                   00004627  [ 00002313+] 0000005c          *             : atoi.obj (.text)
                   00004683  [ 00002341+] 00000058          *             : fseek.obj (.text)
                   000046db  [ 0000236d+] 0000004c          *             : boot.obj (.text)
                   00004727  [ 00002393+] 0000004b          *             : printf.obj (.text)
                   00004772  [ 000023b9 ] 0000004b          *             : remli.obj (.text)
                   000047bd  [ 000023de+] 00000048          *             : divli.obj (.text)
                   00004805  [ 00002402+] 00000040          *   main.obj (.text)
                   00004845  [ 00002422+] 00000040          *   rts55.lib : args_main.obj (.text)
                   00004885  [ 00002442+] 0000003f          *             : memcpy.obj (.text)
                   000048c4  [ 00002462 ] 00000038          *             : exit.obj (.text)
                   000048fc  [ 0000247e ] 00000031          *   csl5502.lib : mcbsp_cls.obj (.text:MCBSP_close)
                   0000492d  [ 00002496+] 0000002a          *   rts55.lib : fixdi.obj (.text)
                   00004957  [ 000024ab+] 0000002a          *             : udiv.obj (.text)
                   00004981  [ 000024c0+] 0000001f          *             : memccpy.obj (.text)
                   000049a0  [ 000024d0 ] 0000001a          *             : isinf.obj (.text)
                   000049ba  [ 000024dd ] 00000014          *             : subd.obj (.text)
                   000049ce  [ 000024e7 ] 00000013          *             : lmpy.obj (.text)
                   000049e1  [ 000024f0+] 00000010          *             : _lock.obj (.text)
                   000049f1  [ 000024f8+] 00000010          *             : negd.obj (.text)
                   00004a01  [ 00002500 ] 00000003          *   --HOLE-- [fill = 20]
                   00004a04  [ 00002502 ] 0000000d          *   csl5502.lib : irq_gdisab.obj (.text:IRQ_globalDisable)
                   00004a11  [ 00002508 ] 00000003          *   --HOLE-- [fill = 20]
                   00004a14  [ 0000250a ] 0000000c          *               : csl.obj (.text:CSL_init)
                   00004a20  [ 00002510 ] 0000000c          *               : irq_grest.obj (.text:IRQ_globalRestore)
                   00004a2c  [ 00002516 ] 0000000b          *               : _csl_init.obj (.text:_CSL_init)
                   00004a37  [ 0000251b+] 0000000a          *   rts55.lib : remove.obj (.text)
                   00004a41  [ 00002520+] 00000007          *             : exit.obj (.text:CIO_breakpoint)
                   00004a48  [ 00002524 ] 00000007          *   csl5502.lib : mcbsp_r16.obj (.text:MCBSP_read16)
                   00004a4f  [ 00002527 ] 00000001          *   --HOLE-- [fill = 20]
                   00004a50  [ 00002528 ] 00000007          *               : mcbsp_w16.obj (.text:MCBSP_write16)
                   00004a57  [ 0000252b ] 00000001          *   --HOLE-- [fill = 20]
                   00004a58  [ 0000252c ] 00000002          *               : csl.obj (.text)
                   00004a5a  [ 0000252d ] 00000002          *   --HOLE-- [fill = 20]

.data        0   [ 00000300 ]  00000180          *   00000000   

.pinit       0   [ 00000300 ]  00000180          *   00000000   

.stack       0   [ 00004a60 ]  00002530          *   00001000   
                 [ 00004a60 ]  00002530          *   00001000   --HOLE-- [fill = 00]

.sysmem      0   [ 00006a60 ]  00003530          *   00001000   UNINITIALIZED
                 [ 00006a60 ]  00003530          *   00001000   --HOLE--

.sysstack 
*            0   [ 00008a60 ]  00004530          *   00000800   
                 [ 00008a60 ]  00004530          *   00000800   --HOLE-- [fill = 00]

.const       0   [ 00009a60 ]  00004d30          *   00000258   
                 [ 00009a60 ]  00004d30          *   00000101   rts55.lib : ctype.obj (.const:__ctypes_)
                 [ 00009c62 ]  00004e31          *   000000ac   aic3204_codec_init.obj (.const:.string)
                 [ 00009dba ]  00004edd          *   0000004b   main.obj (.const:.string)
                 [ 00009e50 ]  00004f28          *   00000023   rts55.lib : _printfi.obj (.const:.string)
                 [ 00009e96 ]  00004f4b          *   0000001b   ezdsp5502_mcbsp.obj (.const:_$P$T0$1)
                 [ 00009ecc ]  00004f66          *   0000000c   rts55.lib : _printfi.obj (.const)
                 [ 00009ee4 ]  00004f72          *   0000000a   ezdsp5502_i2c.obj (.const:_$P$T0$1)
                 [ 00009ef8 ]  00004f7c          *   00000008   rts55.lib : divd.obj (.const:_initial_approx$1)
                 [ 00009f08 ]  00004f84          *   00000002             : fputs.obj (.const:.string)
                 [ 00009f0c ]  00004f86          *   00000002             : fltlid.obj (.const)

.bss         0   [ 00009f20 ]  00004f90          *   0000021a   
                 [ 00009f20 ]  00004f90          *   000000dd   rts55.lib : defs.obj (.bss) [fill = 00]
                 [ 0000a0da ]  0000506d          *   000000d0             : trgdrv.obj (.bss) [fill = 00]
                 [ 0000a27a ]  0000513d          *   00000001   ezdsp5502_mcbsp.obj (.bss) [fill = 00]
                 [ 0000a27c ]  0000513e          *   0000005d   rts55.lib : lowlev.obj (.bss) [fill = 00]
                 [ 0000a336 ]  0000519b          *   00000001             : fopen.obj (.bss) [fill = 00]
                 [ 0000a338 ]  0000519c          *   00000004             : _lock.obj (.bss) [fill = 00]
                 [ 0000a340 ]  000051a0          *   00000004             : exit.obj (.bss) [fill = 00]
                 [ 0000a348 ]  000051a4          *   00000004             : memory.obj (.bss) [fill = 00]
                 [ 0000a350 ]  000051a8          *   00000002   main.obj (.bss) [fill = 00]

.cio         0   [ 0000a360 ]  000051b0          *   00000120   
                 [ 0000a360 ]  000051b0          *   00000120   rts55.lib : trgmsg.obj (.cio) [fill = 00]

.cinit       0   [ 0000a5a0 ]  000052d0          *   000000ea   
                 [ 0000a5a0 ]  000052d0          *   00000069   csl5502.lib : csl_mcbspdat.obj (.cinit)
                 [ 0000a672 ]  00005339          *   00000028   rts55.lib : lowlev.obj (.cinit)
                 [ 0000a6c2 ]  00005361          *   00000023   csl5502.lib : csl_csldat.obj (.cinit)
                 [ 0000a708 ]  00005384          *   00000019   rts55.lib : defs.obj (.cinit)
                 [ 0000a73a ]  0000539d          *   0000000a             : _lock.obj (.cinit)
                 [ 0000a74e ]  000053a7          *   0000000a             : exit.obj (.cinit)
                 [ 0000a762 ]  000053b1          *   00000004             : fopen.obj (.cinit)
                 [ 0000a76a ]  000053b5          *   00000004             : memory.obj (.cinit)
                 [ 0000a772 ]  000053b9          *   00000001   --HOLE-- [fill = 0]

.csldata     0   [ 0000a780 ]  000053c0          *   00000086   
                 [ 0000a780 ]  000053c0          *   00000066   csl5502.lib : csl_mcbspdat.obj (.csldata:MCBSP_data) [fill = 00]
                 [ 0000a84c ]  00005426          *   00000020               : csl_csldat.obj (.csldata:SYS_data) [fill = 00]

vectors      0     0000fe00  [ 00007f00 ] 00000100          *   
                   0000fe00  [ 00007f00 ] 00000100          *   rts55.lib : vectors.obj (vectors)


GLOBAL SYMBOLS: SORTED ALPHABETICALLY BY Name 

abs. value/
byte addr   word addr   name
---------   ---------   ----
00000002                $TI_capability$C5500$CallingConvention
00000001                $TI_capability$C5500$MemoryModel
00000001                $TI_capability_requires_rev2
            00004f90    .bss
            00000180    .data
00000300                .text
00004a42                C$$EXIT
00003ec0                C$$IO$$
000049ce                I$$LMPY
00004957                I$$UDIV
0000496c                I$$UMOD
000026be                _AIC3204_codec_init
00002649                _AIC3204_rget
00002694                _AIC3204_rset
00004a58                _CSL5502_LIB_
            000053c0    _CSL_McbspData
            00005426    _CSL_SysData
00004a14                _CSL_init
000037ba                _EZDSP5502_I2CGPIO_configLine
00003891                _EZDSP5502_I2CGPIO_read
0000380d                _EZDSP5502_I2CGPIO_readLine
000038dc                _EZDSP5502_I2CGPIO_write
0000383e                _EZDSP5502_I2CGPIO_writeLine
0000449c                _EZDSP5502_I2C_init
000044e1                _EZDSP5502_I2C_read
000044b7                _EZDSP5502_I2C_reset
000044c1                _EZDSP5502_I2C_write
00003f03                _EZDSP5502_MCBSP_close
00003ec5                _EZDSP5502_MCBSP_init
00003f3f                _EZDSP5502_MCBSP_read
00003f13                _EZDSP5502_MCBSP_write
000043a9                _EZDSP5502_init
00004363                _EZDSP5502_wait
00004397                _EZDSP5502_waitusec
00001eb2                _HOSTclock
00001e5b                _HOSTclose
00001db8                _HOSTlseek
00001d31                _HOSTopen
00001cb7                _HOSTread
00001c1e                _HOSTrename
00001bcf                _HOSTtime
00001b78                _HOSTunlink
00001afe                _HOSTwrite
000042e4                _I2C_config
00003508                _I2C_read
0000337c                _I2C_write
00004a04                _IRQ_globalDisable
00004a20                _IRQ_globalRestore
000048fc                _MCBSP_close
00003908                _MCBSP_config
00003c14                _MCBSP_open
00004a48                _MCBSP_read16
00003194                _MCBSP_reset
00004094                _MCBSP_start
00004a50                _MCBSP_write16
0000fe00                _Reset
            000051b0    __CIOBUF_
00004a2c                __CSL_init
            00003530    __STACK_END
00002000                __STACK_SIZE
00002000                __SYSMEM_SIZE
00001000                __SYSSTACK_SIZE
00000001                __TI_args_main
ffffffff                ___binit__
            00004f90    ___bss__
ffffffff                ___c_args__
            000052d0    ___cinit__
            00000180    ___data__
            00000180    ___edata__
            000051aa    ___end__
00004a5c                ___etext__
000049a0                ___isinf
ffffffff                ___pinit__
00000300                ___text__
000028c7                __addd
00004845                __args_main
00002e94                __cleanup
            000051a0    __cleanup_ptr
00003139                __cmpd
            00004d30    __ctypes_
00001f01                __divd
000047bd                __divli
00002d50                __divlli
00004957                __divu
00003f6d                __divul
00002c5c                __divull
00003d73                __doflush
            000051a2    __dtors_ptr
00003105                __eqld
0000492d                __fixdi
000043c2                __fixdli
00004503                __fltlid
00004116                __frcmpyd
0000418c                __frcmpyd_div
            0000506c    __ft_end
            00004f90    __ftable
000030bb                __geqd
00003070                __gtrd
00003023                __leqd
            0000519c    __lock
00002fdb                __lssd
00003662                __mpyd
000049ce                __mpyli
00002ba4                __mpylli
000049f1                __negd
00002fa7                __neqd
000049ef                __nop
0000145c                __printfi
00003bc3                __rd_ok
000049e8                __register_lock
000049e1                __register_unlock
00004772                __remli
00002b75                __remlli
0000496c                __remu
00004272                __remul
00002b27                __remull
            00002530    __stack
000049ba                __subd
            00003530    __sys_memory
            00004530    __sysstack
            00004fcc    __tmpnams
            0000519e    __unlock
00003b5d                __wrt_ok
00004a41                _abort
000019c6                _add_device
            0000513d    _aicMcbsp
00004627                _atoi
00004431                _auto_init
000046db                _c_int00
00002627                _calloc
00002623                _chkheap
00001969                _close
000028bd                _disableAic3204
000048c4                _exit
00004565                _fclose
00003dcc                _fflush
00001960                _find_registered_device
00002f7b                _fopen
0000400e                _fputc
00003a33                _fputs
000022c9                _free
000025dd                _free_memory
00002ee2                _freopen
00004683                _fseek
00001a9c                _getenv
000028b3                _initAic3204
            000051a8    _left_channel
00001909                _lseek
000041ff                _ltoa
00004805                _main
000023a4                _malloc
00002594                _max_free
00004981                _memccpy
00004885                _memcpy
00002358                _minit
00001875                _open
00004727                _printf
0000400e                _putc
00004086                _putchar
00003b3b                _puts
000017e4                _read
000045c6                _readmsg
00002450                _realloc
00004a37                _remove
000017b7                _remove_device
0000176d                _rename
            000051a9    _right_channel
00003cc6                _setvbuf
0000173f                _unlink
00001630                _write
00003e1d                _writemsg
ffffffff                binit
            000052d0    cinit
            00000180    edata
            000051aa    end
00004a5c                etext
ffffffff                pinit


GLOBAL SYMBOLS: SORTED BY Symbol Address 

abs. value/
byte addr   word addr   name
---------   ---------   ----
00000001                $TI_capability$C5500$MemoryModel
00000001                $TI_capability_requires_rev2
00000001                __TI_args_main
00000002                $TI_capability$C5500$CallingConvention
            00000180    .data
00000300                .text
            00000180    ___data__
            00000180    ___edata__
00000300                ___text__
            00000180    edata
00001000                __SYSSTACK_SIZE
0000145c                __printfi
00001630                _write
0000173f                _unlink
0000176d                _rename
000017b7                _remove_device
000017e4                _read
00001875                _open
00001909                _lseek
00001960                _find_registered_device
00001969                _close
000019c6                _add_device
00001a9c                _getenv
00001afe                _HOSTwrite
00001b78                _HOSTunlink
00001bcf                _HOSTtime
00001c1e                _HOSTrename
00001cb7                _HOSTread
00001d31                _HOSTopen
00001db8                _HOSTlseek
00001e5b                _HOSTclose
00001eb2                _HOSTclock
00001f01                __divd
00002000                __STACK_SIZE
00002000                __SYSMEM_SIZE
000022c9                _free
00002358                _minit
000023a4                _malloc
00002450                _realloc
00002594                _max_free
000025dd                _free_memory
00002623                _chkheap
00002627                _calloc
00002649                _AIC3204_rget
00002694                _AIC3204_rset
000026be                _AIC3204_codec_init
000028b3                _initAic3204
000028bd                _disableAic3204
000028c7                __addd
00002b27                __remull
00002b75                __remlli
00002ba4                __mpylli
00002c5c                __divull
00002d50                __divlli
00002e94                __cleanup
00002ee2                _freopen
00002f7b                _fopen
00002fa7                __neqd
00002fdb                __lssd
00003023                __leqd
00003070                __gtrd
000030bb                __geqd
00003105                __eqld
00003139                __cmpd
00003194                _MCBSP_reset
0000337c                _I2C_write
00003508                _I2C_read
00003662                __mpyd
000037ba                _EZDSP5502_I2CGPIO_configLine
0000380d                _EZDSP5502_I2CGPIO_readLine
0000383e                _EZDSP5502_I2CGPIO_writeLine
00003891                _EZDSP5502_I2CGPIO_read
000038dc                _EZDSP5502_I2CGPIO_write
00003908                _MCBSP_config
00003a33                _fputs
00003b3b                _puts
00003b5d                __wrt_ok
00003bc3                __rd_ok
00003c14                _MCBSP_open
00003cc6                _setvbuf
00003d73                __doflush
00003dcc                _fflush
00003e1d                _writemsg
00003ec0                C$$IO$$
00003ec5                _EZDSP5502_MCBSP_init
00003f03                _EZDSP5502_MCBSP_close
00003f13                _EZDSP5502_MCBSP_write
00003f3f                _EZDSP5502_MCBSP_read
00003f6d                __divul
0000400e                _fputc
0000400e                _putc
00004086                _putchar
00004094                _MCBSP_start
00004116                __frcmpyd
0000418c                __frcmpyd_div
000041ff                _ltoa
00004272                __remul
000042e4                _I2C_config
00004363                _EZDSP5502_wait
00004397                _EZDSP5502_waitusec
000043a9                _EZDSP5502_init
000043c2                __fixdli
00004431                _auto_init
0000449c                _EZDSP5502_I2C_init
000044b7                _EZDSP5502_I2C_reset
000044c1                _EZDSP5502_I2C_write
000044e1                _EZDSP5502_I2C_read
00004503                __fltlid
00004565                _fclose
000045c6                _readmsg
00004627                _atoi
00004683                _fseek
000046db                _c_int00
00004727                _printf
00004772                __remli
000047bd                __divli
00004805                _main
00004845                __args_main
00004885                _memcpy
000048c4                _exit
000048fc                _MCBSP_close
0000492d                __fixdi
00004957                I$$UDIV
00004957                __divu
0000496c                I$$UMOD
0000496c                __remu
00004981                _memccpy
000049a0                ___isinf
000049ba                __subd
000049ce                I$$LMPY
000049ce                __mpyli
000049e1                __register_unlock
000049e8                __register_lock
000049ef                __nop
000049f1                __negd
00004a04                _IRQ_globalDisable
00004a14                _CSL_init
00004a20                _IRQ_globalRestore
00004a2c                __CSL_init
00004a37                _remove
00004a41                _abort
00004a42                C$$EXIT
00004a48                _MCBSP_read16
00004a50                _MCBSP_write16
00004a58                _CSL5502_LIB_
00004a5c                ___etext__
00004a5c                etext
            00002530    __stack
            00003530    __STACK_END
            00003530    __sys_memory
            00004530    __sysstack
            00004d30    __ctypes_
            00004f90    .bss
            00004f90    ___bss__
            00004f90    __ftable
            00004fcc    __tmpnams
            0000506c    __ft_end
            0000513d    _aicMcbsp
            0000519c    __lock
            0000519e    __unlock
            000051a0    __cleanup_ptr
            000051a2    __dtors_ptr
            000051a8    _left_channel
            000051a9    _right_channel
            000051aa    ___end__
            000051aa    end
            000051b0    __CIOBUF_
            000052d0    ___cinit__
            000052d0    cinit
            000053c0    _CSL_McbspData
            00005426    _CSL_SysData
0000fe00                _Reset
ffffffff                ___binit__
ffffffff                ___c_args__
ffffffff                ___pinit__
ffffffff                binit
ffffffff                pinit

[177 symbols]
