******************************************************************************
              TMS320C55x Linker Unix v4.4.1                    
******************************************************************************
>> Linked Wed Nov  5 21:30:14 2025

OUTPUT FILE NAME:   <demoboot.out>
ENTRY POINT SYMBOL: "_c_int00"  address: 00003680


MEMORY CONFIGURATION

         name            origin    length      used     unused   attr    fill
                        (bytes)   (bytes)    (bytes)   (bytes)
----------------------  --------  ---------  --------  --------  ----  --------
PAGE 0:
  MMR                   00000000   000000c0  00000000  000000c0  RWIX
  BTRSVD                000000c0   00000240  00000180  000000c0  RWIX
  DARAM                 00000300   0000fb00  00004eca  0000ac36  RWIX
  VECS                  0000fe00   00000200  00000100  00000100  RWIX
  CE0                   00010000   003f0000  00000000  003f0000  RWIX
  CE1                   00400000   00400000  00000000  00400000  RWIX
  CE2                   00800000   00400000  00000000  00400000  RWIX
  CE3                   00c00000   003f8000  00000000  003f8000  RWIX
  PDROM                 00ff8000   00008000  00000000  00008000  R IX

PAGE 2:
  IOPORT                00000000   00020000  00000000  00020000  RWI 


SECTION ALLOCATION MAP
(Addresses surrounded by []'s are displayed for convenience only!)

output                                                          attributes/
section   page  orgn(bytes) orgn(words) len(bytes) len(words)   input sections
--------  ----  ----------- ----------- ---------- ----------   --------------
dmaMem       0   [ 000000c0 ]  00000060          *   000000c0   UNINITIALIZED
                 [ 000000c0 ]  00000060          *   000000c0   dma.obj (dmaMem)

.stack       0   [ 00000300 ]  00000180          *   00001000   
                 [ 00000300 ]  00000180          *   00001000   --HOLE-- [fill = 00]

.data        0   [ 00000300 ]  00000180          *   00000000   

.pinit       0   [ 00000300 ]  00000180          *   00000000   

.text        0     00002300  [ 00001180 ] 00001550          *   
                   00002300  [ 00001180 ] 000001e8          *   csl5502.lib : mcbsp_rst.obj (.text:MCBSP_reset)
                   000024e8  [ 00001274 ] 000001b8          *   aic3204.obj (.text)
                   000026a0  [ 00001350 ] 0000018b          *   csl5502.lib : i2c_write.obj (.text:I2C_write)
                   0000282b  [ 00001415 ] 00000001          *   --HOLE-- [fill = 20]
                   0000282c  [ 00001416 ] 00000187          *               : dma_reset.obj (.text:DMA_reset)
                   000029b3  [ 000014d9 ] 00000001          *   --HOLE-- [fill = 20]
                   000029b4  [ 000014da ] 0000015a          *               : i2c_read.obj (.text:I2C_read)
                   00002b0e  [ 00001587 ] 00000156          *   dma.obj (.text)
                   00002c64  [ 00001632 ] 0000014c          *   ezdsp5502_i2cgpio.obj (.text)
                   00002db0  [ 000016d8 ] 0000012b          *   csl5502.lib : mcbsp_cfg.obj (.text:MCBSP_config)
                   00002edb  [ 0000176d ] 00000001          *   --HOLE-- [fill = 20]
                   00002edc  [ 0000176e ] 00000109          *               : dma_cfg.obj (.text:DMA_config)
                   00002fe5  [ 000017f2+] 00000002          *   rts55.lib : vectors.obj (.text)
                   00002fe7  [ 000017f3 ] 00000001          *   --HOLE-- [fill = 20]
                   00002fe8  [ 000017f4 ] 000000b2          *   csl5502.lib : mcbsp_open.obj (.text:MCBSP_open)
                   0000309a  [ 0000184d ] 000000a8          *   ezdsp5502_mcbsp.obj (.text)
                   00003142  [ 000018a1 ] 000000a8          *   dma.obj (.text:retain)
                   000031ea  [ 000018f5 ] 00000002          *   vectors_dma4.obj (.text)
                   000031ec  [ 000018f6 ] 0000009b          *   csl5502.lib : dma_open.obj (.text:DMA_open)
                   00003287  [ 00001943+] 00000089          *               : irq_pluga.obj (.text)
                   00003310  [ 00001988 ] 00000084          *   main.obj (.text)
                   00003394  [ 000019ca ] 00000082          *   csl5502.lib : mcbsp_start.obj (.text:MCBSP_start)
                   00003416  [ 00001a0b ] 00000002          *   --HOLE-- [fill = 20]
                   00003418  [ 00001a0c ] 0000006f          *               : i2c_cfg.obj (.text:I2C_config)
                   00003487  [ 00001a43+] 0000006f          *   ezdsp5502.obj (.text)
                   000034f6  [ 00001a7b ] 0000006b          *   rts55.lib : autoinit.obj (.text)
                   00003561  [ 00001ab0+] 00000067          *   ezdsp5502_i2c.obj (.text)
                   000035c8  [ 00001ae4 ] 0000005d          *   csl5502.lib : irq_disa.obj (.text:IRQ_disable)
                   00003625  [ 00001b12 ] 00000003          *   --HOLE-- [fill = 20]
                   00003628  [ 00001b14 ] 00000058          *               : irq_enab.obj (.text:IRQ_enable)
                   00003680  [ 00001b40 ] 0000004c          *   rts55.lib : boot.obj (.text)
                   000036cc  [ 00001b66 ] 00000040          *             : args_main.obj (.text)
                   0000370c  [ 00001b86 ] 00000039          *   csl5502.lib : irq_clear.obj (.text:IRQ_clear)
                   00003745  [ 00001ba2+] 00000038          *   rts55.lib : exit.obj (.text)
                   0000377d  [ 00001bbe ] 00000003          *   --HOLE-- [fill = 20]
                   00003780  [ 00001bc0 ] 00000031          *   csl5502.lib : mcbsp_cls.obj (.text:MCBSP_close)
                   000037b1  [ 00001bd8 ] 00000003          *   --HOLE-- [fill = 20]
                   000037b4  [ 00001bda ] 0000002b          *               : irq_setvecs.obj (.text:IRQ_setVecs)
                   000037df  [ 00001bef+] 00000010          *   rts55.lib : _lock.obj (.text)
                   000037ef  [ 00001bf7 ] 00000001          *   --HOLE-- [fill = 20]
                   000037f0  [ 00001bf8 ] 0000000d          *   csl5502.lib : irq_gdisab.obj (.text:IRQ_globalDisable)
                   000037fd  [ 00001bfe ] 00000003          *   --HOLE-- [fill = 20]
                   00003800  [ 00001c00 ] 0000000d          *               : irq_genab.obj (.text:IRQ_globalEnable)
                   0000380d  [ 00001c06 ] 00000003          *   --HOLE-- [fill = 20]
                   00003810  [ 00001c08 ] 0000000c          *               : csl.obj (.text:CSL_init)
                   0000381c  [ 00001c0e ] 0000000c          *               : irq_grest.obj (.text:IRQ_globalRestore)
                   00003828  [ 00001c14 ] 0000000b          *               : _csl_init.obj (.text:_CSL_init)
                   00003833  [ 00001c19+] 00000007          *   rts55.lib : exit.obj (.text:CIO_breakpoint)
                   0000383a  [ 00001c1d ] 00000002          *   --HOLE-- [fill = 20]
                   0000383c  [ 00001c1e ] 00000007          *   csl5502.lib : mcbsp_r16.obj (.text:MCBSP_read16)
                   00003843  [ 00001c21 ] 00000001          *   --HOLE-- [fill = 20]
                   00003844  [ 00001c22 ] 00000007          *               : mcbsp_w16.obj (.text:MCBSP_write16)
                   0000384b  [ 00001c25 ] 00000001          *   --HOLE-- [fill = 20]
                   0000384c  [ 00001c26 ] 00000002          *               : csl.obj (.text)
                   0000384e  [ 00001c27 ] 00000002          *   --HOLE-- [fill = 20]

.sysstack 
*            0   [ 00003860 ]  00001c30          *   00000800   
                 [ 00003860 ]  00001c30          *   00000800   --HOLE-- [fill = 00]

.cinit       0   [ 00004860 ]  00002430          *   00000220   
                 [ 00004860 ]  00002430          *   000000f2   dma.obj (.cinit)
                 [ 00004a44 ]  00002522          *   00000081   csl5502.lib : csl_dmadat.obj (.cinit)
                 [ 00004b46 ]  000025a3          *   00000069               : csl_mcbspdat.obj (.cinit)
                 [ 00004c18 ]  0000260c          *   00000023               : csl_csldat.obj (.cinit)
                 [ 00004c5e ]  0000262f          *   0000000c   main.obj (.cinit)
                 [ 00004c76 ]  0000263b          *   0000000a   rts55.lib : _lock.obj (.cinit)
                 [ 00004c8a ]  00002645          *   0000000a             : exit.obj (.cinit)
                 [ 00004c9e ]  0000264f          *   00000001   --HOLE-- [fill = 0]

.csldata     0   [ 00004ca0 ]  00002650          *   00000104   
                 [ 00004ca0 ]  00002650          *   0000007e   csl5502.lib : csl_dmadat.obj (.csldata:DMA_data) [fill = 00]
                 [ 00004d9c ]  000026ce          *   00000066               : csl_mcbspdat.obj (.csldata:MCBSP_data) [fill = 00]
                 [ 00004e68 ]  00002734          *   00000020               : csl_csldat.obj (.csldata:SYS_data) [fill = 00]

.bss         0   [ 00004ec0 ]  00002760          *   000000f4   
                 [ 00004ec0 ]  00002760          *   000000e8   dma.obj (.bss) [fill = 00]
                 [ 00005090 ]  00002848          *   00000004   rts55.lib : _lock.obj (.bss) [fill = 00]
                 [ 00005098 ]  0000284c          *   00000004             : exit.obj (.bss) [fill = 00]
                 [ 000050a0 ]  00002850          *   00000003   main.obj (.bss) [fill = 00]
                 [ 000050a6 ]  00002853          *   00000001   ezdsp5502_mcbsp.obj (.bss) [fill = 00]

.const       0   [ 000050c0 ]  00002860          *   00000025   
                 [ 000050c0 ]  00002860          *   0000001b   ezdsp5502_mcbsp.obj (.const:_$P$T0$1)
                 [ 000050f6 ]  0000287b          *   0000000a   ezdsp5502_i2c.obj (.const:_$P$T0$1)

.vectors     0     00005110  [ 00002888 ] 00000100          *   
                   00005110  [ 00002888 ] 00000100          *   vectors_dma4.obj (.vectors)

vectors      0     0000fe00  [ 00007f00 ] 00000100          *   
                   0000fe00  [ 00007f00 ] 00000100          *   rts55.lib : vectors.obj (vectors)


GLOBAL SYMBOLS: SORTED ALPHABETICALLY BY Name 

abs. value/
byte addr   word addr   name
---------   ---------   ----
00000002                $TI_capability$C5500$CallingConvention
00000001                $TI_capability$C5500$MemoryModel
00000001                $TI_capability_requires_rev2
            00002760    .bss
            00000180    .data
00002300                .text
00003834                C$$EXIT
000024e8                _AIC3204_rset
0000384c                _CSL5502_LIB_
            00002650    _CSL_DmaData
            000026ce    _CSL_McbspData
            00002734    _CSL_SysData
00003810                _CSL_init
00002edc                _DMA_config
000031ec                _DMA_open
0000282c                _DMA_reset
00002c64                _EZDSP5502_I2CGPIO_configLine
00002d3b                _EZDSP5502_I2CGPIO_read
00002cb7                _EZDSP5502_I2CGPIO_readLine
00002d86                _EZDSP5502_I2CGPIO_write
00002ce8                _EZDSP5502_I2CGPIO_writeLine
00003561                _EZDSP5502_I2C_init
000035a6                _EZDSP5502_I2C_read
0000357c                _EZDSP5502_I2C_reset
00003586                _EZDSP5502_I2C_write
000030d8                _EZDSP5502_MCBSP_close
0000309a                _EZDSP5502_MCBSP_init
00003114                _EZDSP5502_MCBSP_read
000030e8                _EZDSP5502_MCBSP_write
000034dd                _EZDSP5502_init
00003497                _EZDSP5502_wait
000034cb                _EZDSP5502_waitusec
00003418                _I2C_config
000029b4                _I2C_read
000026a0                _I2C_write
0000370c                _IRQ_clear
000035c8                _IRQ_disable
00003628                _IRQ_enable
000037f0                _IRQ_globalDisable
00003800                _IRQ_globalEnable
0000381c                _IRQ_globalRestore
00003287                _IRQ_plug
000037b4                _IRQ_setVecs
00003780                _MCBSP_close
00002db0                _MCBSP_config
00002fe8                _MCBSP_open
0000383c                _MCBSP_read16
00002300                _MCBSP_reset
00003394                _MCBSP_start
00003844                _MCBSP_write16
0000fe00                _Reset
            00002761    _Sine_1K
            000027c1    _Sine_2K
00005110                _VECSTART
00003828                __CSL_init
            00001180    __STACK_END
00002000                __STACK_SIZE
00001000                __SYSSTACK_SIZE
00000001                __TI_args_main
ffffffff                ___binit__
            00002760    ___bss__
ffffffff                ___c_args__
            00002430    ___cinit__
            00000180    ___data__
            00000180    ___edata__
            00002854    ___end__
00003850                ___etext__
ffffffff                ___pinit__
00002300                ___text__
000036cc                __args_main
            0000284c    __cleanup_ptr
            0000284e    __dtors_ptr
            00002848    __lock
000037ed                __nop
000037e6                __register_lock
000037df                __register_unlock
            00000180    __stack
            00001c30    __sysstack
            0000284a    __unlock
00003833                _abort
            00002853    _aicMcbsp
000034f6                _auto_init
00003680                _c_int00
00002c62                _changeTone
00003354                _checkSwitch
00002b91                _configAudioDma
0000332e                _configPort
            00002836    _dmaRxConfig
            00002821    _dmaRxHandle
00003142                _dmaRxIsr
            00002760    _dmaState
            00002822    _dmaTxConfig
            00002834    _dmaTxHandle
000031c5                _dmaTxIsr
00003745                _exit
            00000060    _g_rxBuffer
            000000c0    _g_txBuffer
00002512                _initAIC3204
            00002850    _ledNum
00003310                _main
00002c3a                _startAudioDma
00002c4e                _stopAudioDma
            00002851    _sw1State
            00002852    _sw2State
ffffffff                binit
            00002430    cinit
            00000180    edata
            00002854    end
00003850                etext
00005120                int0
00005128                int1
00005170                int10
00005178                int11
00005180                int12
00005188                int13
00005190                int14
00005198                int15
000051a0                int16
000051a8                int17
000051b0                int18
000051b8                int19
00005130                int2
000051c0                int20
000051c8                int21
000051d0                int22
000051d8                int23
000051e0                int24
000051e8                int25
000051f0                int26
000051f8                int27
00005200                int28
00005208                int29
00005138                int3
00005140                int4
00005148                int5
00005150                int6
00005158                int7
00005160                int8
00005168                int9
00005118                nmi
000031ea                no_isr
ffffffff                pinit


GLOBAL SYMBOLS: SORTED BY Symbol Address 

abs. value/
byte addr   word addr   name
---------   ---------   ----
00000001                $TI_capability$C5500$MemoryModel
00000001                $TI_capability_requires_rev2
00000001                __TI_args_main
00000002                $TI_capability$C5500$CallingConvention
            00000060    _g_rxBuffer
            000000c0    _g_txBuffer
            00000180    .data
            00000180    ___data__
            00000180    ___edata__
            00000180    __stack
            00000180    edata
00001000                __SYSSTACK_SIZE
00002000                __STACK_SIZE
00002300                .text
00002300                _MCBSP_reset
            00001180    __STACK_END
00002300                ___text__
000024e8                _AIC3204_rset
00002512                _initAIC3204
000026a0                _I2C_write
0000282c                _DMA_reset
000029b4                _I2C_read
00002b91                _configAudioDma
00002c3a                _startAudioDma
00002c4e                _stopAudioDma
00002c62                _changeTone
00002c64                _EZDSP5502_I2CGPIO_configLine
00002cb7                _EZDSP5502_I2CGPIO_readLine
00002ce8                _EZDSP5502_I2CGPIO_writeLine
00002d3b                _EZDSP5502_I2CGPIO_read
00002d86                _EZDSP5502_I2CGPIO_write
00002db0                _MCBSP_config
00002edc                _DMA_config
00002fe8                _MCBSP_open
0000309a                _EZDSP5502_MCBSP_init
000030d8                _EZDSP5502_MCBSP_close
000030e8                _EZDSP5502_MCBSP_write
00003114                _EZDSP5502_MCBSP_read
00003142                _dmaRxIsr
000031c5                _dmaTxIsr
000031ea                no_isr
000031ec                _DMA_open
00003287                _IRQ_plug
00003310                _main
0000332e                _configPort
00003354                _checkSwitch
00003394                _MCBSP_start
00003418                _I2C_config
00003497                _EZDSP5502_wait
000034cb                _EZDSP5502_waitusec
000034dd                _EZDSP5502_init
000034f6                _auto_init
00003561                _EZDSP5502_I2C_init
0000357c                _EZDSP5502_I2C_reset
00003586                _EZDSP5502_I2C_write
000035a6                _EZDSP5502_I2C_read
000035c8                _IRQ_disable
00003628                _IRQ_enable
00003680                _c_int00
000036cc                __args_main
0000370c                _IRQ_clear
00003745                _exit
00003780                _MCBSP_close
000037b4                _IRQ_setVecs
000037df                __register_unlock
000037e6                __register_lock
000037ed                __nop
000037f0                _IRQ_globalDisable
00003800                _IRQ_globalEnable
00003810                _CSL_init
0000381c                _IRQ_globalRestore
00003828                __CSL_init
00003833                _abort
00003834                C$$EXIT
0000383c                _MCBSP_read16
00003844                _MCBSP_write16
0000384c                _CSL5502_LIB_
00003850                ___etext__
00003850                etext
            00001c30    __sysstack
            00002430    ___cinit__
            00002430    cinit
            00002650    _CSL_DmaData
            000026ce    _CSL_McbspData
            00002734    _CSL_SysData
            00002760    .bss
            00002760    ___bss__
            00002760    _dmaState
            00002761    _Sine_1K
            000027c1    _Sine_2K
            00002821    _dmaRxHandle
            00002822    _dmaTxConfig
            00002834    _dmaTxHandle
            00002836    _dmaRxConfig
            00002848    __lock
            0000284a    __unlock
            0000284c    __cleanup_ptr
            0000284e    __dtors_ptr
            00002850    _ledNum
            00002851    _sw1State
            00002852    _sw2State
            00002853    _aicMcbsp
            00002854    ___end__
            00002854    end
00005110                _VECSTART
00005118                nmi
00005120                int0
00005128                int1
00005130                int2
00005138                int3
00005140                int4
00005148                int5
00005150                int6
00005158                int7
00005160                int8
00005168                int9
00005170                int10
00005178                int11
00005180                int12
00005188                int13
00005190                int14
00005198                int15
000051a0                int16
000051a8                int17
000051b0                int18
000051b8                int19
000051c0                int20
000051c8                int21
000051d0                int22
000051d8                int23
000051e0                int24
000051e8                int25
000051f0                int26
000051f8                int27
00005200                int28
00005208                int29
0000fe00                _Reset
ffffffff                ___binit__
ffffffff                ___c_args__
ffffffff                ___pinit__
ffffffff                binit
ffffffff                pinit

[142 symbols]
