******************************************************************************
              TMS320C55x Linker Unix v4.4.1                    
******************************************************************************
>> Linked Tue Nov  4 22:24:07 2025

OUTPUT FILE NAME:   <DMA.out>
ENTRY POINT SYMBOL: "_c_int00"  address: 00006ae0


MEMORY CONFIGURATION

         name            origin    length      used     unused   attr    fill
                        (bytes)   (bytes)    (bytes)   (bytes)
----------------------  --------  ---------  --------  --------  ----  --------
  MMR                   00000000   000000c0  00000000  000000c0  RWIX
  DARAM0                000000c0   00001f3f  000012ae  00000c91  RWIX
  DARAM1                00002000   00005fff  00004ed0  0000112f  RWIX
  DARAM4                00008000   00001fff  000008c0  0000173f  RWIX
  DARAM5                0000a000   00001fff  00000000  00001fff  RWIX
  DARAM6                0000c000   00001fff  00000000  00001fff  RWIX
  DARAM7                0000e000   00001fff  00000000  00001fff  RWIX
  CE0                   00010000   003effff  00000000  003effff  RWIX
  CE1                   00400000   003fffff  00000000  003fffff  RWIX
  CE2                   00800000   003fffff  00000000  003fffff  RWIX
  CE3                   00c00000   003f7fff  00000000  003f7fff  RWIX


SECTION ALLOCATION MAP
(Addresses surrounded by []'s are displayed for convenience only!)

output                                                          attributes/
section   page  orgn(bytes) orgn(words) len(bytes) len(words)   input sections
--------  ----  ----------- ----------- ---------- ----------   --------------
.cinit       0   [ 000000c0 ]  00000060          *   000001b5   
                 [ 000000c0 ]  00000060          *   00000081   csl5502.lib : csl_dmadat.obj (.cinit)
                 [ 000001c2 ]  000000e1          *   00000069               : csl_mcbspdat.obj (.cinit)
                 [ 00000294 ]  0000014a          *   0000004a   main_dma4.obj (.cinit)
                 [ 00000328 ]  00000194          *   00000028   rts55.lib : lowlev.obj (.cinit)
                 [ 00000378 ]  000001bc          *   00000023   csl5502.lib : csl_csldat.obj (.cinit)
                 [ 000003be ]  000001df          *   00000019   rts55.lib : defs.obj (.cinit)
                 [ 000003f0 ]  000001f8          *   0000000a             : _lock.obj (.cinit)
                 [ 00000404 ]  00000202          *   0000000a             : exit.obj (.cinit)
                 [ 00000418 ]  0000020c          *   00000004             : fopen.obj (.cinit)
                 [ 00000420 ]  00000210          *   00000004             : memory.obj (.cinit)
                 [ 00000428 ]  00000214          *   00000001   --HOLE-- [fill = 0]

.const       0   [ 0000042c ]  00000216          *   0000017e   
                 [ 0000042c ]  00000216          *   00000101   rts55.lib : ctype.obj (.const:__ctypes_)
                 [ 0000062e ]  00000317          *   00000023             : _printfi.obj (.const:.string)
                 [ 00000674 ]  0000033a          *   0000001c   main_dma4.obj (.const:.string)
                 [ 000006ac ]  00000356          *   0000001b   ezdsp5502_mcbsp.obj (.const:_$P$T0$1)
                 [ 000006e2 ]  00000371          *   00000001   --HOLE-- [fill = 0]
                 [ 000006e4 ]  00000372          *   0000000c   rts55.lib : _printfi.obj (.const)
                 [ 000006fc ]  0000037e          *   0000000a   ezdsp5502_i2c.obj (.const:_$P$T0$1)
                 [ 00000710 ]  00000388          *   00000008   rts55.lib : divd.obj (.const:_initial_approx$1)
                 [ 00000720 ]  00000390          *   00000002             : fputs.obj (.const:.string)
                 [ 00000724 ]  00000392          *   00000002             : fltlid.obj (.const)

.cio         0   [ 00000728 ]  00000394          *   00000120   UNINITIALIZED
                 [ 00000728 ]  00000394          *   00000120   rts55.lib : trgmsg.obj (.cio)

.csldata     0   [ 00000968 ]  000004b4          *   00000104   UNINITIALIZED
                 [ 00000968 ]  000004b4          *   0000007e   csl5502.lib : csl_dmadat.obj (.csldata:DMA_data)
                 [ 00000a64 ]  00000532          *   00000066               : csl_mcbspdat.obj (.csldata:MCBSP_data)
                 [ 00000b30 ]  00000598          *   00000020               : csl_csldat.obj (.csldata:SYS_data)

.stack       0   [ 00000b70 ]  000005b8          *   00000100   UNINITIALIZED
                 [ 00000b70 ]  000005b8          *   00000100   --HOLE--

.sysstack 
*            0   [ 00000d70 ]  000006b8          *   00000100   UNINITIALIZED
                 [ 00000d70 ]  000006b8          *   00000100   --HOLE--

dmaMem       0   [ 00000f70 ]  000007b8          *   00000100   UNINITIALIZED
                 [ 00000f70 ]  000007b8          *   00000100   main_dma4.obj (dmaMem)

.vectors     0     00001170  [ 000008b8 ] 00000100          *   
                   00001170  [ 000008b8 ] 00000100          *   vectors_dma4.obj (.vectors)

vectors      0     00001270  [ 00000938 ] 00000100          *   
                   00001270  [ 00000938 ] 00000100          *   rts55.lib : vectors.obj (vectors)

.text        0     00002000  [ 00001000 ] 00004ed0          *   
                   00002000  [ 00001000 ] 00001330          *   rts55.lib : _printfi.obj (.text)
                   00003330  [ 00001998 ] 0000046c          *             : lowlev.obj (.text)
                   0000379c  [ 00001bce ] 00000465          *             : trgdrv.obj (.text)
                   00003c01  [ 00001e00+] 000003c8          *             : divd.obj (.text)
                   00003fc9  [ 00001fe4+] 00000380          *             : memory.obj (.text)
                   00004349  [ 000021a4+] 00000291          *   main_dma4.obj (.text:retain)
                   000045da  [ 000022ed ] 0000027f          *   main_dma4.obj (.text)
                   00004859  [ 0000242c+] 00000260          *   rts55.lib : addd.obj (.text)
                   00004ab9  [ 0000255c+] 0000025e          *             : llmpy.obj (.text)
                   00004d17  [ 0000268b+] 00000222          *             : fopen.obj (.text)
                   00004f39  [ 0000279c+] 000001ea          *             : cmpd.obj (.text)
                   00005123  [ 00002891 ] 00000001          *   --HOLE-- [fill = 20]
                   00005124  [ 00002892 ] 000001e8          *   csl5502.lib : mcbsp_rst.obj (.text:MCBSP_reset)
                   0000530c  [ 00002986 ] 0000018b          *               : i2c_write.obj (.text:I2C_write)
                   00005497  [ 00002a4b ] 00000001          *   --HOLE-- [fill = 20]
                   00005498  [ 00002a4c ] 00000187          *               : dma_reset.obj (.text:DMA_reset)
                   0000561f  [ 00002b0f ] 00000001          *   --HOLE-- [fill = 20]
                   00005620  [ 00002b10 ] 0000015a          *               : i2c_read.obj (.text:I2C_read)
                   0000577a  [ 00002bbd ] 00000158          *   rts55.lib : mpyd.obj (.text)
                   000058d2  [ 00002c69 ] 0000014c          *   ezdsp5502_i2cgpio.obj (.text)
                   00005a1e  [ 00002d0f ] 00000002          *   rts55.lib : vectors.obj (.text)
                   00005a20  [ 00002d10 ] 0000012b          *   csl5502.lib : mcbsp_cfg.obj (.text:MCBSP_config)
                   00005b4b  [ 00002da5+] 0000012a          *   rts55.lib : fputs.obj (.text)
                   00005c75  [ 00002e3a+] 00000002          *   vectors_dma4.obj (.text)
                   00005c77  [ 00002e3b ] 00000001          *   --HOLE-- [fill = 20]
                   00005c78  [ 00002e3c ] 00000109          *   csl5502.lib : dma_cfg.obj (.text:DMA_config)
                   00005d81  [ 00002ec0+] 000000b4          *   rts55.lib : _io_perm.obj (.text)
                   00005e35  [ 00002f1a ] 00000003          *   --HOLE-- [fill = 20]
                   00005e38  [ 00002f1c ] 000000b2          *   csl5502.lib : mcbsp_open.obj (.text:MCBSP_open)
                   00005eea  [ 00002f75 ] 000000ad          *   rts55.lib : setvbuf.obj (.text)
                   00005f97  [ 00002fcb+] 000000aa          *             : fflush.obj (.text)
                   00006041  [ 00003020+] 000000a8          *             : trgmsg.obj (.text:CIO_breakpoint)
                   000060e9  [ 00003074+] 000000a8          *   ezdsp5502_mcbsp.obj (.text)
                   00006191  [ 000030c8+] 000000a1          *   rts55.lib : divul.obj (.text)
                   00006232  [ 00003119 ] 00000002          *   --HOLE-- [fill = 20]
                   00006234  [ 0000311a ] 0000009b          *   csl5502.lib : dma_open.obj (.text:DMA_open)
                   000062cf  [ 00003167+] 00000089          *               : irq_pluga.obj (.text)
                   00006358  [ 000031ac ] 00000085          *   rts55.lib : fputc.obj (.text)
                   000063dd  [ 000031ee ] 00000003          *   --HOLE-- [fill = 20]
                   000063e0  [ 000031f0 ] 00000082          *   csl5502.lib : mcbsp_start.obj (.text:MCBSP_start)
                   00006462  [ 00003231 ] 00000076          *   rts55.lib : frcmpyd.obj (.text)
                   000064d8  [ 0000326c ] 00000073          *             : frcmpyd_div.obj (.text)
                   0000654b  [ 000032a5+] 00000073          *             : ltoa.obj (.text)
                   000065be  [ 000032df ] 00000072          *             : remul.obj (.text)
                   00006630  [ 00003318 ] 0000006f          *   csl5502.lib : i2c_cfg.obj (.text:I2C_config)
                   0000669f  [ 0000334f+] 0000006f          *   ezdsp5502.obj (.text)
                   0000670e  [ 00003387 ] 0000006f          *   rts55.lib : fixdli.obj (.text)
                   0000677d  [ 000033be+] 0000006b          *             : autoinit.obj (.text)
                   000067e8  [ 000033f4 ] 00000067          *   ezdsp5502_i2c.obj (.text)
                   0000684f  [ 00003427+] 00000062          *   rts55.lib : fltlid.obj (.text)
                   000068b1  [ 00003458+] 00000061          *             : fclose.obj (.text)
                   00006912  [ 00003489 ] 00000061          *             : trgmsg.obj (.text)
                   00006973  [ 000034b9 ] 00000001          *   --HOLE-- [fill = 20]
                   00006974  [ 000034ba ] 0000005d          *   csl5502.lib : irq_disa.obj (.text:IRQ_disable)
                   000069d1  [ 000034e8+] 0000005c          *   rts55.lib : atoi.obj (.text)
                   00006a2d  [ 00003516 ] 00000003          *   --HOLE-- [fill = 20]
                   00006a30  [ 00003518 ] 00000058          *   csl5502.lib : irq_enab.obj (.text:IRQ_enable)
                   00006a88  [ 00003544 ] 00000058          *   rts55.lib : fseek.obj (.text)
                   00006ae0  [ 00003570 ] 0000004c          *             : boot.obj (.text)
                   00006b2c  [ 00003596 ] 0000004b          *             : printf.obj (.text)
                   00006b77  [ 000035bb+] 0000004b          *             : remli.obj (.text)
                   00006bc2  [ 000035e1 ] 00000048          *             : divli.obj (.text)
                   00006c0a  [ 00003605 ] 00000040          *             : args_main.obj (.text)
                   00006c4a  [ 00003625 ] 0000003f          *             : memcpy.obj (.text)
                   00006c89  [ 00003644 ] 00000003          *   --HOLE-- [fill = 20]
                   00006c8c  [ 00003646 ] 00000039          *   csl5502.lib : irq_clear.obj (.text:IRQ_clear)
                   00006cc5  [ 00003662+] 00000038          *   rts55.lib : exit.obj (.text)
                   00006cfd  [ 0000367e ] 00000003          *   --HOLE-- [fill = 20]
                   00006d00  [ 00003680 ] 00000033          *   csl5502.lib : dma_close.obj (.text:DMA_close)
                   00006d33  [ 00003699 ] 00000001          *   --HOLE-- [fill = 20]
                   00006d34  [ 0000369a ] 00000031          *               : mcbsp_cls.obj (.text:MCBSP_close)
                   00006d65  [ 000036b2 ] 00000003          *   --HOLE-- [fill = 20]
                   00006d68  [ 000036b4 ] 0000002b          *               : irq_setvecs.obj (.text:IRQ_setVecs)
                   00006d93  [ 000036c9+] 0000002a          *   rts55.lib : fixdi.obj (.text)
                   00006dbd  [ 000036de+] 0000002a          *             : udiv.obj (.text)
                   00006de7  [ 000036f3+] 0000001f          *             : memccpy.obj (.text)
                   00006e06  [ 00003703 ] 0000001a          *             : isinf.obj (.text)
                   00006e20  [ 00003710 ] 00000014          *             : subd.obj (.text)
                   00006e34  [ 0000371a ] 00000013          *             : lmpy.obj (.text)
                   00006e47  [ 00003723+] 00000010          *             : _lock.obj (.text)
                   00006e57  [ 0000372b+] 00000010          *             : negd.obj (.text)
                   00006e67  [ 00003733 ] 00000001          *   --HOLE-- [fill = 20]
                   00006e68  [ 00003734 ] 0000000d          *   csl5502.lib : irq_gdisab.obj (.text:IRQ_globalDisable)
                   00006e75  [ 0000373a ] 00000003          *   --HOLE-- [fill = 20]
                   00006e78  [ 0000373c ] 0000000d          *               : irq_genab.obj (.text:IRQ_globalEnable)
                   00006e85  [ 00003742 ] 00000003          *   --HOLE-- [fill = 20]
                   00006e88  [ 00003744 ] 0000000c          *               : csl.obj (.text:CSL_init)
                   00006e94  [ 0000374a ] 0000000c          *               : irq_grest.obj (.text:IRQ_globalRestore)
                   00006ea0  [ 00003750 ] 0000000b          *               : _csl_init.obj (.text:_CSL_init)
                   00006eab  [ 00003755+] 0000000a          *   rts55.lib : remove.obj (.text)
                   00006eb5  [ 0000375a+] 00000007          *             : exit.obj (.text:CIO_breakpoint)
                   00006ebc  [ 0000375e ] 00000007          *   csl5502.lib : mcbsp_r16.obj (.text:MCBSP_read16)
                   00006ec3  [ 00003761 ] 00000001          *   --HOLE-- [fill = 20]
                   00006ec4  [ 00003762 ] 00000007          *               : mcbsp_w16.obj (.text:MCBSP_write16)
                   00006ecb  [ 00003765 ] 00000001          *   --HOLE-- [fill = 20]
                   00006ecc  [ 00003766 ] 00000002          *               : csl.obj (.text)
                   00006ece  [ 00003767 ] 00000002          *   --HOLE-- [fill = 20]

.data        0   [ 00008000 ]  00004000          *   00000000   UNINITIALIZED

.bss         0   [ 00008000 ]  00004000          *   00000260   UNINITIALIZED
                 [ 00008000 ]  00004000          *   000000dd   rts55.lib : defs.obj (.bss)
                 [ 000081ba ]  000040dd          *   000000d0             : trgdrv.obj (.bss)
                 [ 0000835a ]  000041ad          *   00000001   ezdsp5502_mcbsp.obj (.bss)
                 [ 0000835c ]  000041ae          *   0000005d   rts55.lib : lowlev.obj (.bss)
                 [ 00008416 ]  0000420b          *   00000001             : fopen.obj (.bss)
                 [ 00008418 ]  0000420c          *   00000047   main_dma4.obj (.bss)
                 [ 000084a6 ]  00004253          *   00000001   --HOLE--
                 [ 000084a8 ]  00004254          *   00000004   rts55.lib : _lock.obj (.bss)
                 [ 000084b0 ]  00004258          *   00000004             : exit.obj (.bss)
                 [ 000084b8 ]  0000425c          *   00000004             : memory.obj (.bss)

.sysmem      0   [ 000084c0 ]  00004260          *   00000200   UNINITIALIZED
                 [ 000084c0 ]  00004260          *   00000200   --HOLE--


GLOBAL SYMBOLS: SORTED ALPHABETICALLY BY Name 

abs. value/
byte addr   word addr   name
---------   ---------   ----
00000002                $TI_capability$C5500$CallingConvention
00000001                $TI_capability$C5500$MemoryModel
00000001                $TI_capability_requires_rev2
            00004000    .bss
            00004000    .data
00002000                .text
00006eb6                C$$EXIT
000060e4                C$$IO$$
00006e34                I$$LMPY
00006dbd                I$$UDIV
00006dd2                I$$UMOD
00006ecc                _CSL5502_LIB_
            000004b4    _CSL_DmaData
            00000532    _CSL_McbspData
            00000598    _CSL_SysData
00006e88                _CSL_init
            0000420c    _ConfigLoopBack16
00006d00                _DMA_close
00005c78                _DMA_config
00006234                _DMA_open
00005498                _DMA_reset
000058d2                _EZDSP5502_I2CGPIO_configLine
000059a9                _EZDSP5502_I2CGPIO_read
00005925                _EZDSP5502_I2CGPIO_readLine
000059f4                _EZDSP5502_I2CGPIO_write
00005956                _EZDSP5502_I2CGPIO_writeLine
000067e8                _EZDSP5502_I2C_init
0000682d                _EZDSP5502_I2C_read
00006803                _EZDSP5502_I2C_reset
0000680d                _EZDSP5502_I2C_write
00006127                _EZDSP5502_MCBSP_close
000060e9                _EZDSP5502_MCBSP_init
00006163                _EZDSP5502_MCBSP_read
00006137                _EZDSP5502_MCBSP_write
000066f5                _EZDSP5502_init
000066af                _EZDSP5502_wait
000066e3                _EZDSP5502_waitusec
00003bb2                _HOSTclock
00003b5b                _HOSTclose
00003ab8                _HOSTlseek
00003a31                _HOSTopen
000039b7                _HOSTread
0000391e                _HOSTrename
000038cf                _HOSTtime
00003878                _HOSTunlink
000037fe                _HOSTwrite
00006630                _I2C_config
00005620                _I2C_read
0000530c                _I2C_write
00006c8c                _IRQ_clear
00006974                _IRQ_disable
00006a30                _IRQ_enable
00006e68                _IRQ_globalDisable
00006e78                _IRQ_globalEnable
00006e94                _IRQ_globalRestore
000062cf                _IRQ_plug
00006d68                _IRQ_setVecs
00006d34                _MCBSP_close
00005a20                _MCBSP_config
00005e38                _MCBSP_open
00006ebc                _MCBSP_read16
00005124                _MCBSP_reset
000063e0                _MCBSP_start
00006ec4                _MCBSP_write16
00001270                _Reset
00001170                _VECSTART
            00000394    __CIOBUF_
00006ea0                __CSL_init
            000006b8    __STACK_END
00000200                __STACK_SIZE
00000400                __SYSMEM_SIZE
00000200                __SYSSTACK_SIZE
00000001                __TI_args_main
ffffffff                ___binit__
            00004000    ___bss__
ffffffff                ___c_args__
            00000060    ___cinit__
            00004000    ___data__
            00004000    ___edata__
            00004260    ___end__
00006ed0                ___etext__
00006e06                ___isinf
ffffffff                ___pinit__
00002000                ___text__
00004859                __addd
00006c0a                __args_main
00004e26                __cleanup
            00004258    __cleanup_ptr
000050cb                __cmpd
            00000216    __ctypes_
00003c01                __divd
00006bc2                __divli
00004ce2                __divlli
00006dbd                __divu
00006191                __divul
00004bee                __divull
00005f97                __doflush
            0000425a    __dtors_ptr
00005097                __eqld
00006d93                __fixdi
0000670e                __fixdli
0000684f                __fltlid
00006462                __frcmpyd
000064d8                __frcmpyd_div
            000040dc    __ft_end
            00004000    __ftable
0000504d                __geqd
00005002                __gtrd
00004fb5                __leqd
            00004254    __lock
00004f6d                __lssd
0000577a                __mpyd
00006e34                __mpyli
00004b36                __mpylli
00006e57                __negd
00004f39                __neqd
00006e55                __nop
0000315c                __printfi
00005de7                __rd_ok
00006e4e                __register_lock
00006e47                __register_unlock
00006b77                __remli
00004b07                __remlli
00006dd2                __remu
000065be                __remul
00004ab9                __remull
            000005b8    __stack
00006e20                __subd
            00004260    __sys_memory
            000006b8    __sysstack
            0000403c    __tmpnams
            00004256    __unlock
00005d81                __wrt_ok
00006eb5                _abort
000036c6                _add_device
            000041ad    _aicMcbsp
000069d1                _atoi
0000677d                _auto_init
00006ae0                _c_int00
00004327                _calloc
00004323                _chkheap
00003669                _close
            00004228    _dmaRcvConfig
0000448f                _dmaRcvIsr
            0000423a    _dmaXmtConfig
00004349                _dmaXmtIsr
            0000424f    _err
00006cc5                _exit
000068b1                _fclose
00005ff0                _fflush
00003660                _find_registered_device
00004f0d                _fopen
00006358                _fputc
00005b4b                _fputs
00003fc9                _free
000042dd                _free_memory
00004e74                _freopen
00006a88                _fseek
0000379c                _getenv
            00004227    _hDmaRcv
            0000424c    _hDmaXmt
            0000424d    _hMcbsp
00003609                _lseek
0000654b                _ltoa
0000464d                _main
000040a4                _malloc
00004294                _max_free
00006de7                _memccpy
00006c4a                _memcpy
00004058                _minit
            00004250    _old_intm
00003575                _open
00006b2c                _printf
00006358                _putc
000063d0                _putchar
00005c53                _puts
            00000838    _rcv
            00004252    _rcvEventId
000034e4                _read
00006912                _readmsg
00004150                _realloc
00006eab                _remove
000034b7                _remove_device
0000346d                _rename
00005eea                _setvbuf
00004694                _taskFxn
            0000424e    _transferComplete
0000343f                _unlink
00003330                _write
00006041                _writemsg
            000007b8    _xmt
            00004251    _xmtEventId
ffffffff                binit
            00000060    cinit
            00004000    edata
            00004260    end
00006ed0                etext
00001180                int0
00001188                int1
000011d0                int10
000011d8                int11
000011e0                int12
000011e8                int13
000011f0                int14
000011f8                int15
00001200                int16
00001208                int17
00001210                int18
00001218                int19
00001190                int2
00001220                int20
00001228                int21
00001230                int22
00001238                int23
00001240                int24
00001248                int25
00001250                int26
00001258                int27
00001260                int28
00001268                int29
00001198                int3
000011a0                int4
000011a8                int5
000011b0                int6
000011b8                int7
000011c0                int8
000011c8                int9
00001178                nmi
00005c75                no_isr
ffffffff                pinit


GLOBAL SYMBOLS: SORTED BY Symbol Address 

abs. value/
byte addr   word addr   name
---------   ---------   ----
00000001                $TI_capability$C5500$MemoryModel
00000001                $TI_capability_requires_rev2
00000001                __TI_args_main
00000002                $TI_capability$C5500$CallingConvention
            00000060    ___cinit__
            00000060    cinit
00000200                __STACK_SIZE
00000200                __SYSSTACK_SIZE
00000400                __SYSMEM_SIZE
            00000216    __ctypes_
            00000394    __CIOBUF_
            000004b4    _CSL_DmaData
            00000532    _CSL_McbspData
            00000598    _CSL_SysData
            000005b8    __stack
            000006b8    __STACK_END
            000006b8    __sysstack
            000007b8    _xmt
            00000838    _rcv
00001170                _VECSTART
00001178                nmi
00001180                int0
00001188                int1
00001190                int2
00001198                int3
000011a0                int4
000011a8                int5
000011b0                int6
000011b8                int7
000011c0                int8
000011c8                int9
000011d0                int10
000011d8                int11
000011e0                int12
000011e8                int13
000011f0                int14
000011f8                int15
00001200                int16
00001208                int17
00001210                int18
00001218                int19
00001220                int20
00001228                int21
00001230                int22
00001238                int23
00001240                int24
00001248                int25
00001250                int26
00001258                int27
00001260                int28
00001268                int29
00001270                _Reset
00002000                .text
00002000                ___text__
0000315c                __printfi
00003330                _write
0000343f                _unlink
0000346d                _rename
000034b7                _remove_device
000034e4                _read
00003575                _open
00003609                _lseek
00003660                _find_registered_device
00003669                _close
000036c6                _add_device
0000379c                _getenv
000037fe                _HOSTwrite
00003878                _HOSTunlink
000038cf                _HOSTtime
0000391e                _HOSTrename
000039b7                _HOSTread
00003a31                _HOSTopen
00003ab8                _HOSTlseek
00003b5b                _HOSTclose
00003bb2                _HOSTclock
00003c01                __divd
00003fc9                _free
00004058                _minit
000040a4                _malloc
00004150                _realloc
00004294                _max_free
000042dd                _free_memory
00004323                _chkheap
00004327                _calloc
00004349                _dmaXmtIsr
0000448f                _dmaRcvIsr
0000464d                _main
00004694                _taskFxn
00004859                __addd
00004ab9                __remull
00004b07                __remlli
00004b36                __mpylli
00004bee                __divull
00004ce2                __divlli
00004e26                __cleanup
00004e74                _freopen
00004f0d                _fopen
00004f39                __neqd
00004f6d                __lssd
00004fb5                __leqd
00005002                __gtrd
0000504d                __geqd
00005097                __eqld
000050cb                __cmpd
00005124                _MCBSP_reset
0000530c                _I2C_write
00005498                _DMA_reset
00005620                _I2C_read
0000577a                __mpyd
000058d2                _EZDSP5502_I2CGPIO_configLine
00005925                _EZDSP5502_I2CGPIO_readLine
00005956                _EZDSP5502_I2CGPIO_writeLine
000059a9                _EZDSP5502_I2CGPIO_read
000059f4                _EZDSP5502_I2CGPIO_write
00005a20                _MCBSP_config
00005b4b                _fputs
00005c53                _puts
00005c75                no_isr
00005c78                _DMA_config
00005d81                __wrt_ok
00005de7                __rd_ok
00005e38                _MCBSP_open
00005eea                _setvbuf
00005f97                __doflush
00005ff0                _fflush
00006041                _writemsg
000060e4                C$$IO$$
000060e9                _EZDSP5502_MCBSP_init
00006127                _EZDSP5502_MCBSP_close
00006137                _EZDSP5502_MCBSP_write
00006163                _EZDSP5502_MCBSP_read
00006191                __divul
00006234                _DMA_open
000062cf                _IRQ_plug
00006358                _fputc
00006358                _putc
000063d0                _putchar
000063e0                _MCBSP_start
00006462                __frcmpyd
000064d8                __frcmpyd_div
0000654b                _ltoa
000065be                __remul
00006630                _I2C_config
000066af                _EZDSP5502_wait
000066e3                _EZDSP5502_waitusec
000066f5                _EZDSP5502_init
0000670e                __fixdli
0000677d                _auto_init
000067e8                _EZDSP5502_I2C_init
00006803                _EZDSP5502_I2C_reset
0000680d                _EZDSP5502_I2C_write
0000682d                _EZDSP5502_I2C_read
0000684f                __fltlid
000068b1                _fclose
00006912                _readmsg
00006974                _IRQ_disable
000069d1                _atoi
00006a30                _IRQ_enable
00006a88                _fseek
00006ae0                _c_int00
00006b2c                _printf
00006b77                __remli
00006bc2                __divli
00006c0a                __args_main
00006c4a                _memcpy
00006c8c                _IRQ_clear
00006cc5                _exit
00006d00                _DMA_close
00006d34                _MCBSP_close
00006d68                _IRQ_setVecs
00006d93                __fixdi
00006dbd                I$$UDIV
00006dbd                __divu
00006dd2                I$$UMOD
00006dd2                __remu
00006de7                _memccpy
00006e06                ___isinf
00006e20                __subd
00006e34                I$$LMPY
00006e34                __mpyli
00006e47                __register_unlock
00006e4e                __register_lock
00006e55                __nop
00006e57                __negd
00006e68                _IRQ_globalDisable
00006e78                _IRQ_globalEnable
00006e88                _CSL_init
00006e94                _IRQ_globalRestore
00006ea0                __CSL_init
00006eab                _remove
00006eb5                _abort
00006eb6                C$$EXIT
00006ebc                _MCBSP_read16
00006ec4                _MCBSP_write16
00006ecc                _CSL5502_LIB_
00006ed0                ___etext__
00006ed0                etext
            00004000    .bss
            00004000    .data
            00004000    ___bss__
            00004000    ___data__
            00004000    ___edata__
            00004000    __ftable
            00004000    edata
            0000403c    __tmpnams
            000040dc    __ft_end
            000041ad    _aicMcbsp
            0000420c    _ConfigLoopBack16
            00004227    _hDmaRcv
            00004228    _dmaRcvConfig
            0000423a    _dmaXmtConfig
            0000424c    _hDmaXmt
            0000424d    _hMcbsp
            0000424e    _transferComplete
            0000424f    _err
            00004250    _old_intm
            00004251    _xmtEventId
            00004252    _rcvEventId
            00004254    __lock
            00004256    __unlock
            00004258    __cleanup_ptr
            0000425a    __dtors_ptr
            00004260    ___end__
            00004260    __sys_memory
            00004260    end
ffffffff                ___binit__
ffffffff                ___c_args__
ffffffff                ___pinit__
ffffffff                binit
ffffffff                pinit

[230 symbols]
