******************************************************************************
              TMS320C55x Linker Unix v4.4.1                    
******************************************************************************
>> Linked Mon Nov  3 11:54:40 2025

OUTPUT FILE NAME:   <DMA.out>
ENTRY POINT SYMBOL: "_c_int00"  address: 00004cff


MEMORY CONFIGURATION

         name            origin    length      used     unused   attr    fill
                        (bytes)   (bytes)    (bytes)   (bytes)
----------------------  --------  ---------  --------  --------  ----  --------
PAGE 0:
  MMR                   00000000   000000c0  00000000  000000c0  RWIX
  BTRSVD                000000c0   00000240  00000000  00000240  RWIX
  DARAM                 00000300   0000fb00  0000b066  00004a9a  RWIX
  VECS                  0000fe00   00000200  00000200  00000000  RWIX
  CE0                   00010000   003f0000  00000000  003f0000  RWIX
  CE1                   00400000   00400000  00000000  00400000  RWIX
  CE2                   00800000   00400000  00000000  00400000  RWIX
  CE3                   00c00000   003f8000  00000000  003f8000  RWIX
  PDROM                 00ff8000   00008000  00000000  00008000  R IX

PAGE 2:
  IOPORT                00000000   00020000  00000000  00020000  RWI 


SECTION ALLOCATION MAP
(Addresses surrounded by []'s are displayed for convenience only!)

output                                                          attributes/
section   page  orgn(bytes) orgn(words) len(bytes) len(words)   input sections
--------  ----  ----------- ----------- ---------- ----------   --------------
.text        0     00000300  [ 00000180 ] 00004db8          *   
                   00000300  [ 00000180 ] 00001330          *   rts55.lib : _printfi.obj (.text)
                   00001630  [ 00000b18 ] 0000046c          *             : lowlev.obj (.text)
                   00001a9c  [ 00000d4e ] 00000465          *             : trgdrv.obj (.text)
                   00001f01  [ 00000f80+] 000003c8          *             : divd.obj (.text)
                   000022c9  [ 00001164+] 00000380          *             : memory.obj (.text)
                   00002649  [ 00001324+] 00000260          *             : addd.obj (.text)
                   000028a9  [ 00001454+] 0000025e          *             : llmpy.obj (.text)
                   00002b07  [ 00001583+] 00000249          *   aic3204_codec_init.obj (.text)
                   00002d50  [ 000016a8 ] 00000222          *   rts55.lib : fopen.obj (.text)
                   00002f72  [ 000017b9 ] 000001f7          *   main_dma4.obj (.text)
                   00003169  [ 000018b4+] 000001ea          *   rts55.lib : cmpd.obj (.text)
                   00003353  [ 000019a9 ] 00000001          *   --HOLE-- [fill = 20]
                   00003354  [ 000019aa ] 000001e8          *   csl5502.lib : mcbsp_rst.obj (.text:MCBSP_reset)
                   0000353c  [ 00001a9e ] 0000018b          *               : i2c_write.obj (.text:I2C_write)
                   000036c7  [ 00001b63 ] 00000001          *   --HOLE-- [fill = 20]
                   000036c8  [ 00001b64 ] 00000187          *               : dma_reset.obj (.text:DMA_reset)
                   0000384f  [ 00001c27 ] 00000001          *   --HOLE-- [fill = 20]
                   00003850  [ 00001c28 ] 0000015a          *               : i2c_read.obj (.text:I2C_read)
                   000039aa  [ 00001cd5 ] 00000158          *   rts55.lib : mpyd.obj (.text)
                   00003b02  [ 00001d81 ] 0000014c          *   ezdsp5502_i2cgpio.obj (.text)
                   00003c4e  [ 00001e27 ] 00000002          *   rts55.lib : vectors.obj (.text)
                   00003c50  [ 00001e28 ] 0000012b          *   csl5502.lib : mcbsp_cfg.obj (.text:MCBSP_config)
                   00003d7b  [ 00001ebd+] 0000012a          *   rts55.lib : fputs.obj (.text)
                   00003ea5  [ 00001f52+] 00000002          *   vectors_dma4.obj (.text)
                   00003ea7  [ 00001f53 ] 00000001          *   --HOLE-- [fill = 20]
                   00003ea8  [ 00001f54 ] 00000109          *   csl5502.lib : dma_cfg.obj (.text:DMA_config)
                   00003fb1  [ 00001fd8+] 000000b4          *   rts55.lib : _io_perm.obj (.text)
                   00004065  [ 00002032 ] 00000003          *   --HOLE-- [fill = 20]
                   00004068  [ 00002034 ] 000000b2          *   csl5502.lib : mcbsp_open.obj (.text:MCBSP_open)
                   0000411a  [ 0000208d ] 000000ad          *   rts55.lib : setvbuf.obj (.text)
                   000041c7  [ 000020e3+] 000000aa          *             : fflush.obj (.text)
                   00004271  [ 00002138+] 000000a8          *             : trgmsg.obj (.text:CIO_breakpoint)
                   00004319  [ 0000218c+] 000000a8          *   ezdsp5502_mcbsp.obj (.text)
                   000043c1  [ 000021e0+] 000000a1          *   rts55.lib : divul.obj (.text)
                   00004462  [ 00002231 ] 00000002          *   --HOLE-- [fill = 20]
                   00004464  [ 00002232 ] 0000009b          *   csl5502.lib : dma_open.obj (.text:DMA_open)
                   000044ff  [ 0000227f+] 00000089          *               : irq_pluga.obj (.text)
                   00004588  [ 000022c4 ] 00000085          *   rts55.lib : fputc.obj (.text)
                   0000460d  [ 00002306 ] 00000003          *   --HOLE-- [fill = 20]
                   00004610  [ 00002308 ] 00000082          *   csl5502.lib : mcbsp_start.obj (.text:MCBSP_start)
                   00004692  [ 00002349 ] 00000076          *   rts55.lib : frcmpyd.obj (.text)
                   00004708  [ 00002384 ] 00000073          *             : frcmpyd_div.obj (.text)
                   0000477b  [ 000023bd+] 00000073          *             : ltoa.obj (.text)
                   000047ee  [ 000023f7 ] 00000072          *             : remul.obj (.text)
                   00004860  [ 00002430 ] 0000006f          *   csl5502.lib : i2c_cfg.obj (.text:I2C_config)
                   000048cf  [ 00002467+] 0000006f          *   ezdsp5502.obj (.text)
                   0000493e  [ 0000249f ] 0000006f          *   rts55.lib : fixdli.obj (.text)
                   000049ad  [ 000024d6+] 0000006b          *             : autoinit.obj (.text)
                   00004a18  [ 0000250c ] 00000067          *   ezdsp5502_i2c.obj (.text)
                   00004a7f  [ 0000253f+] 00000062          *   rts55.lib : fltlid.obj (.text)
                   00004ae1  [ 00002570+] 00000061          *             : fclose.obj (.text)
                   00004b42  [ 000025a1 ] 00000061          *             : trgmsg.obj (.text)
                   00004ba3  [ 000025d1+] 0000005c          *             : atoi.obj (.text)
                   00004bff  [ 000025ff ] 00000001          *   --HOLE-- [fill = 20]
                   00004c00  [ 00002600 ] 00000058          *   csl5502.lib : irq_enab.obj (.text:IRQ_enable)
                   00004c58  [ 0000262c ] 00000058          *   rts55.lib : fseek.obj (.text)
                   00004cb0  [ 00002658 ] 0000004f          *   main_dma4.obj (.text:retain)
                   00004cff  [ 0000267f+] 0000004c          *   rts55.lib : boot.obj (.text)
                   00004d4b  [ 000026a5+] 0000004b          *             : printf.obj (.text)
                   00004d96  [ 000026cb ] 0000004b          *             : remli.obj (.text)
                   00004de1  [ 000026f0+] 00000048          *             : divli.obj (.text)
                   00004e29  [ 00002714+] 00000040          *             : args_main.obj (.text)
                   00004e69  [ 00002734+] 0000003f          *             : memcpy.obj (.text)
                   00004ea8  [ 00002754 ] 00000039          *   csl5502.lib : irq_clear.obj (.text:IRQ_clear)
                   00004ee1  [ 00002770+] 00000038          *   rts55.lib : exit.obj (.text)
                   00004f19  [ 0000278c ] 00000003          *   --HOLE-- [fill = 20]
                   00004f1c  [ 0000278e ] 00000031          *   csl5502.lib : mcbsp_cls.obj (.text:MCBSP_close)
                   00004f4d  [ 000027a6 ] 00000003          *   --HOLE-- [fill = 20]
                   00004f50  [ 000027a8 ] 0000002b          *               : irq_setvecs.obj (.text:IRQ_setVecs)
                   00004f7b  [ 000027bd+] 0000002a          *   rts55.lib : fixdi.obj (.text)
                   00004fa5  [ 000027d2+] 0000002a          *             : udiv.obj (.text)
                   00004fcf  [ 000027e7+] 0000001f          *             : memccpy.obj (.text)
                   00004fee  [ 000027f7 ] 0000001a          *             : isinf.obj (.text)
                   00005008  [ 00002804 ] 00000014          *             : subd.obj (.text)
                   0000501c  [ 0000280e ] 00000013          *             : lmpy.obj (.text)
                   0000502f  [ 00002817+] 00000010          *             : _lock.obj (.text)
                   0000503f  [ 0000281f+] 00000010          *             : negd.obj (.text)
                   0000504f  [ 00002827 ] 00000001          *   --HOLE-- [fill = 20]
                   00005050  [ 00002828 ] 0000000d          *   csl5502.lib : irq_gdisab.obj (.text:IRQ_globalDisable)
                   0000505d  [ 0000282e ] 00000003          *   --HOLE-- [fill = 20]
                   00005060  [ 00002830 ] 0000000d          *               : irq_genab.obj (.text:IRQ_globalEnable)
                   0000506d  [ 00002836 ] 00000003          *   --HOLE-- [fill = 20]
                   00005070  [ 00002838 ] 0000000c          *               : csl.obj (.text:CSL_init)
                   0000507c  [ 0000283e ] 0000000c          *               : irq_grest.obj (.text:IRQ_globalRestore)
                   00005088  [ 00002844 ] 0000000b          *               : _csl_init.obj (.text:_CSL_init)
                   00005093  [ 00002849+] 0000000a          *   rts55.lib : remove.obj (.text)
                   0000509d  [ 0000284e+] 00000007          *             : exit.obj (.text:CIO_breakpoint)
                   000050a4  [ 00002852 ] 00000007          *   csl5502.lib : mcbsp_r16.obj (.text:MCBSP_read16)
                   000050ab  [ 00002855 ] 00000001          *   --HOLE-- [fill = 20]
                   000050ac  [ 00002856 ] 00000007          *               : mcbsp_w16.obj (.text:MCBSP_write16)
                   000050b3  [ 00002859 ] 00000001          *   --HOLE-- [fill = 20]
                   000050b4  [ 0000285a ] 00000002          *               : csl.obj (.text)
                   000050b6  [ 0000285b ] 00000002          *   --HOLE-- [fill = 20]

.data        0   [ 00000300 ]  00000180          *   00000000   

.pinit       0   [ 00000300 ]  00000180          *   00000000   

.stack       0   [ 000050c0 ]  00002860          *   00001000   
                 [ 000050c0 ]  00002860          *   00001000   --HOLE-- [fill = 00]

.sysmem      0   [ 000070c0 ]  00003860          *   00001000   UNINITIALIZED
                 [ 000070c0 ]  00003860          *   00001000   --HOLE--

.sysstack 
*            0   [ 000090c0 ]  00004860          *   00000800   
                 [ 000090c0 ]  00004860          *   00000800   --HOLE-- [fill = 00]

.const       0   [ 0000a0c0 ]  00005060          *   00000254   
                 [ 0000a0c0 ]  00005060          *   00000101   rts55.lib : ctype.obj (.const:__ctypes_)
                 [ 0000a2c2 ]  00005161          *   000000ac   aic3204_codec_init.obj (.const:.string)
                 [ 0000a41a ]  0000520d          *   00000046   main_dma4.obj (.const:.string)
                 [ 0000a4a6 ]  00005253          *   00000023   rts55.lib : _printfi.obj (.const:.string)
                 [ 0000a4ec ]  00005276          *   0000001b   ezdsp5502_mcbsp.obj (.const:_$P$T0$1)
                 [ 0000a522 ]  00005291          *   00000001   --HOLE-- [fill = 00]
                 [ 0000a524 ]  00005292          *   0000000c   rts55.lib : _printfi.obj (.const)
                 [ 0000a53c ]  0000529e          *   0000000a   ezdsp5502_i2c.obj (.const:_$P$T0$1)
                 [ 0000a550 ]  000052a8          *   00000008   rts55.lib : divd.obj (.const:_initial_approx$1)
                 [ 0000a560 ]  000052b0          *   00000002             : fputs.obj (.const:.string)
                 [ 0000a564 ]  000052b2          *   00000002             : fltlid.obj (.const)

.bss         0   [ 0000a580 ]  000052c0          *   00000244   
                 [ 0000a580 ]  000052c0          *   000000dd   rts55.lib : defs.obj (.bss) [fill = 00]
                 [ 0000a73a ]  0000539d          *   000000d0             : trgdrv.obj (.bss) [fill = 00]
                 [ 0000a8da ]  0000546d          *   00000001   ezdsp5502_mcbsp.obj (.bss) [fill = 00]
                 [ 0000a8dc ]  0000546e          *   0000005d   rts55.lib : lowlev.obj (.bss) [fill = 00]
                 [ 0000a996 ]  000054cb          *   00000001             : fopen.obj (.bss) [fill = 00]
                 [ 0000a998 ]  000054cc          *   0000002c   main_dma4.obj (.bss) [fill = 00]
                 [ 0000a9f0 ]  000054f8          *   00000004   rts55.lib : _lock.obj (.bss) [fill = 00]
                 [ 0000a9f8 ]  000054fc          *   00000004             : exit.obj (.bss) [fill = 00]
                 [ 0000aa00 ]  00005500          *   00000004             : memory.obj (.bss) [fill = 00]

.cinit       0   [ 0000aa08 ]  00005504          *   0000019b   
                 [ 0000aa08 ]  00005504          *   00000081   csl5502.lib : csl_dmadat.obj (.cinit)
                 [ 0000ab0a ]  00005585          *   00000069               : csl_mcbspdat.obj (.cinit)
                 [ 0000abdc ]  000055ee          *   00000030   main_dma4.obj (.cinit)
                 [ 0000ac3c ]  0000561e          *   00000028   rts55.lib : lowlev.obj (.cinit)
                 [ 0000ac8c ]  00005646          *   00000023   csl5502.lib : csl_csldat.obj (.cinit)
                 [ 0000acd2 ]  00005669          *   00000019   rts55.lib : defs.obj (.cinit)
                 [ 0000ad04 ]  00005682          *   0000000a             : _lock.obj (.cinit)
                 [ 0000ad18 ]  0000568c          *   0000000a             : exit.obj (.cinit)
                 [ 0000ad2c ]  00005696          *   00000004             : fopen.obj (.cinit)
                 [ 0000ad34 ]  0000569a          *   00000004             : memory.obj (.cinit)
                 [ 0000ad3c ]  0000569e          *   00000001   --HOLE-- [fill = 0]

.cio         0   [ 0000ad40 ]  000056a0          *   00000120   
                 [ 0000ad40 ]  000056a0          *   00000120   rts55.lib : trgmsg.obj (.cio) [fill = 00]

.csldata     0   [ 0000af80 ]  000057c0          *   00000104   
                 [ 0000af80 ]  000057c0          *   0000007e   csl5502.lib : csl_dmadat.obj (.csldata:DMA_data) [fill = 00]
                 [ 0000b07c ]  0000583e          *   00000066               : csl_mcbspdat.obj (.csldata:MCBSP_data) [fill = 00]
                 [ 0000b148 ]  000058a4          *   00000020               : csl_csldat.obj (.csldata:SYS_data) [fill = 00]

dmaMem       0   [ 0000b188 ]  000058c4          *   00000100   UNINITIALIZED
                 [ 0000b188 ]  000058c4          *   00000100   main_dma4.obj (dmaMem)

.vectors     0     0000fe00  [ 00007f00 ] 00000100          *   
                   0000fe00  [ 00007f00 ] 00000100          *   vectors_dma4.obj (.vectors)

vectors      0     0000ff00  [ 00007f80 ] 00000100          *   
                   0000ff00  [ 00007f80 ] 00000100          *   rts55.lib : vectors.obj (vectors)


GLOBAL SYMBOLS: SORTED ALPHABETICALLY BY Name 

abs. value/
byte addr   word addr   name
---------   ---------   ----
00000002                $TI_capability$C5500$CallingConvention
00000001                $TI_capability$C5500$MemoryModel
00000001                $TI_capability_requires_rev2
            000052c0    .bss
            00000180    .data
00000300                .text
0000509e                C$$EXIT
00004314                C$$IO$$
0000501c                I$$LMPY
00004fa5                I$$UDIV
00004fba                I$$UMOD
00002b7c                _AIC3204_codec_init
00002b07                _AIC3204_rget
00002b52                _AIC3204_rset
000050b4                _CSL5502_LIB_
            000057c0    _CSL_DmaData
            0000583e    _CSL_McbspData
            000058a4    _CSL_SysData
00005070                _CSL_init
00003ea8                _DMA_config
00004464                _DMA_open
000036c8                _DMA_reset
00003b02                _EZDSP5502_I2CGPIO_configLine
00003bd9                _EZDSP5502_I2CGPIO_read
00003b55                _EZDSP5502_I2CGPIO_readLine
00003c24                _EZDSP5502_I2CGPIO_write
00003b86                _EZDSP5502_I2CGPIO_writeLine
00004a18                _EZDSP5502_I2C_init
00004a5d                _EZDSP5502_I2C_read
00004a33                _EZDSP5502_I2C_reset
00004a3d                _EZDSP5502_I2C_write
00004357                _EZDSP5502_MCBSP_close
00004319                _EZDSP5502_MCBSP_init
00004393                _EZDSP5502_MCBSP_read
00004367                _EZDSP5502_MCBSP_write
00004925                _EZDSP5502_init
000048df                _EZDSP5502_wait
00004913                _EZDSP5502_waitusec
00001eb2                _HOSTclock
00001e5b                _HOSTclose
00001db8                _HOSTlseek
00001d31                _HOSTopen
00001cb7                _HOSTread
00001c1e                _HOSTrename
00001bcf                _HOSTtime
00001b78                _HOSTunlink
00001afe                _HOSTwrite
00004860                _I2C_config
00003850                _I2C_read
0000353c                _I2C_write
00004ea8                _IRQ_clear
00004c00                _IRQ_enable
00005050                _IRQ_globalDisable
00005060                _IRQ_globalEnable
0000507c                _IRQ_globalRestore
000044ff                _IRQ_plug
00004f50                _IRQ_setVecs
00004f1c                _MCBSP_close
00003c50                _MCBSP_config
00004068                _MCBSP_open
000050a4                _MCBSP_read16
00003354                _MCBSP_reset
00004610                _MCBSP_start
000050ac                _MCBSP_write16
0000ff00                _Reset
0000fe00                _VECSTART
            000056a0    __CIOBUF_
00005088                __CSL_init
            00003860    __STACK_END
00002000                __STACK_SIZE
00002000                __SYSMEM_SIZE
00001000                __SYSSTACK_SIZE
00000001                __TI_args_main
ffffffff                ___binit__
            000052c0    ___bss__
ffffffff                ___c_args__
            00005504    ___cinit__
            00000180    ___data__
            00000180    ___edata__
            00005504    ___end__
000050b8                ___etext__
00004fee                ___isinf
ffffffff                ___pinit__
00000300                ___text__
00002649                __addd
00004e29                __args_main
00002e5f                __cleanup
            000054fc    __cleanup_ptr
000032fb                __cmpd
            00005060    __ctypes_
00001f01                __divd
00004de1                __divli
00002ad2                __divlli
00004fa5                __divu
000043c1                __divul
000029de                __divull
000041c7                __doflush
            000054fe    __dtors_ptr
000032c7                __eqld
00004f7b                __fixdi
0000493e                __fixdli
00004a7f                __fltlid
00004692                __frcmpyd
00004708                __frcmpyd_div
            0000539c    __ft_end
            000052c0    __ftable
0000327d                __geqd
00003232                __gtrd
000031e5                __leqd
            000054f8    __lock
0000319d                __lssd
000039aa                __mpyd
0000501c                __mpyli
00002926                __mpylli
0000503f                __negd
00003169                __neqd
0000503d                __nop
0000145c                __printfi
00004017                __rd_ok
00005036                __register_lock
0000502f                __register_unlock
00004d96                __remli
000028f7                __remlli
00004fba                __remu
000047ee                __remul
000028a9                __remull
            00002860    __stack
00005008                __subd
            00003860    __sys_memory
            00004860    __sysstack
            000052fc    __tmpnams
            000054fa    __unlock
00003fb1                __wrt_ok
0000509d                _abort
000019c6                _add_device
            0000546d    _aicMcbsp
00004ba3                _atoi
000049ad                _auto_init
00004cff                _c_int00
00002627                _calloc
00002623                _chkheap
00001969                _close
            000054ce    _dmaRcvConfig
00004cd5                _dmaRcvIsr
            000054e0    _dmaXmtConfig
00004cb0                _dmaXmtIsr
            000054f4    _err
00004ee1                _exit
00004ae1                _fclose
00004220                _fflush
00001960                _find_registered_device
00002f46                _fopen
00004588                _fputc
00003d7b                _fputs
000022c9                _free
000025dd                _free_memory
00002ead                _freopen
00004c58                _fseek
            000054cc    _g_audio_frame_pronto
00001a9c                _getenv
            000054cd    _hDmaRcv
            000054f2    _hDmaXmt
00001909                _lseek
0000477b                _ltoa
00002fbc                _main
000023a4                _malloc
00002594                _max_free
00004fcf                _memccpy
00004e69                _memcpy
00002358                _minit
            000054f5    _old_intm
00001875                _open
00004d4b                _printf
00004588                _putc
00004600                _putchar
00003e83                _puts
            00005944    _rcv
            000054f7    _rcvEventId
000017e4                _read
00004b42                _readmsg
00002450                _realloc
00005093                _remove
000017b7                _remove_device
0000176d                _rename
0000411a                _setvbuf
00003002                _taskFxn
            000054f3    _transferComplete
0000173f                _unlink
00001630                _write
00004271                _writemsg
            000058c4    _xmt
            000054f6    _xmtEventId
ffffffff                binit
            00005504    cinit
            00000180    edata
            00005504    end
000050b8                etext
0000fe10                int0
0000fe18                int1
0000fe60                int10
0000fe68                int11
0000fe70                int12
0000fe78                int13
0000fe80                int14
0000fe88                int15
0000fe90                int16
0000fe98                int17
0000fea0                int18
0000fea8                int19
0000fe20                int2
0000feb0                int20
0000feb8                int21
0000fec0                int22
0000fec8                int23
0000fed0                int24
0000fed8                int25
0000fee0                int26
0000fee8                int27
0000fef0                int28
0000fef8                int29
0000fe28                int3
0000fe30                int4
0000fe38                int5
0000fe40                int6
0000fe48                int7
0000fe50                int8
0000fe58                int9
0000fe08                nmi
00003ea5                no_isr
ffffffff                pinit


GLOBAL SYMBOLS: SORTED BY Symbol Address 

abs. value/
byte addr   word addr   name
---------   ---------   ----
00000001                $TI_capability$C5500$MemoryModel
00000001                $TI_capability_requires_rev2
00000001                __TI_args_main
00000002                $TI_capability$C5500$CallingConvention
            00000180    .data
00000300                .text
            00000180    ___data__
            00000180    ___edata__
00000300                ___text__
            00000180    edata
00001000                __SYSSTACK_SIZE
0000145c                __printfi
00001630                _write
0000173f                _unlink
0000176d                _rename
000017b7                _remove_device
000017e4                _read
00001875                _open
00001909                _lseek
00001960                _find_registered_device
00001969                _close
000019c6                _add_device
00001a9c                _getenv
00001afe                _HOSTwrite
00001b78                _HOSTunlink
00001bcf                _HOSTtime
00001c1e                _HOSTrename
00001cb7                _HOSTread
00001d31                _HOSTopen
00001db8                _HOSTlseek
00001e5b                _HOSTclose
00001eb2                _HOSTclock
00001f01                __divd
00002000                __STACK_SIZE
00002000                __SYSMEM_SIZE
000022c9                _free
00002358                _minit
000023a4                _malloc
00002450                _realloc
00002594                _max_free
000025dd                _free_memory
00002623                _chkheap
00002627                _calloc
00002649                __addd
000028a9                __remull
000028f7                __remlli
00002926                __mpylli
000029de                __divull
00002ad2                __divlli
00002b07                _AIC3204_rget
00002b52                _AIC3204_rset
00002b7c                _AIC3204_codec_init
00002e5f                __cleanup
00002ead                _freopen
00002f46                _fopen
00002fbc                _main
00003002                _taskFxn
00003169                __neqd
0000319d                __lssd
000031e5                __leqd
00003232                __gtrd
0000327d                __geqd
000032c7                __eqld
000032fb                __cmpd
00003354                _MCBSP_reset
0000353c                _I2C_write
000036c8                _DMA_reset
00003850                _I2C_read
000039aa                __mpyd
00003b02                _EZDSP5502_I2CGPIO_configLine
00003b55                _EZDSP5502_I2CGPIO_readLine
00003b86                _EZDSP5502_I2CGPIO_writeLine
00003bd9                _EZDSP5502_I2CGPIO_read
00003c24                _EZDSP5502_I2CGPIO_write
00003c50                _MCBSP_config
00003d7b                _fputs
00003e83                _puts
00003ea5                no_isr
00003ea8                _DMA_config
00003fb1                __wrt_ok
00004017                __rd_ok
00004068                _MCBSP_open
0000411a                _setvbuf
000041c7                __doflush
00004220                _fflush
00004271                _writemsg
00004314                C$$IO$$
00004319                _EZDSP5502_MCBSP_init
00004357                _EZDSP5502_MCBSP_close
00004367                _EZDSP5502_MCBSP_write
00004393                _EZDSP5502_MCBSP_read
000043c1                __divul
00004464                _DMA_open
000044ff                _IRQ_plug
00004588                _fputc
00004588                _putc
00004600                _putchar
00004610                _MCBSP_start
00004692                __frcmpyd
00004708                __frcmpyd_div
0000477b                _ltoa
000047ee                __remul
00004860                _I2C_config
000048df                _EZDSP5502_wait
00004913                _EZDSP5502_waitusec
00004925                _EZDSP5502_init
0000493e                __fixdli
000049ad                _auto_init
00004a18                _EZDSP5502_I2C_init
00004a33                _EZDSP5502_I2C_reset
00004a3d                _EZDSP5502_I2C_write
00004a5d                _EZDSP5502_I2C_read
00004a7f                __fltlid
00004ae1                _fclose
00004b42                _readmsg
00004ba3                _atoi
00004c00                _IRQ_enable
00004c58                _fseek
00004cb0                _dmaXmtIsr
00004cd5                _dmaRcvIsr
00004cff                _c_int00
00004d4b                _printf
00004d96                __remli
00004de1                __divli
00004e29                __args_main
00004e69                _memcpy
00004ea8                _IRQ_clear
00004ee1                _exit
00004f1c                _MCBSP_close
00004f50                _IRQ_setVecs
00004f7b                __fixdi
00004fa5                I$$UDIV
00004fa5                __divu
00004fba                I$$UMOD
00004fba                __remu
00004fcf                _memccpy
00004fee                ___isinf
00005008                __subd
0000501c                I$$LMPY
0000501c                __mpyli
0000502f                __register_unlock
00005036                __register_lock
0000503d                __nop
0000503f                __negd
00005050                _IRQ_globalDisable
00005060                _IRQ_globalEnable
00005070                _CSL_init
0000507c                _IRQ_globalRestore
00005088                __CSL_init
00005093                _remove
0000509d                _abort
0000509e                C$$EXIT
000050a4                _MCBSP_read16
000050ac                _MCBSP_write16
000050b4                _CSL5502_LIB_
000050b8                ___etext__
000050b8                etext
            00002860    __stack
            00003860    __STACK_END
            00003860    __sys_memory
            00004860    __sysstack
            00005060    __ctypes_
            000052c0    .bss
            000052c0    ___bss__
            000052c0    __ftable
            000052fc    __tmpnams
            0000539c    __ft_end
            0000546d    _aicMcbsp
            000054cc    _g_audio_frame_pronto
            000054cd    _hDmaRcv
            000054ce    _dmaRcvConfig
            000054e0    _dmaXmtConfig
            000054f2    _hDmaXmt
            000054f3    _transferComplete
            000054f4    _err
            000054f5    _old_intm
            000054f6    _xmtEventId
            000054f7    _rcvEventId
            000054f8    __lock
            000054fa    __unlock
            000054fc    __cleanup_ptr
            000054fe    __dtors_ptr
            00005504    ___cinit__
            00005504    ___end__
            00005504    cinit
            00005504    end
            000056a0    __CIOBUF_
            000057c0    _CSL_DmaData
            0000583e    _CSL_McbspData
            000058a4    _CSL_SysData
            000058c4    _xmt
            00005944    _rcv
0000fe00                _VECSTART
0000fe08                nmi
0000fe10                int0
0000fe18                int1
0000fe20                int2
0000fe28                int3
0000fe30                int4
0000fe38                int5
0000fe40                int6
0000fe48                int7
0000fe50                int8
0000fe58                int9
0000fe60                int10
0000fe68                int11
0000fe70                int12
0000fe78                int13
0000fe80                int14
0000fe88                int15
0000fe90                int16
0000fe98                int17
0000fea0                int18
0000fea8                int19
0000feb0                int20
0000feb8                int21
0000fec0                int22
0000fec8                int23
0000fed0                int24
0000fed8                int25
0000fee0                int26
0000fee8                int27
0000fef0                int28
0000fef8                int29
0000ff00                _Reset
ffffffff                ___binit__
ffffffff                ___c_args__
ffffffff                ___pinit__
ffffffff                binit
ffffffff                pinit

[230 symbols]
