<?xml version="1.0"?>
<link_info>
   <banner>TMS320C55x Linker Unix v4.4.1</banner>
   <copyright>Copyright (c) 1996-2012 Texas Instruments Incorporated</copyright>
   <link_time>0x690657ab</link_time>
   <output_file>ExperimentIFFT.out</output_file>
   <entry_point>
      <name>_c_int00</name>
      <address>0x4400</address>
   </entry_point>
   <input_file_list>
      <input_file id="fl-2">
         <path>./src/</path>
         <kind>object</kind>
         <file>FFT_iFFT_Test.obj</file>
         <name>FFT_iFFT_Test.obj</name>
      </input_file>
      <input_file id="fl-3">
         <path>./src/</path>
         <kind>object</kind>
         <file>ibit_rev.obj</file>
         <name>ibit_rev.obj</name>
      </input_file>
      <input_file id="fl-4">
         <path>./src/</path>
         <kind>object</kind>
         <file>intrinsic_fft.obj</file>
         <name>intrinsic_fft.obj</name>
      </input_file>
      <input_file id="fl-5">
         <path>./src/</path>
         <kind>object</kind>
         <file>w_table.obj</file>
         <name>w_table.obj</name>
      </input_file>
      <input_file id="fl-1d">
         <path>/home/caco/ti/ccs1281/ccs/tools/compiler/c5500_4.4.1/lib/</path>
         <kind>archive</kind>
         <file>rts55.lib</file>
         <name>boot.obj</name>
      </input_file>
      <input_file id="fl-1e">
         <path>/home/caco/ti/ccs1281/ccs/tools/compiler/c5500_4.4.1/lib/</path>
         <kind>archive</kind>
         <file>rts55.lib</file>
         <name>cos.obj</name>
      </input_file>
      <input_file id="fl-1f">
         <path>/home/caco/ti/ccs1281/ccs/tools/compiler/c5500_4.4.1/lib/</path>
         <kind>archive</kind>
         <file>rts55.lib</file>
         <name>divd.obj</name>
      </input_file>
      <input_file id="fl-20">
         <path>/home/caco/ti/ccs1281/ccs/tools/compiler/c5500_4.4.1/lib/</path>
         <kind>archive</kind>
         <file>rts55.lib</file>
         <name>exit.obj</name>
      </input_file>
      <input_file id="fl-21">
         <path>/home/caco/ti/ccs1281/ccs/tools/compiler/c5500_4.4.1/lib/</path>
         <kind>archive</kind>
         <file>rts55.lib</file>
         <name>fclose.obj</name>
      </input_file>
      <input_file id="fl-22">
         <path>/home/caco/ti/ccs1281/ccs/tools/compiler/c5500_4.4.1/lib/</path>
         <kind>archive</kind>
         <file>rts55.lib</file>
         <name>fflush.obj</name>
      </input_file>
      <input_file id="fl-23">
         <path>/home/caco/ti/ccs1281/ccs/tools/compiler/c5500_4.4.1/lib/</path>
         <kind>archive</kind>
         <file>rts55.lib</file>
         <name>fixdi.obj</name>
      </input_file>
      <input_file id="fl-24">
         <path>/home/caco/ti/ccs1281/ccs/tools/compiler/c5500_4.4.1/lib/</path>
         <kind>archive</kind>
         <file>rts55.lib</file>
         <name>fixdli.obj</name>
      </input_file>
      <input_file id="fl-25">
         <path>/home/caco/ti/ccs1281/ccs/tools/compiler/c5500_4.4.1/lib/</path>
         <kind>archive</kind>
         <file>rts55.lib</file>
         <name>fltid.obj</name>
      </input_file>
      <input_file id="fl-26">
         <path>/home/caco/ti/ccs1281/ccs/tools/compiler/c5500_4.4.1/lib/</path>
         <kind>archive</kind>
         <file>rts55.lib</file>
         <name>fltlid.obj</name>
      </input_file>
      <input_file id="fl-27">
         <path>/home/caco/ti/ccs1281/ccs/tools/compiler/c5500_4.4.1/lib/</path>
         <kind>archive</kind>
         <file>rts55.lib</file>
         <name>fltud.obj</name>
      </input_file>
      <input_file id="fl-28">
         <path>/home/caco/ti/ccs1281/ccs/tools/compiler/c5500_4.4.1/lib/</path>
         <kind>archive</kind>
         <file>rts55.lib</file>
         <name>fltuld.obj</name>
      </input_file>
      <input_file id="fl-29">
         <path>/home/caco/ti/ccs1281/ccs/tools/compiler/c5500_4.4.1/lib/</path>
         <kind>archive</kind>
         <file>rts55.lib</file>
         <name>fopen.obj</name>
      </input_file>
      <input_file id="fl-2a">
         <path>/home/caco/ti/ccs1281/ccs/tools/compiler/c5500_4.4.1/lib/</path>
         <kind>archive</kind>
         <file>rts55.lib</file>
         <name>fprintf.obj</name>
      </input_file>
      <input_file id="fl-2b">
         <path>/home/caco/ti/ccs1281/ccs/tools/compiler/c5500_4.4.1/lib/</path>
         <kind>archive</kind>
         <file>rts55.lib</file>
         <name>fputc.obj</name>
      </input_file>
      <input_file id="fl-2c">
         <path>/home/caco/ti/ccs1281/ccs/tools/compiler/c5500_4.4.1/lib/</path>
         <kind>archive</kind>
         <file>rts55.lib</file>
         <name>fputs.obj</name>
      </input_file>
      <input_file id="fl-2d">
         <path>/home/caco/ti/ccs1281/ccs/tools/compiler/c5500_4.4.1/lib/</path>
         <kind>archive</kind>
         <file>rts55.lib</file>
         <name>frcmpyd_div.obj</name>
      </input_file>
      <input_file id="fl-2e">
         <path>/home/caco/ti/ccs1281/ccs/tools/compiler/c5500_4.4.1/lib/</path>
         <kind>archive</kind>
         <file>rts55.lib</file>
         <name>lmpy.obj</name>
      </input_file>
      <input_file id="fl-2f">
         <path>/home/caco/ti/ccs1281/ccs/tools/compiler/c5500_4.4.1/lib/</path>
         <kind>archive</kind>
         <file>rts55.lib</file>
         <name>lowlev.obj</name>
      </input_file>
      <input_file id="fl-30">
         <path>/home/caco/ti/ccs1281/ccs/tools/compiler/c5500_4.4.1/lib/</path>
         <kind>archive</kind>
         <file>rts55.lib</file>
         <name>memcpy.obj</name>
      </input_file>
      <input_file id="fl-31">
         <path>/home/caco/ti/ccs1281/ccs/tools/compiler/c5500_4.4.1/lib/</path>
         <kind>archive</kind>
         <file>rts55.lib</file>
         <name>memory.obj</name>
      </input_file>
      <input_file id="fl-32">
         <path>/home/caco/ti/ccs1281/ccs/tools/compiler/c5500_4.4.1/lib/</path>
         <kind>archive</kind>
         <file>rts55.lib</file>
         <name>modf.obj</name>
      </input_file>
      <input_file id="fl-33">
         <path>/home/caco/ti/ccs1281/ccs/tools/compiler/c5500_4.4.1/lib/</path>
         <kind>archive</kind>
         <file>rts55.lib</file>
         <name>mpyd.obj</name>
      </input_file>
      <input_file id="fl-34">
         <path>/home/caco/ti/ccs1281/ccs/tools/compiler/c5500_4.4.1/lib/</path>
         <kind>archive</kind>
         <file>rts55.lib</file>
         <name>negd.obj</name>
      </input_file>
      <input_file id="fl-35">
         <path>/home/caco/ti/ccs1281/ccs/tools/compiler/c5500_4.4.1/lib/</path>
         <kind>archive</kind>
         <file>rts55.lib</file>
         <name>printf.obj</name>
      </input_file>
      <input_file id="fl-36">
         <path>/home/caco/ti/ccs1281/ccs/tools/compiler/c5500_4.4.1/lib/</path>
         <kind>archive</kind>
         <file>rts55.lib</file>
         <name>remove.obj</name>
      </input_file>
      <input_file id="fl-37">
         <path>/home/caco/ti/ccs1281/ccs/tools/compiler/c5500_4.4.1/lib/</path>
         <kind>archive</kind>
         <file>rts55.lib</file>
         <name>round.obj</name>
      </input_file>
      <input_file id="fl-38">
         <path>/home/caco/ti/ccs1281/ccs/tools/compiler/c5500_4.4.1/lib/</path>
         <kind>archive</kind>
         <file>rts55.lib</file>
         <name>sin.obj</name>
      </input_file>
      <input_file id="fl-39">
         <path>/home/caco/ti/ccs1281/ccs/tools/compiler/c5500_4.4.1/lib/</path>
         <kind>archive</kind>
         <file>rts55.lib</file>
         <name>subd.obj</name>
      </input_file>
      <input_file id="fl-3a">
         <path>/home/caco/ti/ccs1281/ccs/tools/compiler/c5500_4.4.1/lib/</path>
         <kind>archive</kind>
         <file>rts55.lib</file>
         <name>trgdrv.obj</name>
      </input_file>
      <input_file id="fl-3b">
         <path>/home/caco/ti/ccs1281/ccs/tools/compiler/c5500_4.4.1/lib/</path>
         <kind>archive</kind>
         <file>rts55.lib</file>
         <name>trgmsg.obj</name>
      </input_file>
      <input_file id="fl-3c">
         <path>/home/caco/ti/ccs1281/ccs/tools/compiler/c5500_4.4.1/lib/</path>
         <kind>archive</kind>
         <file>rts55.lib</file>
         <name>trunc.obj</name>
      </input_file>
      <input_file id="fl-3d">
         <path>/home/caco/ti/ccs1281/ccs/tools/compiler/c5500_4.4.1/lib/</path>
         <kind>archive</kind>
         <file>rts55.lib</file>
         <name>vectors.obj</name>
      </input_file>
      <input_file id="fl-3e">
         <path>/home/caco/ti/ccs1281/ccs/tools/compiler/c5500_4.4.1/lib/</path>
         <kind>archive</kind>
         <file>rts55.lib</file>
         <name>_io_perm.obj</name>
      </input_file>
      <input_file id="fl-3f">
         <path>/home/caco/ti/ccs1281/ccs/tools/compiler/c5500_4.4.1/lib/</path>
         <kind>archive</kind>
         <file>rts55.lib</file>
         <name>_lock.obj</name>
      </input_file>
      <input_file id="fl-40">
         <path>/home/caco/ti/ccs1281/ccs/tools/compiler/c5500_4.4.1/lib/</path>
         <kind>archive</kind>
         <file>rts55.lib</file>
         <name>_printfi.obj</name>
      </input_file>
      <input_file id="fl-41">
         <path>/home/caco/ti/ccs1281/ccs/tools/compiler/c5500_4.4.1/lib/</path>
         <kind>archive</kind>
         <file>rts55.lib</file>
         <name>addd.obj</name>
      </input_file>
      <input_file id="fl-42">
         <path>/home/caco/ti/ccs1281/ccs/tools/compiler/c5500_4.4.1/lib/</path>
         <kind>archive</kind>
         <file>rts55.lib</file>
         <name>args_main.obj</name>
      </input_file>
      <input_file id="fl-43">
         <path>/home/caco/ti/ccs1281/ccs/tools/compiler/c5500_4.4.1/lib/</path>
         <kind>archive</kind>
         <file>rts55.lib</file>
         <name>atoi.obj</name>
      </input_file>
      <input_file id="fl-44">
         <path>/home/caco/ti/ccs1281/ccs/tools/compiler/c5500_4.4.1/lib/</path>
         <kind>archive</kind>
         <file>rts55.lib</file>
         <name>autoinit.obj</name>
      </input_file>
      <input_file id="fl-45">
         <path>/home/caco/ti/ccs1281/ccs/tools/compiler/c5500_4.4.1/lib/</path>
         <kind>archive</kind>
         <file>rts55.lib</file>
         <name>cmpd.obj</name>
      </input_file>
      <input_file id="fl-46">
         <path>/home/caco/ti/ccs1281/ccs/tools/compiler/c5500_4.4.1/lib/</path>
         <kind>archive</kind>
         <file>rts55.lib</file>
         <name>ctype.obj</name>
      </input_file>
      <input_file id="fl-47">
         <path>/home/caco/ti/ccs1281/ccs/tools/compiler/c5500_4.4.1/lib/</path>
         <kind>archive</kind>
         <file>rts55.lib</file>
         <name>defs.obj</name>
      </input_file>
      <input_file id="fl-48">
         <path>/home/caco/ti/ccs1281/ccs/tools/compiler/c5500_4.4.1/lib/</path>
         <kind>archive</kind>
         <file>rts55.lib</file>
         <name>divul.obj</name>
      </input_file>
      <input_file id="fl-49">
         <path>/home/caco/ti/ccs1281/ccs/tools/compiler/c5500_4.4.1/lib/</path>
         <kind>archive</kind>
         <file>rts55.lib</file>
         <name>frcmpyd.obj</name>
      </input_file>
      <input_file id="fl-4a">
         <path>/home/caco/ti/ccs1281/ccs/tools/compiler/c5500_4.4.1/lib/</path>
         <kind>archive</kind>
         <file>rts55.lib</file>
         <name>fseek.obj</name>
      </input_file>
      <input_file id="fl-4b">
         <path>/home/caco/ti/ccs1281/ccs/tools/compiler/c5500_4.4.1/lib/</path>
         <kind>archive</kind>
         <file>rts55.lib</file>
         <name>isinf.obj</name>
      </input_file>
      <input_file id="fl-4c">
         <path>/home/caco/ti/ccs1281/ccs/tools/compiler/c5500_4.4.1/lib/</path>
         <kind>archive</kind>
         <file>rts55.lib</file>
         <name>llmpy.obj</name>
      </input_file>
      <input_file id="fl-4d">
         <path>/home/caco/ti/ccs1281/ccs/tools/compiler/c5500_4.4.1/lib/</path>
         <kind>archive</kind>
         <file>rts55.lib</file>
         <name>ltoa.obj</name>
      </input_file>
      <input_file id="fl-4e">
         <path>/home/caco/ti/ccs1281/ccs/tools/compiler/c5500_4.4.1/lib/</path>
         <kind>archive</kind>
         <file>rts55.lib</file>
         <name>memccpy.obj</name>
      </input_file>
      <input_file id="fl-4f">
         <path>/home/caco/ti/ccs1281/ccs/tools/compiler/c5500_4.4.1/lib/</path>
         <kind>archive</kind>
         <file>rts55.lib</file>
         <name>remli.obj</name>
      </input_file>
      <input_file id="fl-50">
         <path>/home/caco/ti/ccs1281/ccs/tools/compiler/c5500_4.4.1/lib/</path>
         <kind>archive</kind>
         <file>rts55.lib</file>
         <name>remul.obj</name>
      </input_file>
      <input_file id="fl-51">
         <path>/home/caco/ti/ccs1281/ccs/tools/compiler/c5500_4.4.1/lib/</path>
         <kind>archive</kind>
         <file>rts55.lib</file>
         <name>setvbuf.obj</name>
      </input_file>
      <input_file id="fl-52">
         <path>/home/caco/ti/ccs1281/ccs/tools/compiler/c5500_4.4.1/lib/</path>
         <kind>archive</kind>
         <file>rts55.lib</file>
         <name>udiv.obj</name>
      </input_file>
      <input_file id="fl-53">
         <path>/home/caco/ti/ccs1281/ccs/tools/compiler/c5500_4.4.1/lib/</path>
         <kind>archive</kind>
         <file>rts55.lib</file>
         <name>divli.obj</name>
      </input_file>
   </input_file_list>
   <object_component_list>
      <object_component id="oc-d7">
         <name>.text</name>
         <load_address>0x300</load_address>
         <run_address>0x300</run_address>
         <size>0x1330</size>
         <input_file_ref idref="fl-40"/>
      </object_component>
      <object_component id="oc-83">
         <name>.text</name>
         <load_address>0x1630</load_address>
         <run_address>0x1630</run_address>
         <size>0x46c</size>
         <input_file_ref idref="fl-2f"/>
      </object_component>
      <object_component id="oc-b9">
         <name>.text</name>
         <load_address>0x1a9c</load_address>
         <run_address>0x1a9c</run_address>
         <size>0x465</size>
         <input_file_ref idref="fl-3a"/>
      </object_component>
      <object_component id="oc-3b">
         <name>.text</name>
         <load_address>0x1f01</load_address>
         <run_address>0x1f01</run_address>
         <size>0x3c8</size>
         <input_file_ref idref="fl-1f"/>
      </object_component>
      <object_component id="oc-8d">
         <name>.text</name>
         <load_address>0x22c9</load_address>
         <run_address>0x22c9</run_address>
         <size>0x380</size>
         <input_file_ref idref="fl-31"/>
      </object_component>
      <object_component id="oc-dd">
         <name>.text</name>
         <load_address>0x2649</load_address>
         <run_address>0x2649</run_address>
         <size>0x260</size>
         <input_file_ref idref="fl-41"/>
      </object_component>
      <object_component id="oc-107">
         <name>.text</name>
         <load_address>0x28a9</load_address>
         <run_address>0x28a9</run_address>
         <size>0x25e</size>
         <input_file_ref idref="fl-4c"/>
      </object_component>
      <object_component id="oc-68">
         <name>.text</name>
         <load_address>0x2b07</load_address>
         <run_address>0x2b07</run_address>
         <size>0x222</size>
         <input_file_ref idref="fl-29"/>
      </object_component>
      <object_component id="oc-34">
         <name>.text</name>
         <load_address>0x2d29</load_address>
         <run_address>0x2d29</run_address>
         <size>0x1fc</size>
         <input_file_ref idref="fl-1e"/>
      </object_component>
      <object_component id="oc-ed">
         <name>.text</name>
         <load_address>0x2f25</load_address>
         <run_address>0x2f25</run_address>
         <size>0x1ea</size>
         <input_file_ref idref="fl-45"/>
      </object_component>
      <object_component id="oc-ae">
         <name>.text</name>
         <load_address>0x310f</load_address>
         <run_address>0x310f</run_address>
         <size>0x1de</size>
         <input_file_ref idref="fl-38"/>
      </object_component>
      <object_component id="oc-25">
         <name>.text</name>
         <load_address>0x32ed</load_address>
         <run_address>0x32ed</run_address>
         <size>0x1da</size>
         <input_file_ref idref="fl-4"/>
      </object_component>
      <object_component id="oc-1b">
         <name>.text:fft_code</name>
         <load_address>0x34c7</load_address>
         <run_address>0x34c7</run_address>
         <size>0x1b7</size>
         <input_file_ref idref="fl-2"/>
      </object_component>
      <object_component id="oc-99">
         <name>.text</name>
         <load_address>0x367e</load_address>
         <run_address>0x367e</run_address>
         <size>0x158</size>
         <input_file_ref idref="fl-33"/>
      </object_component>
      <object_component id="oc-76">
         <name>.text</name>
         <load_address>0x37d6</load_address>
         <run_address>0x37d6</run_address>
         <size>0x12a</size>
         <input_file_ref idref="fl-2c"/>
      </object_component>
      <object_component id="oc-94">
         <name>.text</name>
         <load_address>0x3900</load_address>
         <run_address>0x3900</run_address>
         <size>0xb9</size>
         <input_file_ref idref="fl-32"/>
      </object_component>
      <object_component id="oc-cd">
         <name>.text</name>
         <load_address>0x39b9</load_address>
         <run_address>0x39b9</run_address>
         <size>0xb4</size>
         <input_file_ref idref="fl-3e"/>
      </object_component>
      <object_component id="oc-11b">
         <name>.text</name>
         <load_address>0x3a6d</load_address>
         <run_address>0x3a6d</run_address>
         <size>0xad</size>
         <input_file_ref idref="fl-51"/>
      </object_component>
      <object_component id="oc-4a">
         <name>.text</name>
         <load_address>0x3b1a</load_address>
         <run_address>0x3b1a</run_address>
         <size>0xaa</size>
         <input_file_ref idref="fl-22"/>
      </object_component>
      <object_component id="oc-c1">
         <name>.text:CIO_breakpoint</name>
         <load_address>0x3bc4</load_address>
         <run_address>0x3bc4</run_address>
         <size>0xa8</size>
         <input_file_ref idref="fl-3b"/>
      </object_component>
      <object_component id="oc-f7">
         <name>.text</name>
         <load_address>0x3c6c</load_address>
         <run_address>0x3c6c</run_address>
         <size>0xa1</size>
         <input_file_ref idref="fl-48"/>
      </object_component>
      <object_component id="oc-2b">
         <name>.text:fft_code</name>
         <load_address>0x3d0d</load_address>
         <run_address>0x3d0d</run_address>
         <size>0x9f</size>
         <input_file_ref idref="fl-5"/>
      </object_component>
      <object_component id="oc-20">
         <name>.text</name>
         <load_address>0x3dac</load_address>
         <run_address>0x3dac</run_address>
         <size>0x9f</size>
         <input_file_ref idref="fl-3"/>
      </object_component>
      <object_component id="oc-72">
         <name>.text</name>
         <load_address>0x3e4b</load_address>
         <run_address>0x3e4b</run_address>
         <size>0x85</size>
         <input_file_ref idref="fl-2b"/>
      </object_component>
      <object_component id="oc-fb">
         <name>.text</name>
         <load_address>0x3ed0</load_address>
         <run_address>0x3ed0</run_address>
         <size>0x76</size>
         <input_file_ref idref="fl-49"/>
      </object_component>
      <object_component id="oc-7b">
         <name>.text</name>
         <load_address>0x3f46</load_address>
         <run_address>0x3f46</run_address>
         <size>0x73</size>
         <input_file_ref idref="fl-2d"/>
      </object_component>
      <object_component id="oc-10b">
         <name>.text</name>
         <load_address>0x3fb9</load_address>
         <run_address>0x3fb9</run_address>
         <size>0x73</size>
         <input_file_ref idref="fl-4d"/>
      </object_component>
      <object_component id="oc-117">
         <name>.text</name>
         <load_address>0x402c</load_address>
         <run_address>0x402c</run_address>
         <size>0x72</size>
         <input_file_ref idref="fl-50"/>
      </object_component>
      <object_component id="oc-52">
         <name>.text</name>
         <load_address>0x409e</load_address>
         <run_address>0x409e</run_address>
         <size>0x6f</size>
         <input_file_ref idref="fl-24"/>
      </object_component>
      <object_component id="oc-e9">
         <name>.text</name>
         <load_address>0x410d</load_address>
         <run_address>0x410d</run_address>
         <size>0x6b</size>
         <input_file_ref idref="fl-44"/>
      </object_component>
      <object_component id="oc-5a">
         <name>.text</name>
         <load_address>0x4178</load_address>
         <run_address>0x4178</run_address>
         <size>0x62</size>
         <input_file_ref idref="fl-26"/>
      </object_component>
      <object_component id="oc-46">
         <name>.text</name>
         <load_address>0x41da</load_address>
         <run_address>0x41da</run_address>
         <size>0x61</size>
         <input_file_ref idref="fl-21"/>
      </object_component>
      <object_component id="oc-be">
         <name>.text</name>
         <load_address>0x423b</load_address>
         <run_address>0x423b</run_address>
         <size>0x61</size>
         <input_file_ref idref="fl-3b"/>
      </object_component>
      <object_component id="oc-e5">
         <name>.text</name>
         <load_address>0x429c</load_address>
         <run_address>0x429c</run_address>
         <size>0x5c</size>
         <input_file_ref idref="fl-43"/>
      </object_component>
      <object_component id="oc-a9">
         <name>.text</name>
         <load_address>0x42f8</load_address>
         <run_address>0x42f8</run_address>
         <size>0x5a</size>
         <input_file_ref idref="fl-37"/>
      </object_component>
      <object_component id="oc-ff">
         <name>.text</name>
         <load_address>0x4352</load_address>
         <run_address>0x4352</run_address>
         <size>0x58</size>
         <input_file_ref idref="fl-4a"/>
      </object_component>
      <object_component id="oc-63">
         <name>.text</name>
         <load_address>0x43aa</load_address>
         <run_address>0x43aa</run_address>
         <size>0x56</size>
         <input_file_ref idref="fl-28"/>
      </object_component>
      <object_component id="oc-12">
         <name>.text</name>
         <load_address>0x4400</load_address>
         <run_address>0x4400</run_address>
         <size>0x4c</size>
         <input_file_ref idref="fl-1d"/>
      </object_component>
      <object_component id="oc-a1">
         <name>.text</name>
         <load_address>0x444c</load_address>
         <run_address>0x444c</run_address>
         <size>0x4b</size>
         <input_file_ref idref="fl-35"/>
      </object_component>
      <object_component id="oc-113">
         <name>.text</name>
         <load_address>0x4497</load_address>
         <run_address>0x4497</run_address>
         <size>0x4b</size>
         <input_file_ref idref="fl-4f"/>
      </object_component>
      <object_component id="oc-123">
         <name>.text</name>
         <load_address>0x44e2</load_address>
         <run_address>0x44e2</run_address>
         <size>0x48</size>
         <input_file_ref idref="fl-53"/>
      </object_component>
      <object_component id="oc-6e">
         <name>.text</name>
         <load_address>0x452a</load_address>
         <run_address>0x452a</run_address>
         <size>0x47</size>
         <input_file_ref idref="fl-2a"/>
      </object_component>
      <object_component id="oc-e1">
         <name>.text</name>
         <load_address>0x4571</load_address>
         <run_address>0x4571</run_address>
         <size>0x40</size>
         <input_file_ref idref="fl-42"/>
      </object_component>
      <object_component id="oc-89">
         <name>.text</name>
         <load_address>0x45b1</load_address>
         <run_address>0x45b1</run_address>
         <size>0x3f</size>
         <input_file_ref idref="fl-30"/>
      </object_component>
      <object_component id="oc-c4">
         <name>.text</name>
         <load_address>0x45f0</load_address>
         <run_address>0x45f0</run_address>
         <size>0x3f</size>
         <input_file_ref idref="fl-3c"/>
      </object_component>
      <object_component id="oc-3f">
         <name>.text</name>
         <load_address>0x462f</load_address>
         <run_address>0x462f</run_address>
         <size>0x38</size>
         <input_file_ref idref="fl-20"/>
      </object_component>
      <object_component id="oc-4e">
         <name>.text</name>
         <load_address>0x4667</load_address>
         <run_address>0x4667</run_address>
         <size>0x2a</size>
         <input_file_ref idref="fl-23"/>
      </object_component>
      <object_component id="oc-11f">
         <name>.text</name>
         <load_address>0x4691</load_address>
         <run_address>0x4691</run_address>
         <size>0x2a</size>
         <input_file_ref idref="fl-52"/>
      </object_component>
      <object_component id="oc-10f">
         <name>.text</name>
         <load_address>0x46bb</load_address>
         <run_address>0x46bb</run_address>
         <size>0x1f</size>
         <input_file_ref idref="fl-4e"/>
      </object_component>
      <object_component id="oc-103">
         <name>.text</name>
         <load_address>0x46da</load_address>
         <run_address>0x46da</run_address>
         <size>0x1a</size>
         <input_file_ref idref="fl-4b"/>
      </object_component>
      <object_component id="oc-b5">
         <name>.text</name>
         <load_address>0x46f4</load_address>
         <run_address>0x46f4</run_address>
         <size>0x14</size>
         <input_file_ref idref="fl-39"/>
      </object_component>
      <object_component id="oc-7f">
         <name>.text</name>
         <load_address>0x4708</load_address>
         <run_address>0x4708</run_address>
         <size>0x13</size>
         <input_file_ref idref="fl-2e"/>
      </object_component>
      <object_component id="oc-d1">
         <name>.text</name>
         <load_address>0x471b</load_address>
         <run_address>0x471b</run_address>
         <size>0x10</size>
         <input_file_ref idref="fl-3f"/>
      </object_component>
      <object_component id="oc-9d">
         <name>.text</name>
         <load_address>0x472b</load_address>
         <run_address>0x472b</run_address>
         <size>0x10</size>
         <input_file_ref idref="fl-34"/>
      </object_component>
      <object_component id="oc-5f">
         <name>.text</name>
         <load_address>0x473b</load_address>
         <run_address>0x473b</run_address>
         <size>0xe</size>
         <input_file_ref idref="fl-27"/>
      </object_component>
      <object_component id="oc-56">
         <name>.text</name>
         <load_address>0x4749</load_address>
         <run_address>0x4749</run_address>
         <size>0xc</size>
         <input_file_ref idref="fl-25"/>
      </object_component>
      <object_component id="oc-a5">
         <name>.text</name>
         <load_address>0x4755</load_address>
         <run_address>0x4755</run_address>
         <size>0xa</size>
         <input_file_ref idref="fl-36"/>
      </object_component>
      <object_component id="oc-43">
         <name>.text:CIO_breakpoint</name>
         <load_address>0x475f</load_address>
         <run_address>0x475f</run_address>
         <size>0x7</size>
         <input_file_ref idref="fl-20"/>
      </object_component>
      <object_component id="oc-c9">
         <name>.text</name>
         <load_address>0x4766</load_address>
         <run_address>0x4766</run_address>
         <size>0x2</size>
         <input_file_ref idref="fl-3d"/>
      </object_component>
      <object_component id="oc-30">
         <name>.stack</name>
         <load_address>0x7500</load_address>
         <run_address>0x7500</run_address>
         <size>0x0</size>
         <input_file_ref idref="fl-1d"/>
      </object_component>
      <object_component id="oc-142">
         <name>.stack</name>
         <load_address>0x7500</load_address>
         <run_address>0x7500</run_address>
         <size>0x0</size>
      </object_component>
      <object_component id="oc-127">
         <name>.sysstack</name>
         <load_address>0xb500</load_address>
         <run_address>0xb500</run_address>
         <size>0x0</size>
         <input_file_ref idref="fl-1d"/>
      </object_component>
      <object_component id="oc-144">
         <name>.sysstack</name>
         <load_address>0xb500</load_address>
         <run_address>0xb500</run_address>
         <size>0x0</size>
      </object_component>
      <object_component id="oc-14">
         <name>.bss</name>
         <load_address>0x4780</load_address>
         <run_address>0x4780</run_address>
         <size>0xd00</size>
         <input_file_ref idref="fl-2"/>
      </object_component>
      <object_component id="oc-1a">
         <name>.bss:fft_error</name>
         <load_address>0x5480</load_address>
         <run_address>0x5480</run_address>
         <size>0xd00</size>
         <input_file_ref idref="fl-2"/>
      </object_component>
      <object_component id="oc-19">
         <name>.bss:fft_output</name>
         <load_address>0x6180</load_address>
         <run_address>0x6180</run_address>
         <size>0xd00</size>
         <input_file_ref idref="fl-2"/>
      </object_component>
      <object_component id="oc-17">
         <name>.bss:fft_in</name>
         <load_address>0x6e80</load_address>
         <run_address>0x6e80</run_address>
         <size>0x200</size>
         <input_file_ref idref="fl-2"/>
      </object_component>
      <object_component id="oc-f3">
         <name>.bss</name>
         <load_address>0x7080</load_address>
         <run_address>0x7080</run_address>
         <size>0x1ba</size>
         <input_file_ref idref="fl-47"/>
      </object_component>
      <object_component id="oc-ba">
         <name>.bss</name>
         <load_address>0x723a</load_address>
         <run_address>0x723a</run_address>
         <size>0x1a0</size>
         <input_file_ref idref="fl-3a"/>
      </object_component>
      <object_component id="oc-69">
         <name>.bss</name>
         <load_address>0x73da</load_address>
         <run_address>0x73da</run_address>
         <size>0x2</size>
         <input_file_ref idref="fl-29"/>
      </object_component>
      <object_component id="oc-84">
         <name>.bss</name>
         <load_address>0x73dc</load_address>
         <run_address>0x73dc</run_address>
         <size>0xba</size>
         <input_file_ref idref="fl-2f"/>
      </object_component>
      <object_component id="oc-18">
         <name>.bss:fft_coef</name>
         <load_address>0x7496</load_address>
         <run_address>0x7496</run_address>
         <size>0x1c</size>
         <input_file_ref idref="fl-2"/>
      </object_component>
      <object_component id="oc-35">
         <name>.bss</name>
         <load_address>0x74b4</load_address>
         <run_address>0x74b4</run_address>
         <size>0x10</size>
         <input_file_ref idref="fl-1e"/>
      </object_component>
      <object_component id="oc-af">
         <name>.bss</name>
         <load_address>0x74c4</load_address>
         <run_address>0x74c4</run_address>
         <size>0x10</size>
         <input_file_ref idref="fl-38"/>
      </object_component>
      <object_component id="oc-d2">
         <name>.bss</name>
         <load_address>0x74d4</load_address>
         <run_address>0x74d4</run_address>
         <size>0x8</size>
         <input_file_ref idref="fl-3f"/>
      </object_component>
      <object_component id="oc-40">
         <name>.bss</name>
         <load_address>0x74dc</load_address>
         <run_address>0x74dc</run_address>
         <size>0x8</size>
         <input_file_ref idref="fl-20"/>
      </object_component>
      <object_component id="oc-8e">
         <name>.bss</name>
         <load_address>0x74e4</load_address>
         <run_address>0x74e4</run_address>
         <size>0x8</size>
         <input_file_ref idref="fl-31"/>
      </object_component>
      <object_component id="oc-129">
         <name>.const:__ctypes_</name>
         <load_address>0xd300</load_address>
         <run_address>0xd300</run_address>
         <size>0x202</size>
         <input_file_ref idref="fl-46"/>
      </object_component>
      <object_component id="oc-1c">
         <name>.const:.string</name>
         <load_address>0xd502</load_address>
         <run_address>0xd502</run_address>
         <size>0xe2</size>
         <input_file_ref idref="fl-2"/>
      </object_component>
      <object_component id="oc-d9">
         <name>.const:.string</name>
         <load_address>0xd5e4</load_address>
         <run_address>0xd5e4</run_address>
         <size>0x46</size>
         <input_file_ref idref="fl-40"/>
      </object_component>
      <object_component id="oc-38">
         <name>.const</name>
         <load_address>0xd62c</load_address>
         <run_address>0xd62c</run_address>
         <size>0x2c</size>
         <input_file_ref idref="fl-1e"/>
      </object_component>
      <object_component id="oc-b2">
         <name>.const</name>
         <load_address>0xd658</load_address>
         <run_address>0xd658</run_address>
         <size>0x28</size>
         <input_file_ref idref="fl-38"/>
      </object_component>
      <object_component id="oc-da">
         <name>.const</name>
         <load_address>0xd680</load_address>
         <run_address>0xd680</run_address>
         <size>0x18</size>
         <input_file_ref idref="fl-40"/>
      </object_component>
      <object_component id="oc-128">
         <name>.const:_initial_approx$1</name>
         <load_address>0xd698</load_address>
         <run_address>0xd698</run_address>
         <size>0x10</size>
         <input_file_ref idref="fl-1f"/>
      </object_component>
      <object_component id="oc-ab">
         <name>.const</name>
         <load_address>0xd6a8</load_address>
         <run_address>0xd6a8</run_address>
         <size>0x10</size>
         <input_file_ref idref="fl-37"/>
      </object_component>
      <object_component id="oc-96">
         <name>.const</name>
         <load_address>0xd6b8</load_address>
         <run_address>0xd6b8</run_address>
         <size>0xc</size>
         <input_file_ref idref="fl-32"/>
      </object_component>
      <object_component id="oc-c6">
         <name>.const</name>
         <load_address>0xd6c4</load_address>
         <run_address>0xd6c4</run_address>
         <size>0x8</size>
         <input_file_ref idref="fl-3c"/>
      </object_component>
      <object_component id="oc-2c">
         <name>.const</name>
         <load_address>0xd6cc</load_address>
         <run_address>0xd6cc</run_address>
         <size>0x8</size>
         <input_file_ref idref="fl-5"/>
      </object_component>
      <object_component id="oc-78">
         <name>.const:.string</name>
         <load_address>0xd6d4</load_address>
         <run_address>0xd6d4</run_address>
         <size>0x4</size>
         <input_file_ref idref="fl-2c"/>
      </object_component>
      <object_component id="oc-5c">
         <name>.const</name>
         <load_address>0xd6d8</load_address>
         <run_address>0xd6d8</run_address>
         <size>0x4</size>
         <input_file_ref idref="fl-26"/>
      </object_component>
      <object_component id="oc-65">
         <name>.const</name>
         <load_address>0xd6dc</load_address>
         <run_address>0xd6dc</run_address>
         <size>0x4</size>
         <input_file_ref idref="fl-28"/>
      </object_component>
      <object_component id="oc-91">
         <name>.sysmem</name>
         <uninitialized>true</uninitialized>
         <run_address>0x9500</run_address>
         <size>0x0</size>
         <input_file_ref idref="fl-31"/>
      </object_component>
      <object_component id="oc-143">
         <name>.sysmem</name>
         <uninitialized>true</uninitialized>
         <run_address>0x9500</run_address>
         <size>0x0</size>
      </object_component>
      <object_component id="oc-16">
         <name>.cinit</name>
         <load_address>0xc500</load_address>
         <run_address>0xc500</run_address>
         <size>0xd06</size>
         <input_file_ref idref="fl-2"/>
      </object_component>
      <object_component id="oc-86">
         <name>.cinit</name>
         <load_address>0xd206</load_address>
         <run_address>0xd206</run_address>
         <size>0x50</size>
         <input_file_ref idref="fl-2f"/>
      </object_component>
      <object_component id="oc-f5">
         <name>.cinit</name>
         <load_address>0xd256</load_address>
         <run_address>0xd256</run_address>
         <size>0x32</size>
         <input_file_ref idref="fl-47"/>
      </object_component>
      <object_component id="oc-37">
         <name>.cinit</name>
         <load_address>0xd288</load_address>
         <run_address>0xd288</run_address>
         <size>0x16</size>
         <input_file_ref idref="fl-1e"/>
      </object_component>
      <object_component id="oc-b1">
         <name>.cinit</name>
         <load_address>0xd29e</load_address>
         <run_address>0xd29e</run_address>
         <size>0x16</size>
         <input_file_ref idref="fl-38"/>
      </object_component>
      <object_component id="oc-d4">
         <name>.cinit</name>
         <load_address>0xd2b4</load_address>
         <run_address>0xd2b4</run_address>
         <size>0x14</size>
         <input_file_ref idref="fl-3f"/>
      </object_component>
      <object_component id="oc-42">
         <name>.cinit</name>
         <load_address>0xd2c8</load_address>
         <run_address>0xd2c8</run_address>
         <size>0x14</size>
         <input_file_ref idref="fl-20"/>
      </object_component>
      <object_component id="oc-6b">
         <name>.cinit</name>
         <load_address>0xd2dc</load_address>
         <run_address>0xd2dc</run_address>
         <size>0x8</size>
         <input_file_ref idref="fl-29"/>
      </object_component>
      <object_component id="oc-90">
         <name>.cinit</name>
         <load_address>0xd2e4</load_address>
         <run_address>0xd2e4</run_address>
         <size>0x8</size>
         <input_file_ref idref="fl-31"/>
      </object_component>
      <object_component id="oc-c0">
         <name>.cio</name>
         <load_address>0xd6e0</load_address>
         <run_address>0xd6e0</run_address>
         <size>0x240</size>
         <input_file_ref idref="fl-3b"/>
      </object_component>
      <object_component id="oc-13">
         <name>vectors</name>
         <load_address>0xfe00</load_address>
         <run_address>0xfe00</run_address>
         <size>0x100</size>
         <input_file_ref idref="fl-3d"/>
      </object_component>
      <object_component id="oc-15">
         <name>.debug_info</name>
         <load_address>0x0</load_address>
         <run_address>0x0</run_address>
         <size>0xa13</size>
         <input_file_ref idref="fl-2"/>
      </object_component>
      <object_component id="oc-21">
         <name>.debug_info</name>
         <load_address>0xa13</load_address>
         <run_address>0xa13</run_address>
         <size>0x73b</size>
         <input_file_ref idref="fl-3"/>
      </object_component>
      <object_component id="oc-26">
         <name>.debug_info</name>
         <load_address>0x114e</load_address>
         <run_address>0x114e</run_address>
         <size>0x865</size>
         <input_file_ref idref="fl-4"/>
      </object_component>
      <object_component id="oc-2a">
         <name>.debug_info</name>
         <load_address>0x19b3</load_address>
         <run_address>0x19b3</run_address>
         <size>0x6e7</size>
         <input_file_ref idref="fl-5"/>
      </object_component>
      <object_component id="oc-31">
         <name>.debug_info</name>
         <load_address>0x209a</load_address>
         <run_address>0x209a</run_address>
         <size>0xe8</size>
         <input_file_ref idref="fl-1d"/>
      </object_component>
      <object_component id="oc-36">
         <name>.debug_info</name>
         <load_address>0x2182</load_address>
         <run_address>0x2182</run_address>
         <size>0x716</size>
         <input_file_ref idref="fl-1e"/>
      </object_component>
      <object_component id="oc-3c">
         <name>.debug_info</name>
         <load_address>0x2898</load_address>
         <run_address>0x2898</run_address>
         <size>0x7e8</size>
         <input_file_ref idref="fl-1f"/>
      </object_component>
      <object_component id="oc-41">
         <name>.debug_info</name>
         <load_address>0x3080</load_address>
         <run_address>0x3080</run_address>
         <size>0x5fb</size>
         <input_file_ref idref="fl-20"/>
      </object_component>
      <object_component id="oc-47">
         <name>.debug_info</name>
         <load_address>0x367b</load_address>
         <run_address>0x367b</run_address>
         <size>0x64a</size>
         <input_file_ref idref="fl-21"/>
      </object_component>
      <object_component id="oc-4b">
         <name>.debug_info</name>
         <load_address>0x3cc5</load_address>
         <run_address>0x3cc5</run_address>
         <size>0x701</size>
         <input_file_ref idref="fl-22"/>
      </object_component>
      <object_component id="oc-4f">
         <name>.debug_info</name>
         <load_address>0x43c6</load_address>
         <run_address>0x43c6</run_address>
         <size>0x4cf</size>
         <input_file_ref idref="fl-23"/>
      </object_component>
      <object_component id="oc-53">
         <name>.debug_info</name>
         <load_address>0x4895</load_address>
         <run_address>0x4895</run_address>
         <size>0x534</size>
         <input_file_ref idref="fl-24"/>
      </object_component>
      <object_component id="oc-57">
         <name>.debug_info</name>
         <load_address>0x4dc9</load_address>
         <run_address>0x4dc9</run_address>
         <size>0x4cf</size>
         <input_file_ref idref="fl-25"/>
      </object_component>
      <object_component id="oc-5b">
         <name>.debug_info</name>
         <load_address>0x5298</load_address>
         <run_address>0x5298</run_address>
         <size>0x549</size>
         <input_file_ref idref="fl-26"/>
      </object_component>
      <object_component id="oc-60">
         <name>.debug_info</name>
         <load_address>0x57e1</load_address>
         <run_address>0x57e1</run_address>
         <size>0x4cf</size>
         <input_file_ref idref="fl-27"/>
      </object_component>
      <object_component id="oc-64">
         <name>.debug_info</name>
         <load_address>0x5cb0</load_address>
         <run_address>0x5cb0</run_address>
         <size>0x549</size>
         <input_file_ref idref="fl-28"/>
      </object_component>
      <object_component id="oc-6a">
         <name>.debug_info</name>
         <load_address>0x61f9</load_address>
         <run_address>0x61f9</run_address>
         <size>0xa17</size>
         <input_file_ref idref="fl-29"/>
      </object_component>
      <object_component id="oc-6f">
         <name>.debug_info</name>
         <load_address>0x6c10</load_address>
         <run_address>0x6c10</run_address>
         <size>0x75e</size>
         <input_file_ref idref="fl-2a"/>
      </object_component>
      <object_component id="oc-73">
         <name>.debug_info</name>
         <load_address>0x736e</load_address>
         <run_address>0x736e</run_address>
         <size>0x6a5</size>
         <input_file_ref idref="fl-2b"/>
      </object_component>
      <object_component id="oc-77">
         <name>.debug_info</name>
         <load_address>0x7a13</load_address>
         <run_address>0x7a13</run_address>
         <size>0x938</size>
         <input_file_ref idref="fl-2c"/>
      </object_component>
      <object_component id="oc-7c">
         <name>.debug_info</name>
         <load_address>0x834b</load_address>
         <run_address>0x834b</run_address>
         <size>0x53e</size>
         <input_file_ref idref="fl-2d"/>
      </object_component>
      <object_component id="oc-80">
         <name>.debug_info</name>
         <load_address>0x8889</load_address>
         <run_address>0x8889</run_address>
         <size>0xbd</size>
         <input_file_ref idref="fl-2e"/>
      </object_component>
      <object_component id="oc-85">
         <name>.debug_info</name>
         <load_address>0x8946</load_address>
         <run_address>0x8946</run_address>
         <size>0x1446</size>
         <input_file_ref idref="fl-2f"/>
      </object_component>
      <object_component id="oc-8a">
         <name>.debug_info</name>
         <load_address>0x9d8c</load_address>
         <run_address>0x9d8c</run_address>
         <size>0xd1</size>
         <input_file_ref idref="fl-30"/>
      </object_component>
      <object_component id="oc-8f">
         <name>.debug_info</name>
         <load_address>0x9e5d</load_address>
         <run_address>0x9e5d</run_address>
         <size>0xb92</size>
         <input_file_ref idref="fl-31"/>
      </object_component>
      <object_component id="oc-95">
         <name>.debug_info</name>
         <load_address>0xa9ef</load_address>
         <run_address>0xa9ef</run_address>
         <size>0x50c</size>
         <input_file_ref idref="fl-32"/>
      </object_component>
      <object_component id="oc-9a">
         <name>.debug_info</name>
         <load_address>0xaefb</load_address>
         <run_address>0xaefb</run_address>
         <size>0x55b</size>
         <input_file_ref idref="fl-33"/>
      </object_component>
      <object_component id="oc-9e">
         <name>.debug_info</name>
         <load_address>0xb456</load_address>
         <run_address>0xb456</run_address>
         <size>0x4b7</size>
         <input_file_ref idref="fl-34"/>
      </object_component>
      <object_component id="oc-a2">
         <name>.debug_info</name>
         <load_address>0xb90d</load_address>
         <run_address>0xb90d</run_address>
         <size>0x767</size>
         <input_file_ref idref="fl-35"/>
      </object_component>
      <object_component id="oc-a6">
         <name>.debug_info</name>
         <load_address>0xc074</load_address>
         <run_address>0xc074</run_address>
         <size>0x50b</size>
         <input_file_ref idref="fl-36"/>
      </object_component>
      <object_component id="oc-aa">
         <name>.debug_info</name>
         <load_address>0xc57f</load_address>
         <run_address>0xc57f</run_address>
         <size>0x52e</size>
         <input_file_ref idref="fl-37"/>
      </object_component>
      <object_component id="oc-b0">
         <name>.debug_info</name>
         <load_address>0xcaad</load_address>
         <run_address>0xcaad</run_address>
         <size>0x6ef</size>
         <input_file_ref idref="fl-38"/>
      </object_component>
      <object_component id="oc-b6">
         <name>.debug_info</name>
         <load_address>0xd19c</load_address>
         <run_address>0xd19c</run_address>
         <size>0x4de</size>
         <input_file_ref idref="fl-39"/>
      </object_component>
      <object_component id="oc-bb">
         <name>.debug_info</name>
         <load_address>0xd67a</load_address>
         <run_address>0xd67a</run_address>
         <size>0xeca</size>
         <input_file_ref idref="fl-3a"/>
      </object_component>
      <object_component id="oc-bf">
         <name>.debug_info</name>
         <load_address>0xe544</load_address>
         <run_address>0xe544</run_address>
         <size>0x735</size>
         <input_file_ref idref="fl-3b"/>
      </object_component>
      <object_component id="oc-c5">
         <name>.debug_info</name>
         <load_address>0xec79</load_address>
         <run_address>0xec79</run_address>
         <size>0x521</size>
         <input_file_ref idref="fl-3c"/>
      </object_component>
      <object_component id="oc-ca">
         <name>.debug_info</name>
         <load_address>0xf19a</load_address>
         <run_address>0xf19a</run_address>
         <size>0xbc</size>
         <input_file_ref idref="fl-3d"/>
      </object_component>
      <object_component id="oc-ce">
         <name>.debug_info</name>
         <load_address>0xf256</load_address>
         <run_address>0xf256</run_address>
         <size>0x662</size>
         <input_file_ref idref="fl-3e"/>
      </object_component>
      <object_component id="oc-d3">
         <name>.debug_info</name>
         <load_address>0xf8b8</load_address>
         <run_address>0xf8b8</run_address>
         <size>0x5bc</size>
         <input_file_ref idref="fl-3f"/>
      </object_component>
      <object_component id="oc-d8">
         <name>.debug_info</name>
         <load_address>0xfe74</load_address>
         <run_address>0xfe74</run_address>
         <size>0x27a1</size>
         <input_file_ref idref="fl-40"/>
      </object_component>
      <object_component id="oc-de">
         <name>.debug_info</name>
         <load_address>0x12615</load_address>
         <run_address>0x12615</run_address>
         <size>0x5ab</size>
         <input_file_ref idref="fl-41"/>
      </object_component>
      <object_component id="oc-e2">
         <name>.debug_info</name>
         <load_address>0x12bc0</load_address>
         <run_address>0x12bc0</run_address>
         <size>0x586</size>
         <input_file_ref idref="fl-42"/>
      </object_component>
      <object_component id="oc-e6">
         <name>.debug_info</name>
         <load_address>0x13146</load_address>
         <run_address>0x13146</run_address>
         <size>0x59a</size>
         <input_file_ref idref="fl-43"/>
      </object_component>
      <object_component id="oc-ea">
         <name>.debug_info</name>
         <load_address>0x136e0</load_address>
         <run_address>0x136e0</run_address>
         <size>0xcd</size>
         <input_file_ref idref="fl-44"/>
      </object_component>
      <object_component id="oc-ee">
         <name>.debug_info</name>
         <load_address>0x137ad</load_address>
         <run_address>0x137ad</run_address>
         <size>0x81f</size>
         <input_file_ref idref="fl-45"/>
      </object_component>
      <object_component id="oc-f1">
         <name>.debug_info</name>
         <load_address>0x13fcc</load_address>
         <run_address>0x13fcc</run_address>
         <size>0x493</size>
         <input_file_ref idref="fl-46"/>
      </object_component>
      <object_component id="oc-f4">
         <name>.debug_info</name>
         <load_address>0x1445f</load_address>
         <run_address>0x1445f</run_address>
         <size>0x57e</size>
         <input_file_ref idref="fl-47"/>
      </object_component>
      <object_component id="oc-f8">
         <name>.debug_info</name>
         <load_address>0x149dd</load_address>
         <run_address>0x149dd</run_address>
         <size>0x534</size>
         <input_file_ref idref="fl-48"/>
      </object_component>
      <object_component id="oc-fc">
         <name>.debug_info</name>
         <load_address>0x14f11</load_address>
         <run_address>0x14f11</run_address>
         <size>0x4d2</size>
         <input_file_ref idref="fl-49"/>
      </object_component>
      <object_component id="oc-100">
         <name>.debug_info</name>
         <load_address>0x153e3</load_address>
         <run_address>0x153e3</run_address>
         <size>0x5f7</size>
         <input_file_ref idref="fl-4a"/>
      </object_component>
      <object_component id="oc-104">
         <name>.debug_info</name>
         <load_address>0x159da</load_address>
         <run_address>0x159da</run_address>
         <size>0x680</size>
         <input_file_ref idref="fl-4b"/>
      </object_component>
      <object_component id="oc-108">
         <name>.debug_info</name>
         <load_address>0x1605a</load_address>
         <run_address>0x1605a</run_address>
         <size>0x7d4</size>
         <input_file_ref idref="fl-4c"/>
      </object_component>
      <object_component id="oc-10c">
         <name>.debug_info</name>
         <load_address>0x1682e</load_address>
         <run_address>0x1682e</run_address>
         <size>0x5a8</size>
         <input_file_ref idref="fl-4d"/>
      </object_component>
      <object_component id="oc-110">
         <name>.debug_info</name>
         <load_address>0x16dd6</load_address>
         <run_address>0x16dd6</run_address>
         <size>0x56f</size>
         <input_file_ref idref="fl-4e"/>
      </object_component>
      <object_component id="oc-114">
         <name>.debug_info</name>
         <load_address>0x17345</load_address>
         <run_address>0x17345</run_address>
         <size>0x4f2</size>
         <input_file_ref idref="fl-4f"/>
      </object_component>
      <object_component id="oc-118">
         <name>.debug_info</name>
         <load_address>0x17837</load_address>
         <run_address>0x17837</run_address>
         <size>0x534</size>
         <input_file_ref idref="fl-50"/>
      </object_component>
      <object_component id="oc-11c">
         <name>.debug_info</name>
         <load_address>0x17d6b</load_address>
         <run_address>0x17d6b</run_address>
         <size>0x64a</size>
         <input_file_ref idref="fl-51"/>
      </object_component>
      <object_component id="oc-120">
         <name>.debug_info</name>
         <load_address>0x183b5</load_address>
         <run_address>0x183b5</run_address>
         <size>0xef</size>
         <input_file_ref idref="fl-52"/>
      </object_component>
      <object_component id="oc-124">
         <name>.debug_info</name>
         <load_address>0x184a4</load_address>
         <run_address>0x184a4</run_address>
         <size>0x4f2</size>
         <input_file_ref idref="fl-53"/>
      </object_component>
      <object_component id="oc-146">
         <name>.debug_info</name>
         <load_address>0x18996</load_address>
         <run_address>0x18996</run_address>
         <size>0x70</size>
      </object_component>
      <object_component id="oc-1d">
         <name>.debug_frame</name>
         <load_address>0x0</load_address>
         <run_address>0x0</run_address>
         <size>0xe6</size>
         <input_file_ref idref="fl-2"/>
      </object_component>
      <object_component id="oc-22">
         <name>.debug_frame</name>
         <load_address>0xe6</load_address>
         <run_address>0xe6</run_address>
         <size>0xe5</size>
         <input_file_ref idref="fl-3"/>
      </object_component>
      <object_component id="oc-27">
         <name>.debug_frame</name>
         <load_address>0x1cb</load_address>
         <run_address>0x1cb</run_address>
         <size>0xe5</size>
         <input_file_ref idref="fl-4"/>
      </object_component>
      <object_component id="oc-2d">
         <name>.debug_frame</name>
         <load_address>0x2b0</load_address>
         <run_address>0x2b0</run_address>
         <size>0xe5</size>
         <input_file_ref idref="fl-5"/>
      </object_component>
      <object_component id="oc-1e">
         <name>.debug_line</name>
         <load_address>0x0</load_address>
         <run_address>0x0</run_address>
         <size>0xf0</size>
         <input_file_ref idref="fl-2"/>
      </object_component>
      <object_component id="oc-23">
         <name>.debug_line</name>
         <load_address>0xf0</load_address>
         <run_address>0xf0</run_address>
         <size>0x76</size>
         <input_file_ref idref="fl-3"/>
      </object_component>
      <object_component id="oc-28">
         <name>.debug_line</name>
         <load_address>0x166</load_address>
         <run_address>0x166</run_address>
         <size>0xce</size>
         <input_file_ref idref="fl-4"/>
      </object_component>
      <object_component id="oc-2e">
         <name>.debug_line</name>
         <load_address>0x234</load_address>
         <run_address>0x234</run_address>
         <size>0x5c</size>
         <input_file_ref idref="fl-5"/>
      </object_component>
      <object_component id="oc-32">
         <name>.debug_line</name>
         <load_address>0x290</load_address>
         <run_address>0x290</run_address>
         <size>0x57</size>
         <input_file_ref idref="fl-1d"/>
      </object_component>
      <object_component id="oc-39">
         <name>.debug_line</name>
         <load_address>0x2e7</load_address>
         <run_address>0x2e7</run_address>
         <size>0x54</size>
         <input_file_ref idref="fl-1e"/>
      </object_component>
      <object_component id="oc-3d">
         <name>.debug_line</name>
         <load_address>0x33b</load_address>
         <run_address>0x33b</run_address>
         <size>0x5b</size>
         <input_file_ref idref="fl-1f"/>
      </object_component>
      <object_component id="oc-44">
         <name>.debug_line</name>
         <load_address>0x396</load_address>
         <run_address>0x396</run_address>
         <size>0x51</size>
         <input_file_ref idref="fl-20"/>
      </object_component>
      <object_component id="oc-48">
         <name>.debug_line</name>
         <load_address>0x3e7</load_address>
         <run_address>0x3e7</run_address>
         <size>0x3d</size>
         <input_file_ref idref="fl-21"/>
      </object_component>
      <object_component id="oc-4c">
         <name>.debug_line</name>
         <load_address>0x424</load_address>
         <run_address>0x424</run_address>
         <size>0x5b</size>
         <input_file_ref idref="fl-22"/>
      </object_component>
      <object_component id="oc-50">
         <name>.debug_line</name>
         <load_address>0x47f</load_address>
         <run_address>0x47f</run_address>
         <size>0x3d</size>
         <input_file_ref idref="fl-23"/>
      </object_component>
      <object_component id="oc-54">
         <name>.debug_line</name>
         <load_address>0x4bc</load_address>
         <run_address>0x4bc</run_address>
         <size>0x3d</size>
         <input_file_ref idref="fl-24"/>
      </object_component>
      <object_component id="oc-58">
         <name>.debug_line</name>
         <load_address>0x4f9</load_address>
         <run_address>0x4f9</run_address>
         <size>0x3d</size>
         <input_file_ref idref="fl-25"/>
      </object_component>
      <object_component id="oc-5d">
         <name>.debug_line</name>
         <load_address>0x536</load_address>
         <run_address>0x536</run_address>
         <size>0x44</size>
         <input_file_ref idref="fl-26"/>
      </object_component>
      <object_component id="oc-61">
         <name>.debug_line</name>
         <load_address>0x57a</load_address>
         <run_address>0x57a</run_address>
         <size>0x3d</size>
         <input_file_ref idref="fl-27"/>
      </object_component>
      <object_component id="oc-66">
         <name>.debug_line</name>
         <load_address>0x5b7</load_address>
         <run_address>0x5b7</run_address>
         <size>0x44</size>
         <input_file_ref idref="fl-28"/>
      </object_component>
      <object_component id="oc-6c">
         <name>.debug_line</name>
         <load_address>0x5fb</load_address>
         <run_address>0x5fb</run_address>
         <size>0xd7</size>
         <input_file_ref idref="fl-29"/>
      </object_component>
      <object_component id="oc-70">
         <name>.debug_line</name>
         <load_address>0x6d2</load_address>
         <run_address>0x6d2</run_address>
         <size>0x6a</size>
         <input_file_ref idref="fl-2a"/>
      </object_component>
      <object_component id="oc-74">
         <name>.debug_line</name>
         <load_address>0x73c</load_address>
         <run_address>0x73c</run_address>
         <size>0x55</size>
         <input_file_ref idref="fl-2b"/>
      </object_component>
      <object_component id="oc-79">
         <name>.debug_line</name>
         <load_address>0x791</load_address>
         <run_address>0x791</run_address>
         <size>0xa8</size>
         <input_file_ref idref="fl-2c"/>
      </object_component>
      <object_component id="oc-7d">
         <name>.debug_line</name>
         <load_address>0x839</load_address>
         <run_address>0x839</run_address>
         <size>0x40</size>
         <input_file_ref idref="fl-2d"/>
      </object_component>
      <object_component id="oc-81">
         <name>.debug_line</name>
         <load_address>0x879</load_address>
         <run_address>0x879</run_address>
         <size>0x3c</size>
         <input_file_ref idref="fl-2e"/>
      </object_component>
      <object_component id="oc-87">
         <name>.debug_line</name>
         <load_address>0x8b5</load_address>
         <run_address>0x8b5</run_address>
         <size>0x1af</size>
         <input_file_ref idref="fl-2f"/>
      </object_component>
      <object_component id="oc-8b">
         <name>.debug_line</name>
         <load_address>0xa64</load_address>
         <run_address>0xa64</run_address>
         <size>0x4d</size>
         <input_file_ref idref="fl-30"/>
      </object_component>
      <object_component id="oc-92">
         <name>.debug_line</name>
         <load_address>0xab1</load_address>
         <run_address>0xab1</run_address>
         <size>0x10f</size>
         <input_file_ref idref="fl-31"/>
      </object_component>
      <object_component id="oc-97">
         <name>.debug_line</name>
         <load_address>0xbc0</load_address>
         <run_address>0xbc0</run_address>
         <size>0x3c</size>
         <input_file_ref idref="fl-32"/>
      </object_component>
      <object_component id="oc-9b">
         <name>.debug_line</name>
         <load_address>0xbfc</load_address>
         <run_address>0xbfc</run_address>
         <size>0x3c</size>
         <input_file_ref idref="fl-33"/>
      </object_component>
      <object_component id="oc-9f">
         <name>.debug_line</name>
         <load_address>0xc38</load_address>
         <run_address>0xc38</run_address>
         <size>0x37</size>
         <input_file_ref idref="fl-34"/>
      </object_component>
      <object_component id="oc-a3">
         <name>.debug_line</name>
         <load_address>0xc6f</load_address>
         <run_address>0xc6f</run_address>
         <size>0x69</size>
         <input_file_ref idref="fl-35"/>
      </object_component>
      <object_component id="oc-a7">
         <name>.debug_line</name>
         <load_address>0xcd8</load_address>
         <run_address>0xcd8</run_address>
         <size>0x39</size>
         <input_file_ref idref="fl-36"/>
      </object_component>
      <object_component id="oc-ac">
         <name>.debug_line</name>
         <load_address>0xd11</load_address>
         <run_address>0xd11</run_address>
         <size>0x38</size>
         <input_file_ref idref="fl-37"/>
      </object_component>
      <object_component id="oc-b3">
         <name>.debug_line</name>
         <load_address>0xd49</load_address>
         <run_address>0xd49</run_address>
         <size>0x54</size>
         <input_file_ref idref="fl-38"/>
      </object_component>
      <object_component id="oc-b7">
         <name>.debug_line</name>
         <load_address>0xd9d</load_address>
         <run_address>0xd9d</run_address>
         <size>0x37</size>
         <input_file_ref idref="fl-39"/>
      </object_component>
      <object_component id="oc-bc">
         <name>.debug_line</name>
         <load_address>0xdd4</load_address>
         <run_address>0xdd4</run_address>
         <size>0x15b</size>
         <input_file_ref idref="fl-3a"/>
      </object_component>
      <object_component id="oc-c2">
         <name>.debug_line</name>
         <load_address>0xf2f</load_address>
         <run_address>0xf2f</run_address>
         <size>0x6a</size>
         <input_file_ref idref="fl-3b"/>
      </object_component>
      <object_component id="oc-c7">
         <name>.debug_line</name>
         <load_address>0xf99</load_address>
         <run_address>0xf99</run_address>
         <size>0x38</size>
         <input_file_ref idref="fl-3c"/>
      </object_component>
      <object_component id="oc-cb">
         <name>.debug_line</name>
         <load_address>0xfd1</load_address>
         <run_address>0xfd1</run_address>
         <size>0x37</size>
         <input_file_ref idref="fl-3d"/>
      </object_component>
      <object_component id="oc-cf">
         <name>.debug_line</name>
         <load_address>0x1008</load_address>
         <run_address>0x1008</run_address>
         <size>0x57</size>
         <input_file_ref idref="fl-3e"/>
      </object_component>
      <object_component id="oc-d5">
         <name>.debug_line</name>
         <load_address>0x105f</load_address>
         <run_address>0x105f</run_address>
         <size>0x5b</size>
         <input_file_ref idref="fl-3f"/>
      </object_component>
      <object_component id="oc-db">
         <name>.debug_line</name>
         <load_address>0x10ba</load_address>
         <run_address>0x10ba</run_address>
         <size>0x325</size>
         <input_file_ref idref="fl-40"/>
      </object_component>
      <object_component id="oc-df">
         <name>.debug_line</name>
         <load_address>0x13df</load_address>
         <run_address>0x13df</run_address>
         <size>0x5c</size>
         <input_file_ref idref="fl-41"/>
      </object_component>
      <object_component id="oc-e3">
         <name>.debug_line</name>
         <load_address>0x143b</load_address>
         <run_address>0x143b</run_address>
         <size>0x41</size>
         <input_file_ref idref="fl-42"/>
      </object_component>
      <object_component id="oc-e7">
         <name>.debug_line</name>
         <load_address>0x147c</load_address>
         <run_address>0x147c</run_address>
         <size>0x46</size>
         <input_file_ref idref="fl-43"/>
      </object_component>
      <object_component id="oc-eb">
         <name>.debug_line</name>
         <load_address>0x14c2</load_address>
         <run_address>0x14c2</run_address>
         <size>0x5e</size>
         <input_file_ref idref="fl-44"/>
      </object_component>
      <object_component id="oc-ef">
         <name>.debug_line</name>
         <load_address>0x1520</load_address>
         <run_address>0x1520</run_address>
         <size>0xad</size>
         <input_file_ref idref="fl-45"/>
      </object_component>
      <object_component id="oc-f9">
         <name>.debug_line</name>
         <load_address>0x15cd</load_address>
         <run_address>0x15cd</run_address>
         <size>0x44</size>
         <input_file_ref idref="fl-48"/>
      </object_component>
      <object_component id="oc-fd">
         <name>.debug_line</name>
         <load_address>0x1611</load_address>
         <run_address>0x1611</run_address>
         <size>0x3a</size>
         <input_file_ref idref="fl-49"/>
      </object_component>
      <object_component id="oc-101">
         <name>.debug_line</name>
         <load_address>0x164b</load_address>
         <run_address>0x164b</run_address>
         <size>0x3c</size>
         <input_file_ref idref="fl-4a"/>
      </object_component>
      <object_component id="oc-105">
         <name>.debug_line</name>
         <load_address>0x1687</load_address>
         <run_address>0x1687</run_address>
         <size>0x38</size>
         <input_file_ref idref="fl-4b"/>
      </object_component>
      <object_component id="oc-109">
         <name>.debug_line</name>
         <load_address>0x16bf</load_address>
         <run_address>0x16bf</run_address>
         <size>0xa8</size>
         <input_file_ref idref="fl-4c"/>
      </object_component>
      <object_component id="oc-10d">
         <name>.debug_line</name>
         <load_address>0x1767</load_address>
         <run_address>0x1767</run_address>
         <size>0x40</size>
         <input_file_ref idref="fl-4d"/>
      </object_component>
      <object_component id="oc-111">
         <name>.debug_line</name>
         <load_address>0x17a7</load_address>
         <run_address>0x17a7</run_address>
         <size>0x3a</size>
         <input_file_ref idref="fl-4e"/>
      </object_component>
      <object_component id="oc-115">
         <name>.debug_line</name>
         <load_address>0x17e1</load_address>
         <run_address>0x17e1</run_address>
         <size>0x3c</size>
         <input_file_ref idref="fl-4f"/>
      </object_component>
      <object_component id="oc-119">
         <name>.debug_line</name>
         <load_address>0x181d</load_address>
         <run_address>0x181d</run_address>
         <size>0x44</size>
         <input_file_ref idref="fl-50"/>
      </object_component>
      <object_component id="oc-11d">
         <name>.debug_line</name>
         <load_address>0x1861</load_address>
         <run_address>0x1861</run_address>
         <size>0x40</size>
         <input_file_ref idref="fl-51"/>
      </object_component>
      <object_component id="oc-121">
         <name>.debug_line</name>
         <load_address>0x18a1</load_address>
         <run_address>0x18a1</run_address>
         <size>0x58</size>
         <input_file_ref idref="fl-52"/>
      </object_component>
      <object_component id="oc-125">
         <name>.debug_line</name>
         <load_address>0x18f9</load_address>
         <run_address>0x18f9</run_address>
         <size>0x3c</size>
         <input_file_ref idref="fl-53"/>
      </object_component>
      <object_component id="oc-1f">
         <name>.debug_abbrev</name>
         <load_address>0x0</load_address>
         <run_address>0x0</run_address>
         <size>0x13b</size>
         <input_file_ref idref="fl-2"/>
      </object_component>
      <object_component id="oc-24">
         <name>.debug_abbrev</name>
         <load_address>0x13b</load_address>
         <run_address>0x13b</run_address>
         <size>0xcf</size>
         <input_file_ref idref="fl-3"/>
      </object_component>
      <object_component id="oc-29">
         <name>.debug_abbrev</name>
         <load_address>0x20a</load_address>
         <run_address>0x20a</run_address>
         <size>0xe6</size>
         <input_file_ref idref="fl-4"/>
      </object_component>
      <object_component id="oc-2f">
         <name>.debug_abbrev</name>
         <load_address>0x2f0</load_address>
         <run_address>0x2f0</run_address>
         <size>0xf4</size>
         <input_file_ref idref="fl-5"/>
      </object_component>
      <object_component id="oc-33">
         <name>.debug_abbrev</name>
         <load_address>0x3e4</load_address>
         <run_address>0x3e4</run_address>
         <size>0x3a</size>
         <input_file_ref idref="fl-1d"/>
      </object_component>
      <object_component id="oc-3a">
         <name>.debug_abbrev</name>
         <load_address>0x41e</load_address>
         <run_address>0x41e</run_address>
         <size>0xcc</size>
         <input_file_ref idref="fl-1e"/>
      </object_component>
      <object_component id="oc-3e">
         <name>.debug_abbrev</name>
         <load_address>0x4ea</load_address>
         <run_address>0x4ea</run_address>
         <size>0x112</size>
         <input_file_ref idref="fl-1f"/>
      </object_component>
      <object_component id="oc-45">
         <name>.debug_abbrev</name>
         <load_address>0x5fc</load_address>
         <run_address>0x5fc</run_address>
         <size>0xf7</size>
         <input_file_ref idref="fl-20"/>
      </object_component>
      <object_component id="oc-49">
         <name>.debug_abbrev</name>
         <load_address>0x6f3</load_address>
         <run_address>0x6f3</run_address>
         <size>0x10f</size>
         <input_file_ref idref="fl-21"/>
      </object_component>
      <object_component id="oc-4d">
         <name>.debug_abbrev</name>
         <load_address>0x802</load_address>
         <run_address>0x802</run_address>
         <size>0x12d</size>
         <input_file_ref idref="fl-22"/>
      </object_component>
      <object_component id="oc-51">
         <name>.debug_abbrev</name>
         <load_address>0x92f</load_address>
         <run_address>0x92f</run_address>
         <size>0x8f</size>
         <input_file_ref idref="fl-23"/>
      </object_component>
      <object_component id="oc-55">
         <name>.debug_abbrev</name>
         <load_address>0x9be</load_address>
         <run_address>0x9be</run_address>
         <size>0xb7</size>
         <input_file_ref idref="fl-24"/>
      </object_component>
      <object_component id="oc-59">
         <name>.debug_abbrev</name>
         <load_address>0xa75</load_address>
         <run_address>0xa75</run_address>
         <size>0x8f</size>
         <input_file_ref idref="fl-25"/>
      </object_component>
      <object_component id="oc-5e">
         <name>.debug_abbrev</name>
         <load_address>0xb04</load_address>
         <run_address>0xb04</run_address>
         <size>0xc2</size>
         <input_file_ref idref="fl-26"/>
      </object_component>
      <object_component id="oc-62">
         <name>.debug_abbrev</name>
         <load_address>0xbc6</load_address>
         <run_address>0xbc6</run_address>
         <size>0x8f</size>
         <input_file_ref idref="fl-27"/>
      </object_component>
      <object_component id="oc-67">
         <name>.debug_abbrev</name>
         <load_address>0xc55</load_address>
         <run_address>0xc55</run_address>
         <size>0xc2</size>
         <input_file_ref idref="fl-28"/>
      </object_component>
      <object_component id="oc-6d">
         <name>.debug_abbrev</name>
         <load_address>0xd17</load_address>
         <run_address>0xd17</run_address>
         <size>0x199</size>
         <input_file_ref idref="fl-29"/>
      </object_component>
      <object_component id="oc-71">
         <name>.debug_abbrev</name>
         <load_address>0xeb0</load_address>
         <run_address>0xeb0</run_address>
         <size>0x11a</size>
         <input_file_ref idref="fl-2a"/>
      </object_component>
      <object_component id="oc-75">
         <name>.debug_abbrev</name>
         <load_address>0xfca</load_address>
         <run_address>0xfca</run_address>
         <size>0xfa</size>
         <input_file_ref idref="fl-2b"/>
      </object_component>
      <object_component id="oc-7a">
         <name>.debug_abbrev</name>
         <load_address>0x10c4</load_address>
         <run_address>0x10c4</run_address>
         <size>0x135</size>
         <input_file_ref idref="fl-2c"/>
      </object_component>
      <object_component id="oc-7e">
         <name>.debug_abbrev</name>
         <load_address>0x11f9</load_address>
         <run_address>0x11f9</run_address>
         <size>0x9a</size>
         <input_file_ref idref="fl-2d"/>
      </object_component>
      <object_component id="oc-82">
         <name>.debug_abbrev</name>
         <load_address>0x1293</load_address>
         <run_address>0x1293</run_address>
         <size>0x38</size>
         <input_file_ref idref="fl-2e"/>
      </object_component>
      <object_component id="oc-88">
         <name>.debug_abbrev</name>
         <load_address>0x12cb</load_address>
         <run_address>0x12cb</run_address>
         <size>0x21c</size>
         <input_file_ref idref="fl-2f"/>
      </object_component>
      <object_component id="oc-8c">
         <name>.debug_abbrev</name>
         <load_address>0x14e7</load_address>
         <run_address>0x14e7</run_address>
         <size>0x38</size>
         <input_file_ref idref="fl-30"/>
      </object_component>
      <object_component id="oc-93">
         <name>.debug_abbrev</name>
         <load_address>0x151f</load_address>
         <run_address>0x151f</run_address>
         <size>0x1d5</size>
         <input_file_ref idref="fl-31"/>
      </object_component>
      <object_component id="oc-98">
         <name>.debug_abbrev</name>
         <load_address>0x16f4</load_address>
         <run_address>0x16f4</run_address>
         <size>0x98</size>
         <input_file_ref idref="fl-32"/>
      </object_component>
      <object_component id="oc-9c">
         <name>.debug_abbrev</name>
         <load_address>0x178c</load_address>
         <run_address>0x178c</run_address>
         <size>0xdc</size>
         <input_file_ref idref="fl-33"/>
      </object_component>
      <object_component id="oc-a0">
         <name>.debug_abbrev</name>
         <load_address>0x1868</load_address>
         <run_address>0x1868</run_address>
         <size>0x81</size>
         <input_file_ref idref="fl-34"/>
      </object_component>
      <object_component id="oc-a4">
         <name>.debug_abbrev</name>
         <load_address>0x18e9</load_address>
         <run_address>0x18e9</run_address>
         <size>0x13c</size>
         <input_file_ref idref="fl-35"/>
      </object_component>
      <object_component id="oc-a8">
         <name>.debug_abbrev</name>
         <load_address>0x1a25</load_address>
         <run_address>0x1a25</run_address>
         <size>0xb6</size>
         <input_file_ref idref="fl-36"/>
      </object_component>
      <object_component id="oc-ad">
         <name>.debug_abbrev</name>
         <load_address>0x1adb</load_address>
         <run_address>0x1adb</run_address>
         <size>0xaf</size>
         <input_file_ref idref="fl-37"/>
      </object_component>
      <object_component id="oc-b4">
         <name>.debug_abbrev</name>
         <load_address>0x1b8a</load_address>
         <run_address>0x1b8a</run_address>
         <size>0xcc</size>
         <input_file_ref idref="fl-38"/>
      </object_component>
      <object_component id="oc-b8">
         <name>.debug_abbrev</name>
         <load_address>0x1c56</load_address>
         <run_address>0x1c56</run_address>
         <size>0x8f</size>
         <input_file_ref idref="fl-39"/>
      </object_component>
      <object_component id="oc-bd">
         <name>.debug_abbrev</name>
         <load_address>0x1ce5</load_address>
         <run_address>0x1ce5</run_address>
         <size>0x151</size>
         <input_file_ref idref="fl-3a"/>
      </object_component>
      <object_component id="oc-c3">
         <name>.debug_abbrev</name>
         <load_address>0x1e36</load_address>
         <run_address>0x1e36</run_address>
         <size>0xd5</size>
         <input_file_ref idref="fl-3b"/>
      </object_component>
      <object_component id="oc-c8">
         <name>.debug_abbrev</name>
         <load_address>0x1f0b</load_address>
         <run_address>0x1f0b</run_address>
         <size>0xaf</size>
         <input_file_ref idref="fl-3c"/>
      </object_component>
      <object_component id="oc-cc">
         <name>.debug_abbrev</name>
         <load_address>0x1fba</load_address>
         <run_address>0x1fba</run_address>
         <size>0x26</size>
         <input_file_ref idref="fl-3d"/>
      </object_component>
      <object_component id="oc-d0">
         <name>.debug_abbrev</name>
         <load_address>0x1fe0</load_address>
         <run_address>0x1fe0</run_address>
         <size>0xd1</size>
         <input_file_ref idref="fl-3e"/>
      </object_component>
      <object_component id="oc-d6">
         <name>.debug_abbrev</name>
         <load_address>0x20b1</load_address>
         <run_address>0x20b1</run_address>
         <size>0x9f</size>
         <input_file_ref idref="fl-3f"/>
      </object_component>
      <object_component id="oc-dc">
         <name>.debug_abbrev</name>
         <load_address>0x2150</load_address>
         <run_address>0x2150</run_address>
         <size>0x1ef</size>
         <input_file_ref idref="fl-40"/>
      </object_component>
      <object_component id="oc-e0">
         <name>.debug_abbrev</name>
         <load_address>0x233f</load_address>
         <run_address>0x233f</run_address>
         <size>0xd4</size>
         <input_file_ref idref="fl-41"/>
      </object_component>
      <object_component id="oc-e4">
[...]
      </symbol>
      <symbol id="sm-13">
         <name>___data__</name>
         <value>0x300</value>
      </symbol>
      <symbol id="sm-14">
         <name>edata</name>
         <value>0x300</value>
      </symbol>
      <symbol id="sm-15">
         <name>___edata__</name>
         <value>0x300</value>
      </symbol>
      <symbol id="sm-16">
         <name>.bss</name>
         <value>0x4780</value>
      </symbol>
      <symbol id="sm-17">
         <name>___bss__</name>
         <value>0x4780</value>
      </symbol>
      <symbol id="sm-18">
         <name>end</name>
         <value>0x74ec</value>
      </symbol>
      <symbol id="sm-19">
         <name>___end__</name>
         <value>0x74ec</value>
      </symbol>
      <symbol id="sm-78">
         <name>_main</name>
         <value>0x34c7</value>
         <object_component_ref idref="oc-1b"/>
      </symbol>
      <symbol id="sm-79">
         <name>_error</name>
         <value>0x5480</value>
         <object_component_ref idref="oc-1a"/>
      </symbol>
      <symbol id="sm-7a">
         <name>_output</name>
         <value>0x6180</value>
         <object_component_ref idref="oc-19"/>
      </symbol>
      <symbol id="sm-7b">
         <name>_X</name>
         <value>0x6e80</value>
         <object_component_ref idref="oc-17"/>
      </symbol>
      <symbol id="sm-7c">
         <name>_U</name>
         <value>0x7496</value>
         <object_component_ref idref="oc-18"/>
      </symbol>
      <symbol id="sm-7d">
         <name>_input</name>
         <value>0x4780</value>
         <object_component_ref idref="oc-14"/>
      </symbol>
      <symbol id="sm-a5">
         <name>_bit_rev</name>
         <value>0x3dac</value>
         <object_component_ref idref="oc-20"/>
      </symbol>
      <symbol id="sm-c2">
         <name>_fft</name>
         <value>0x32ed</value>
         <object_component_ref idref="oc-25"/>
      </symbol>
      <symbol id="sm-da">
         <name>_w_table</name>
         <value>0x3d0d</value>
         <object_component_ref idref="oc-2b"/>
      </symbol>
      <symbol id="sm-e6">
         <name>__sysstack</name>
         <value>0xb500</value>
         <object_component_ref idref="oc-127"/>
      </symbol>
      <symbol id="sm-e7">
         <name>_c_int00</name>
         <value>0x4400</value>
         <object_component_ref idref="oc-12"/>
      </symbol>
      <symbol id="sm-e8">
         <name>__stack</name>
         <value>0x7500</value>
         <object_component_ref idref="oc-30"/>
      </symbol>
      <symbol id="sm-f9">
         <name>_cos</name>
         <value>0x2d29</value>
         <object_component_ref idref="oc-34"/>
      </symbol>
      <symbol id="sm-105">
         <name>__divd</name>
         <value>0x1f01</value>
         <object_component_ref idref="oc-3b"/>
      </symbol>
      <symbol id="sm-115">
         <name>C$$EXIT</name>
         <value>0x4760</value>
         <object_component_ref idref="oc-43"/>
      </symbol>
      <symbol id="sm-116">
         <name>_exit</name>
         <value>0x462f</value>
         <object_component_ref idref="oc-3f"/>
      </symbol>
      <symbol id="sm-117">
         <name>_abort</name>
         <value>0x475f</value>
         <object_component_ref idref="oc-43"/>
      </symbol>
      <symbol id="sm-118">
         <name>__cleanup_ptr</name>
         <value>0x74dc</value>
         <object_component_ref idref="oc-40"/>
      </symbol>
      <symbol id="sm-119">
         <name>__dtors_ptr</name>
         <value>0x74e0</value>
         <object_component_ref idref="oc-40"/>
      </symbol>
      <symbol id="sm-123">
         <name>_fclose</name>
         <value>0x41da</value>
         <object_component_ref idref="oc-46"/>
      </symbol>
      <symbol id="sm-12d">
         <name>__doflush</name>
         <value>0x3b1a</value>
         <object_component_ref idref="oc-4a"/>
      </symbol>
      <symbol id="sm-12e">
         <name>_fflush</name>
         <value>0x3b73</value>
         <object_component_ref idref="oc-4a"/>
      </symbol>
      <symbol id="sm-138">
         <name>__fixdi</name>
         <value>0x4667</value>
         <object_component_ref idref="oc-4e"/>
      </symbol>
      <symbol id="sm-142">
         <name>__fixdli</name>
         <value>0x409e</value>
         <object_component_ref idref="oc-52"/>
      </symbol>
      <symbol id="sm-14c">
         <name>__fltid</name>
         <value>0x4749</value>
         <object_component_ref idref="oc-56"/>
      </symbol>
      <symbol id="sm-158">
         <name>__fltlid</name>
         <value>0x4178</value>
         <object_component_ref idref="oc-5a"/>
      </symbol>
      <symbol id="sm-162">
         <name>__fltud</name>
         <value>0x473b</value>
         <object_component_ref idref="oc-5f"/>
      </symbol>
      <symbol id="sm-16e">
         <name>__fltuld</name>
         <value>0x43aa</value>
         <object_component_ref idref="oc-63"/>
      </symbol>
      <symbol id="sm-17d">
         <name>__cleanup</name>
         <value>0x2c16</value>
         <object_component_ref idref="oc-68"/>
      </symbol>
      <symbol id="sm-17e">
         <name>_fopen</name>
         <value>0x2cfd</value>
         <object_component_ref idref="oc-68"/>
      </symbol>
      <symbol id="sm-17f">
         <name>_freopen</name>
         <value>0x2c64</value>
         <object_component_ref idref="oc-68"/>
      </symbol>
      <symbol id="sm-189">
         <name>_fprintf</name>
         <value>0x452a</value>
         <object_component_ref idref="oc-6e"/>
      </symbol>
      <symbol id="sm-193">
         <name>_putchar</name>
         <value>0x3ec3</value>
         <object_component_ref idref="oc-72"/>
      </symbol>
      <symbol id="sm-194">
         <name>_putc</name>
         <value>0x3e4b</value>
         <object_component_ref idref="oc-72"/>
      </symbol>
      <symbol id="sm-195">
         <name>_fputc</name>
         <value>0x3e4b</value>
         <object_component_ref idref="oc-72"/>
      </symbol>
      <symbol id="sm-1a3">
         <name>_puts</name>
         <value>0x38de</value>
         <object_component_ref idref="oc-76"/>
      </symbol>
      <symbol id="sm-1a4">
         <name>_fputs</name>
         <value>0x37d6</value>
         <object_component_ref idref="oc-76"/>
      </symbol>
      <symbol id="sm-1ae">
         <name>__frcmpyd_div</name>
         <value>0x3f46</value>
         <object_component_ref idref="oc-7b"/>
      </symbol>
      <symbol id="sm-1b6">
         <name>__mpyli</name>
         <value>0x4708</value>
         <object_component_ref idref="oc-7f"/>
      </symbol>
      <symbol id="sm-1b7">
         <name>I$$LMPY</name>
         <value>0x4708</value>
         <object_component_ref idref="oc-7f"/>
      </symbol>
      <symbol id="sm-1c9">
         <name>_add_device</name>
         <value>0x19c6</value>
         <object_component_ref idref="oc-83"/>
      </symbol>
      <symbol id="sm-1ca">
         <name>_rename</name>
         <value>0x176d</value>
         <object_component_ref idref="oc-83"/>
      </symbol>
      <symbol id="sm-1cb">
         <name>_read</name>
         <value>0x17e4</value>
         <object_component_ref idref="oc-83"/>
      </symbol>
      <symbol id="sm-1cc">
         <name>_unlink</name>
         <value>0x173f</value>
         <object_component_ref idref="oc-83"/>
      </symbol>
      <symbol id="sm-1cd">
         <name>_remove_device</name>
         <value>0x17b7</value>
         <object_component_ref idref="oc-83"/>
      </symbol>
      <symbol id="sm-1ce">
         <name>_open</name>
         <value>0x1875</value>
         <object_component_ref idref="oc-83"/>
      </symbol>
      <symbol id="sm-1cf">
         <name>_find_registered_device</name>
         <value>0x1960</value>
         <object_component_ref idref="oc-83"/>
      </symbol>
      <symbol id="sm-1d0">
         <name>_lseek</name>
         <value>0x1909</value>
         <object_component_ref idref="oc-83"/>
      </symbol>
      <symbol id="sm-1d1">
         <name>_close</name>
         <value>0x1969</value>
         <object_component_ref idref="oc-83"/>
      </symbol>
      <symbol id="sm-1d2">
         <name>_write</name>
         <value>0x1630</value>
         <object_component_ref idref="oc-83"/>
      </symbol>
      <symbol id="sm-1da">
         <name>_memcpy</name>
         <value>0x45b1</value>
         <object_component_ref idref="oc-89"/>
      </symbol>
      <symbol id="sm-1ea">
         <name>__sys_memory</name>
         <value>0x9500</value>
         <object_component_ref idref="oc-91"/>
      </symbol>
      <symbol id="sm-1eb">
         <name>_chkheap</name>
         <value>0x2623</value>
         <object_component_ref idref="oc-8d"/>
      </symbol>
      <symbol id="sm-1ec">
         <name>_realloc</name>
         <value>0x2450</value>
         <object_component_ref idref="oc-8d"/>
      </symbol>
      <symbol id="sm-1ed">
         <name>_free_memory</name>
         <value>0x25dd</value>
         <object_component_ref idref="oc-8d"/>
      </symbol>
      <symbol id="sm-1ee">
         <name>_max_free</name>
         <value>0x2594</value>
         <object_component_ref idref="oc-8d"/>
      </symbol>
      <symbol id="sm-1ef">
         <name>_free</name>
         <value>0x22c9</value>
         <object_component_ref idref="oc-8d"/>
      </symbol>
      <symbol id="sm-1f0">
         <name>_calloc</name>
         <value>0x2627</value>
         <object_component_ref idref="oc-8d"/>
      </symbol>
      <symbol id="sm-1f1">
         <name>_malloc</name>
         <value>0x23a4</value>
         <object_component_ref idref="oc-8d"/>
      </symbol>
      <symbol id="sm-1f2">
         <name>_minit</name>
         <value>0x2358</value>
         <object_component_ref idref="oc-8d"/>
      </symbol>
      <symbol id="sm-1fe">
         <name>_modf</name>
         <value>0x3900</value>
         <object_component_ref idref="oc-94"/>
      </symbol>
      <symbol id="sm-208">
         <name>__mpyd</name>
         <value>0x367e</value>
         <object_component_ref idref="oc-99"/>
      </symbol>
      <symbol id="sm-212">
         <name>__negd</name>
         <value>0x472b</value>
         <object_component_ref idref="oc-9d"/>
      </symbol>
      <symbol id="sm-21c">
         <name>_printf</name>
         <value>0x444c</value>
         <object_component_ref idref="oc-a1"/>
      </symbol>
      <symbol id="sm-226">
         <name>_remove</name>
         <value>0x4755</value>
         <object_component_ref idref="oc-a5"/>
      </symbol>
      <symbol id="sm-232">
         <name>__nround</name>
         <value>0x42f8</value>
         <object_component_ref idref="oc-a9"/>
      </symbol>
      <symbol id="sm-243">
         <name>_sin</name>
         <value>0x310f</value>
         <object_component_ref idref="oc-ae"/>
      </symbol>
      <symbol id="sm-24d">
         <name>__subd</name>
         <value>0x46f4</value>
         <object_component_ref idref="oc-b5"/>
      </symbol>
      <symbol id="sm-259">
         <name>_HOSTopen</name>
         <value>0x1d31</value>
         <object_component_ref idref="oc-b9"/>
      </symbol>
      <symbol id="sm-25a">
         <name>_HOSTread</name>
         <value>0x1cb7</value>
         <object_component_ref idref="oc-b9"/>
      </symbol>
      <symbol id="sm-25b">
         <name>_HOSTtime</name>
         <value>0x1bcf</value>
         <object_component_ref idref="oc-b9"/>
      </symbol>
      <symbol id="sm-25c">
         <name>_getenv</name>
         <value>0x1a9c</value>
         <object_component_ref idref="oc-b9"/>
      </symbol>
      <symbol id="sm-25d">
         <name>_HOSTrename</name>
         <value>0x1c1e</value>
         <object_component_ref idref="oc-b9"/>
      </symbol>
      <symbol id="sm-25e">
         <name>_HOSTclock</name>
         <value>0x1eb2</value>
         <object_component_ref idref="oc-b9"/>
      </symbol>
      <symbol id="sm-25f">
         <name>_HOSTwrite</name>
         <value>0x1afe</value>
         <object_component_ref idref="oc-b9"/>
      </symbol>
      <symbol id="sm-260">
         <name>_HOSTlseek</name>
         <value>0x1db8</value>
         <object_component_ref idref="oc-b9"/>
      </symbol>
      <symbol id="sm-261">
         <name>_HOSTunlink</name>
         <value>0x1b78</value>
         <object_component_ref idref="oc-b9"/>
      </symbol>
      <symbol id="sm-262">
         <name>_HOSTclose</name>
         <value>0x1e5b</value>
         <object_component_ref idref="oc-b9"/>
      </symbol>
      <symbol id="sm-274">
         <name>C$$IO$$</name>
         <value>0x3c67</value>
         <object_component_ref idref="oc-c1"/>
      </symbol>
      <symbol id="sm-275">
         <name>__CIOBUF_</name>
         <value>0xd6e0</value>
         <object_component_ref idref="oc-c0"/>
      </symbol>
      <symbol id="sm-276">
         <name>_readmsg</name>
         <value>0x423b</value>
         <object_component_ref idref="oc-be"/>
      </symbol>
      <symbol id="sm-277">
         <name>_writemsg</name>
         <value>0x3bc4</value>
         <object_component_ref idref="oc-c1"/>
      </symbol>
      <symbol id="sm-283">
         <name>__trunc</name>
         <value>0x45f0</value>
         <object_component_ref idref="oc-c4"/>
      </symbol>
      <symbol id="sm-28d">
         <name>_Reset</name>
         <value>0xfe00</value>
         <object_component_ref idref="oc-13"/>
      </symbol>
      <symbol id="sm-297">
         <name>__rd_ok</name>
         <value>0x3a1f</value>
         <object_component_ref idref="oc-cd"/>
      </symbol>
      <symbol id="sm-298">
         <name>__wrt_ok</name>
         <value>0x39b9</value>
         <object_component_ref idref="oc-cd"/>
      </symbol>
      <symbol id="sm-2a6">
         <name>__unlock</name>
         <value>0x74d8</value>
         <object_component_ref idref="oc-d2"/>
      </symbol>
      <symbol id="sm-2a7">
         <name>__lock</name>
         <value>0x74d4</value>
         <object_component_ref idref="oc-d2"/>
      </symbol>
      <symbol id="sm-2a8">
         <name>__register_lock</name>
         <value>0x4722</value>
         <object_component_ref idref="oc-d1"/>
      </symbol>
      <symbol id="sm-2a9">
         <name>__nop</name>
         <value>0x4729</value>
         <object_component_ref idref="oc-d1"/>
      </symbol>
      <symbol id="sm-2aa">
         <name>__register_unlock</name>
         <value>0x471b</value>
         <object_component_ref idref="oc-d1"/>
      </symbol>
      <symbol id="sm-2bc">
         <name>__printfi</name>
         <value>0x145c</value>
         <object_component_ref idref="oc-d7"/>
      </symbol>
      <symbol id="sm-2c6">
         <name>__addd</name>
         <value>0x2649</value>
         <object_component_ref idref="oc-dd"/>
      </symbol>
      <symbol id="sm-2d0">
         <name>__args_main</name>
         <value>0x4571</value>
         <object_component_ref idref="oc-e1"/>
      </symbol>
      <symbol id="sm-2d1">
         <name>__TI_args_main</name>
         <value>0x1</value>
      </symbol>
      <symbol id="sm-2db">
         <name>_atoi</name>
         <value>0x429c</value>
         <object_component_ref idref="oc-e5"/>
      </symbol>
      <symbol id="sm-2e3">
         <name>_auto_init</name>
         <value>0x410d</value>
         <object_component_ref idref="oc-e9"/>
      </symbol>
      <symbol id="sm-2ed">
         <name>__eqld</name>
         <value>0x3083</value>
         <object_component_ref idref="oc-ed"/>
      </symbol>
      <symbol id="sm-2ee">
         <name>__cmpd</name>
         <value>0x30b7</value>
         <object_component_ref idref="oc-ed"/>
      </symbol>
      <symbol id="sm-2ef">
         <name>__neqd</name>
         <value>0x2f25</value>
         <object_component_ref idref="oc-ed"/>
      </symbol>
      <symbol id="sm-2f0">
         <name>__gtrd</name>
         <value>0x2fee</value>
         <object_component_ref idref="oc-ed"/>
      </symbol>
      <symbol id="sm-2f1">
         <name>__geqd</name>
         <value>0x3039</value>
         <object_component_ref idref="oc-ed"/>
      </symbol>
      <symbol id="sm-2f2">
         <name>__leqd</name>
         <value>0x2fa1</value>
         <object_component_ref idref="oc-ed"/>
      </symbol>
      <symbol id="sm-2f3">
         <name>__lssd</name>
         <value>0x2f59</value>
         <object_component_ref idref="oc-ed"/>
      </symbol>
      <symbol id="sm-2fb">
         <name>__ctypes_</name>
         <value>0xd300</value>
         <object_component_ref idref="oc-129"/>
      </symbol>
      <symbol id="sm-305">
         <name>__tmpnams</name>
         <value>0x70f8</value>
         <object_component_ref idref="oc-f3"/>
      </symbol>
      <symbol id="sm-306">
         <name>__ft_end</name>
         <value>0x7238</value>
         <object_component_ref idref="oc-f3"/>
      </symbol>
      <symbol id="sm-307">
         <name>__ftable</name>
         <value>0x7080</value>
         <object_component_ref idref="oc-f3"/>
      </symbol>
      <symbol id="sm-312">
         <name>__divul</name>
         <value>0x3c6c</value>
         <object_component_ref idref="oc-f7"/>
      </symbol>
      <symbol id="sm-31c">
         <name>__frcmpyd</name>
         <value>0x3ed0</value>
         <object_component_ref idref="oc-fb"/>
      </symbol>
      <symbol id="sm-326">
         <name>_fseek</name>
         <value>0x4352</value>
         <object_component_ref idref="oc-ff"/>
      </symbol>
      <symbol id="sm-330">
         <name>___isinf</name>
         <value>0x46da</value>
         <object_component_ref idref="oc-103"/>
      </symbol>
      <symbol id="sm-33a">
         <name>__divull</name>
         <value>0x29de</value>
         <object_component_ref idref="oc-107"/>
      </symbol>
      <symbol id="sm-33b">
         <name>__mpylli</name>
         <value>0x2926</value>
         <object_component_ref idref="oc-107"/>
      </symbol>
      <symbol id="sm-33c">
         <name>__remlli</name>
         <value>0x28f7</value>
         <object_component_ref idref="oc-107"/>
      </symbol>
      <symbol id="sm-33d">
         <name>__divlli</name>
         <value>0x2ad2</value>
         <object_component_ref idref="oc-107"/>
      </symbol>
      <symbol id="sm-33e">
         <name>__remull</name>
         <value>0x28a9</value>
         <object_component_ref idref="oc-107"/>
      </symbol>
      <symbol id="sm-348">
         <name>_ltoa</name>
         <value>0x3fb9</value>
         <object_component_ref idref="oc-10b"/>
      </symbol>
      <symbol id="sm-353">
         <name>_memccpy</name>
         <value>0x46bb</value>
         <object_component_ref idref="oc-10f"/>
      </symbol>
      <symbol id="sm-35d">
         <name>__remli</name>
         <value>0x4497</value>
         <object_component_ref idref="oc-113"/>
      </symbol>
      <symbol id="sm-368">
         <name>__remul</name>
         <value>0x402c</value>
         <object_component_ref idref="oc-117"/>
      </symbol>
      <symbol id="sm-372">
         <name>_setvbuf</name>
         <value>0x3a6d</value>
         <object_component_ref idref="oc-11b"/>
      </symbol>
      <symbol id="sm-37a">
         <name>__remu</name>
         <value>0x46a6</value>
         <object_component_ref idref="oc-11f"/>
      </symbol>
      <symbol id="sm-37b">
         <name>__divu</name>
         <value>0x4691</value>
         <object_component_ref idref="oc-11f"/>
      </symbol>
      <symbol id="sm-37c">
         <name>I$$UMOD</name>
         <value>0x46a6</value>
         <object_component_ref idref="oc-11f"/>
      </symbol>
      <symbol id="sm-37d">
         <name>I$$UDIV</name>
         <value>0x4691</value>
         <object_component_ref idref="oc-11f"/>
      </symbol>
      <symbol id="sm-387">
         <name>__divli</name>
         <value>0x44e2</value>
         <object_component_ref idref="oc-123"/>
      </symbol>
   </symbol_table>
</link_info>
