<?xml version="1.0"?>
<link_info>
   <banner>TMS320C55x Linker Unix v4.4.1</banner>
   <copyright>Copyright (c) 1996-2012 Texas Instruments Incorporated</copyright>
   <link_time>0x6905fe2a</link_time>
   <output_file>floatingPointDft.out</output_file>
   <entry_point>
      <name>_c_int00</name>
      <address>0x4243</address>
   </entry_point>
   <input_file_list>
      <input_file id="fl-2">
         <path>./src/</path>
         <kind>object</kind>
         <file>float_dft128.obj</file>
         <name>float_dft128.obj</name>
      </input_file>
      <input_file id="fl-3">
         <path>./src/</path>
         <kind>object</kind>
         <file>float_dft128Test.obj</file>
         <name>float_dft128Test.obj</name>
      </input_file>
      <input_file id="fl-4">
         <path>./src/</path>
         <kind>object</kind>
         <file>float_mag128.obj</file>
         <name>float_mag128.obj</name>
      </input_file>
      <input_file id="fl-1c">
         <path>/home/caco/ti/ccs1281/ccs/tools/compiler/c5500_4.4.1/lib/</path>
         <kind>archive</kind>
         <file>rts55.lib</file>
         <name>addd.obj</name>
      </input_file>
      <input_file id="fl-1d">
         <path>/home/caco/ti/ccs1281/ccs/tools/compiler/c5500_4.4.1/lib/</path>
         <kind>archive</kind>
         <file>rts55.lib</file>
         <name>boot.obj</name>
      </input_file>
      <input_file id="fl-1e">
         <path>/home/caco/ti/ccs1281/ccs/tools/compiler/c5500_4.4.1/lib/</path>
         <kind>archive</kind>
         <file>rts55.lib</file>
         <name>cos.obj</name>
      </input_file>
      <input_file id="fl-1f">
         <path>/home/caco/ti/ccs1281/ccs/tools/compiler/c5500_4.4.1/lib/</path>
         <kind>archive</kind>
         <file>rts55.lib</file>
         <name>divd.obj</name>
      </input_file>
      <input_file id="fl-20">
         <path>/home/caco/ti/ccs1281/ccs/tools/compiler/c5500_4.4.1/lib/</path>
         <kind>archive</kind>
         <file>rts55.lib</file>
         <name>exit.obj</name>
      </input_file>
      <input_file id="fl-21">
         <path>/home/caco/ti/ccs1281/ccs/tools/compiler/c5500_4.4.1/lib/</path>
         <kind>archive</kind>
         <file>rts55.lib</file>
         <name>fclose.obj</name>
      </input_file>
      <input_file id="fl-22">
         <path>/home/caco/ti/ccs1281/ccs/tools/compiler/c5500_4.4.1/lib/</path>
         <kind>archive</kind>
         <file>rts55.lib</file>
         <name>fflush.obj</name>
      </input_file>
      <input_file id="fl-23">
         <path>/home/caco/ti/ccs1281/ccs/tools/compiler/c5500_4.4.1/lib/</path>
         <kind>archive</kind>
         <file>rts55.lib</file>
         <name>fixdi.obj</name>
      </input_file>
      <input_file id="fl-24">
         <path>/home/caco/ti/ccs1281/ccs/tools/compiler/c5500_4.4.1/lib/</path>
         <kind>archive</kind>
         <file>rts55.lib</file>
         <name>fixdli.obj</name>
      </input_file>
      <input_file id="fl-25">
         <path>/home/caco/ti/ccs1281/ccs/tools/compiler/c5500_4.4.1/lib/</path>
         <kind>archive</kind>
         <file>rts55.lib</file>
         <name>fltid.obj</name>
      </input_file>
      <input_file id="fl-26">
         <path>/home/caco/ti/ccs1281/ccs/tools/compiler/c5500_4.4.1/lib/</path>
         <kind>archive</kind>
         <file>rts55.lib</file>
         <name>fltlid.obj</name>
      </input_file>
      <input_file id="fl-27">
         <path>/home/caco/ti/ccs1281/ccs/tools/compiler/c5500_4.4.1/lib/</path>
         <kind>archive</kind>
         <file>rts55.lib</file>
         <name>fopen.obj</name>
      </input_file>
      <input_file id="fl-28">
         <path>/home/caco/ti/ccs1281/ccs/tools/compiler/c5500_4.4.1/lib/</path>
         <kind>archive</kind>
         <file>rts55.lib</file>
         <name>fprintf.obj</name>
      </input_file>
      <input_file id="fl-29">
         <path>/home/caco/ti/ccs1281/ccs/tools/compiler/c5500_4.4.1/lib/</path>
         <kind>archive</kind>
         <file>rts55.lib</file>
         <name>fputc.obj</name>
      </input_file>
      <input_file id="fl-2a">
         <path>/home/caco/ti/ccs1281/ccs/tools/compiler/c5500_4.4.1/lib/</path>
         <kind>archive</kind>
         <file>rts55.lib</file>
         <name>fputs.obj</name>
      </input_file>
      <input_file id="fl-2b">
         <path>/home/caco/ti/ccs1281/ccs/tools/compiler/c5500_4.4.1/lib/</path>
         <kind>archive</kind>
         <file>rts55.lib</file>
         <name>frcmpyd_div.obj</name>
      </input_file>
      <input_file id="fl-2c">
         <path>/home/caco/ti/ccs1281/ccs/tools/compiler/c5500_4.4.1/lib/</path>
         <kind>archive</kind>
         <file>rts55.lib</file>
         <name>lmpy.obj</name>
      </input_file>
      <input_file id="fl-2d">
         <path>/home/caco/ti/ccs1281/ccs/tools/compiler/c5500_4.4.1/lib/</path>
         <kind>archive</kind>
         <file>rts55.lib</file>
         <name>lowlev.obj</name>
      </input_file>
      <input_file id="fl-2e">
         <path>/home/caco/ti/ccs1281/ccs/tools/compiler/c5500_4.4.1/lib/</path>
         <kind>archive</kind>
         <file>rts55.lib</file>
         <name>memcpy.obj</name>
      </input_file>
      <input_file id="fl-2f">
         <path>/home/caco/ti/ccs1281/ccs/tools/compiler/c5500_4.4.1/lib/</path>
         <kind>archive</kind>
         <file>rts55.lib</file>
         <name>memory.obj</name>
      </input_file>
      <input_file id="fl-30">
         <path>/home/caco/ti/ccs1281/ccs/tools/compiler/c5500_4.4.1/lib/</path>
         <kind>archive</kind>
         <file>rts55.lib</file>
         <name>modf.obj</name>
      </input_file>
      <input_file id="fl-31">
         <path>/home/caco/ti/ccs1281/ccs/tools/compiler/c5500_4.4.1/lib/</path>
         <kind>archive</kind>
         <file>rts55.lib</file>
         <name>mpyd.obj</name>
      </input_file>
      <input_file id="fl-32">
         <path>/home/caco/ti/ccs1281/ccs/tools/compiler/c5500_4.4.1/lib/</path>
         <kind>archive</kind>
         <file>rts55.lib</file>
         <name>negd.obj</name>
      </input_file>
      <input_file id="fl-33">
         <path>/home/caco/ti/ccs1281/ccs/tools/compiler/c5500_4.4.1/lib/</path>
         <kind>archive</kind>
         <file>rts55.lib</file>
         <name>printf.obj</name>
      </input_file>
      <input_file id="fl-34">
         <path>/home/caco/ti/ccs1281/ccs/tools/compiler/c5500_4.4.1/lib/</path>
         <kind>archive</kind>
         <file>rts55.lib</file>
         <name>remove.obj</name>
      </input_file>
      <input_file id="fl-35">
         <path>/home/caco/ti/ccs1281/ccs/tools/compiler/c5500_4.4.1/lib/</path>
         <kind>archive</kind>
         <file>rts55.lib</file>
         <name>round.obj</name>
      </input_file>
      <input_file id="fl-36">
         <path>/home/caco/ti/ccs1281/ccs/tools/compiler/c5500_4.4.1/lib/</path>
         <kind>archive</kind>
         <file>rts55.lib</file>
         <name>sin.obj</name>
      </input_file>
      <input_file id="fl-37">
         <path>/home/caco/ti/ccs1281/ccs/tools/compiler/c5500_4.4.1/lib/</path>
         <kind>archive</kind>
         <file>rts55.lib</file>
         <name>subd.obj</name>
      </input_file>
      <input_file id="fl-38">
         <path>/home/caco/ti/ccs1281/ccs/tools/compiler/c5500_4.4.1/lib/</path>
         <kind>archive</kind>
         <file>rts55.lib</file>
         <name>trgdrv.obj</name>
      </input_file>
      <input_file id="fl-39">
         <path>/home/caco/ti/ccs1281/ccs/tools/compiler/c5500_4.4.1/lib/</path>
         <kind>archive</kind>
         <file>rts55.lib</file>
         <name>trgmsg.obj</name>
      </input_file>
      <input_file id="fl-3a">
         <path>/home/caco/ti/ccs1281/ccs/tools/compiler/c5500_4.4.1/lib/</path>
         <kind>archive</kind>
         <file>rts55.lib</file>
         <name>trunc.obj</name>
      </input_file>
      <input_file id="fl-3b">
         <path>/home/caco/ti/ccs1281/ccs/tools/compiler/c5500_4.4.1/lib/</path>
         <kind>archive</kind>
         <file>rts55.lib</file>
         <name>vectors.obj</name>
      </input_file>
      <input_file id="fl-3c">
         <path>/home/caco/ti/ccs1281/ccs/tools/compiler/c5500_4.4.1/lib/</path>
         <kind>archive</kind>
         <file>rts55.lib</file>
         <name>_io_perm.obj</name>
      </input_file>
      <input_file id="fl-3d">
         <path>/home/caco/ti/ccs1281/ccs/tools/compiler/c5500_4.4.1/lib/</path>
         <kind>archive</kind>
         <file>rts55.lib</file>
         <name>_lock.obj</name>
      </input_file>
      <input_file id="fl-3e">
         <path>/home/caco/ti/ccs1281/ccs/tools/compiler/c5500_4.4.1/lib/</path>
         <kind>archive</kind>
         <file>rts55.lib</file>
         <name>_printfi.obj</name>
      </input_file>
      <input_file id="fl-3f">
         <path>/home/caco/ti/ccs1281/ccs/tools/compiler/c5500_4.4.1/lib/</path>
         <kind>archive</kind>
         <file>rts55.lib</file>
         <name>args_main.obj</name>
      </input_file>
      <input_file id="fl-40">
         <path>/home/caco/ti/ccs1281/ccs/tools/compiler/c5500_4.4.1/lib/</path>
         <kind>archive</kind>
         <file>rts55.lib</file>
         <name>atoi.obj</name>
      </input_file>
      <input_file id="fl-41">
         <path>/home/caco/ti/ccs1281/ccs/tools/compiler/c5500_4.4.1/lib/</path>
         <kind>archive</kind>
         <file>rts55.lib</file>
         <name>autoinit.obj</name>
      </input_file>
      <input_file id="fl-42">
         <path>/home/caco/ti/ccs1281/ccs/tools/compiler/c5500_4.4.1/lib/</path>
         <kind>archive</kind>
         <file>rts55.lib</file>
         <name>cmpd.obj</name>
      </input_file>
      <input_file id="fl-43">
         <path>/home/caco/ti/ccs1281/ccs/tools/compiler/c5500_4.4.1/lib/</path>
         <kind>archive</kind>
         <file>rts55.lib</file>
         <name>ctype.obj</name>
      </input_file>
      <input_file id="fl-44">
         <path>/home/caco/ti/ccs1281/ccs/tools/compiler/c5500_4.4.1/lib/</path>
         <kind>archive</kind>
         <file>rts55.lib</file>
         <name>defs.obj</name>
      </input_file>
      <input_file id="fl-45">
         <path>/home/caco/ti/ccs1281/ccs/tools/compiler/c5500_4.4.1/lib/</path>
         <kind>archive</kind>
         <file>rts55.lib</file>
         <name>divul.obj</name>
      </input_file>
      <input_file id="fl-46">
         <path>/home/caco/ti/ccs1281/ccs/tools/compiler/c5500_4.4.1/lib/</path>
         <kind>archive</kind>
         <file>rts55.lib</file>
         <name>frcmpyd.obj</name>
      </input_file>
      <input_file id="fl-47">
         <path>/home/caco/ti/ccs1281/ccs/tools/compiler/c5500_4.4.1/lib/</path>
         <kind>archive</kind>
         <file>rts55.lib</file>
         <name>fseek.obj</name>
      </input_file>
      <input_file id="fl-48">
         <path>/home/caco/ti/ccs1281/ccs/tools/compiler/c5500_4.4.1/lib/</path>
         <kind>archive</kind>
         <file>rts55.lib</file>
         <name>isinf.obj</name>
      </input_file>
      <input_file id="fl-49">
         <path>/home/caco/ti/ccs1281/ccs/tools/compiler/c5500_4.4.1/lib/</path>
         <kind>archive</kind>
         <file>rts55.lib</file>
         <name>llmpy.obj</name>
      </input_file>
      <input_file id="fl-4a">
         <path>/home/caco/ti/ccs1281/ccs/tools/compiler/c5500_4.4.1/lib/</path>
         <kind>archive</kind>
         <file>rts55.lib</file>
         <name>ltoa.obj</name>
      </input_file>
      <input_file id="fl-4b">
         <path>/home/caco/ti/ccs1281/ccs/tools/compiler/c5500_4.4.1/lib/</path>
         <kind>archive</kind>
         <file>rts55.lib</file>
         <name>memccpy.obj</name>
      </input_file>
      <input_file id="fl-4c">
         <path>/home/caco/ti/ccs1281/ccs/tools/compiler/c5500_4.4.1/lib/</path>
         <kind>archive</kind>
         <file>rts55.lib</file>
         <name>remli.obj</name>
      </input_file>
      <input_file id="fl-4d">
         <path>/home/caco/ti/ccs1281/ccs/tools/compiler/c5500_4.4.1/lib/</path>
         <kind>archive</kind>
         <file>rts55.lib</file>
         <name>remul.obj</name>
      </input_file>
      <input_file id="fl-4e">
         <path>/home/caco/ti/ccs1281/ccs/tools/compiler/c5500_4.4.1/lib/</path>
         <kind>archive</kind>
         <file>rts55.lib</file>
         <name>setvbuf.obj</name>
      </input_file>
      <input_file id="fl-4f">
         <path>/home/caco/ti/ccs1281/ccs/tools/compiler/c5500_4.4.1/lib/</path>
         <kind>archive</kind>
         <file>rts55.lib</file>
         <name>udiv.obj</name>
      </input_file>
      <input_file id="fl-50">
         <path>/home/caco/ti/ccs1281/ccs/tools/compiler/c5500_4.4.1/lib/</path>
         <kind>archive</kind>
         <file>rts55.lib</file>
         <name>divli.obj</name>
      </input_file>
   </input_file_list>
   <object_component_list>
      <object_component id="oc-ca">
         <name>.text</name>
         <load_address>0x300</load_address>
         <run_address>0x300</run_address>
         <size>0x1330</size>
         <input_file_ref idref="fl-3e"/>
      </object_component>
      <object_component id="oc-76">
         <name>.text</name>
         <load_address>0x1630</load_address>
         <run_address>0x1630</run_address>
         <size>0x46c</size>
         <input_file_ref idref="fl-2d"/>
      </object_component>
      <object_component id="oc-ac">
         <name>.text</name>
         <load_address>0x1a9c</load_address>
         <run_address>0x1a9c</run_address>
         <size>0x465</size>
         <input_file_ref idref="fl-38"/>
      </object_component>
      <object_component id="oc-37">
         <name>.text</name>
         <load_address>0x1f01</load_address>
         <run_address>0x1f01</run_address>
         <size>0x3c8</size>
         <input_file_ref idref="fl-1f"/>
      </object_component>
      <object_component id="oc-80">
         <name>.text</name>
         <load_address>0x22c9</load_address>
         <run_address>0x22c9</run_address>
         <size>0x380</size>
         <input_file_ref idref="fl-2f"/>
      </object_component>
      <object_component id="oc-28">
         <name>.text</name>
         <load_address>0x2649</load_address>
         <run_address>0x2649</run_address>
         <size>0x260</size>
         <input_file_ref idref="fl-1c"/>
      </object_component>
      <object_component id="oc-f6">
         <name>.text</name>
         <load_address>0x28a9</load_address>
         <run_address>0x28a9</run_address>
         <size>0x25e</size>
         <input_file_ref idref="fl-49"/>
      </object_component>
      <object_component id="oc-5b">
         <name>.text</name>
         <load_address>0x2b07</load_address>
         <run_address>0x2b07</run_address>
         <size>0x222</size>
         <input_file_ref idref="fl-27"/>
      </object_component>
      <object_component id="oc-30">
         <name>.text</name>
         <load_address>0x2d29</load_address>
         <run_address>0x2d29</run_address>
         <size>0x1fc</size>
         <input_file_ref idref="fl-1e"/>
      </object_component>
      <object_component id="oc-14">
         <name>.text</name>
         <load_address>0x2f25</load_address>
         <run_address>0x2f25</run_address>
         <size>0x1fa</size>
         <input_file_ref idref="fl-2"/>
      </object_component>
      <object_component id="oc-dc">
         <name>.text</name>
         <load_address>0x311f</load_address>
         <run_address>0x311f</run_address>
         <size>0x1ea</size>
         <input_file_ref idref="fl-42"/>
      </object_component>
      <object_component id="oc-a1">
         <name>.text</name>
         <load_address>0x3309</load_address>
         <run_address>0x3309</run_address>
         <size>0x1de</size>
         <input_file_ref idref="fl-36"/>
      </object_component>
      <object_component id="oc-8c">
         <name>.text</name>
         <load_address>0x34e7</load_address>
         <run_address>0x34e7</run_address>
         <size>0x158</size>
         <input_file_ref idref="fl-31"/>
      </object_component>
      <object_component id="oc-69">
         <name>.text</name>
         <load_address>0x363f</load_address>
         <run_address>0x363f</run_address>
         <size>0x12a</size>
         <input_file_ref idref="fl-2a"/>
      </object_component>
      <object_component id="oc-1a">
         <name>.text</name>
         <load_address>0x3769</load_address>
         <run_address>0x3769</run_address>
         <size>0xcc</size>
         <input_file_ref idref="fl-3"/>
      </object_component>
      <object_component id="oc-87">
         <name>.text</name>
         <load_address>0x3835</load_address>
         <run_address>0x3835</run_address>
         <size>0xb9</size>
         <input_file_ref idref="fl-30"/>
      </object_component>
      <object_component id="oc-c0">
         <name>.text</name>
         <load_address>0x38ee</load_address>
         <run_address>0x38ee</run_address>
         <size>0xb4</size>
         <input_file_ref idref="fl-3c"/>
      </object_component>
      <object_component id="oc-10a">
         <name>.text</name>
         <load_address>0x39a2</load_address>
         <run_address>0x39a2</run_address>
         <size>0xad</size>
         <input_file_ref idref="fl-4e"/>
      </object_component>
      <object_component id="oc-46">
         <name>.text</name>
         <load_address>0x3a4f</load_address>
         <run_address>0x3a4f</run_address>
         <size>0xaa</size>
         <input_file_ref idref="fl-22"/>
      </object_component>
      <object_component id="oc-b4">
         <name>.text:CIO_breakpoint</name>
         <load_address>0x3af9</load_address>
         <run_address>0x3af9</run_address>
         <size>0xa8</size>
         <input_file_ref idref="fl-39"/>
      </object_component>
      <object_component id="oc-22">
         <name>.text</name>
         <load_address>0x3ba1</load_address>
         <run_address>0x3ba1</run_address>
         <size>0xa2</size>
         <input_file_ref idref="fl-4"/>
      </object_component>
      <object_component id="oc-e6">
         <name>.text</name>
         <load_address>0x3c43</load_address>
         <run_address>0x3c43</run_address>
         <size>0xa1</size>
         <input_file_ref idref="fl-45"/>
      </object_component>
      <object_component id="oc-65">
         <name>.text</name>
         <load_address>0x3ce4</load_address>
         <run_address>0x3ce4</run_address>
         <size>0x85</size>
         <input_file_ref idref="fl-29"/>
      </object_component>
      <object_component id="oc-ea">
         <name>.text</name>
         <load_address>0x3d69</load_address>
         <run_address>0x3d69</run_address>
         <size>0x76</size>
         <input_file_ref idref="fl-46"/>
      </object_component>
      <object_component id="oc-6e">
         <name>.text</name>
         <load_address>0x3ddf</load_address>
         <run_address>0x3ddf</run_address>
         <size>0x73</size>
         <input_file_ref idref="fl-2b"/>
      </object_component>
      <object_component id="oc-fa">
         <name>.text</name>
         <load_address>0x3e52</load_address>
         <run_address>0x3e52</run_address>
         <size>0x73</size>
         <input_file_ref idref="fl-4a"/>
      </object_component>
      <object_component id="oc-106">
         <name>.text</name>
         <load_address>0x3ec5</load_address>
         <run_address>0x3ec5</run_address>
         <size>0x72</size>
         <input_file_ref idref="fl-4d"/>
      </object_component>
      <object_component id="oc-4e">
         <name>.text</name>
         <load_address>0x3f37</load_address>
         <run_address>0x3f37</run_address>
         <size>0x6f</size>
         <input_file_ref idref="fl-24"/>
      </object_component>
      <object_component id="oc-d8">
         <name>.text</name>
         <load_address>0x3fa6</load_address>
         <run_address>0x3fa6</run_address>
         <size>0x6b</size>
         <input_file_ref idref="fl-41"/>
      </object_component>
      <object_component id="oc-56">
         <name>.text</name>
         <load_address>0x4011</load_address>
         <run_address>0x4011</run_address>
         <size>0x62</size>
         <input_file_ref idref="fl-26"/>
      </object_component>
      <object_component id="oc-42">
         <name>.text</name>
         <load_address>0x4073</load_address>
         <run_address>0x4073</run_address>
         <size>0x61</size>
         <input_file_ref idref="fl-21"/>
      </object_component>
      <object_component id="oc-b1">
         <name>.text</name>
         <load_address>0x40d4</load_address>
         <run_address>0x40d4</run_address>
         <size>0x61</size>
         <input_file_ref idref="fl-39"/>
      </object_component>
      <object_component id="oc-d4">
         <name>.text</name>
         <load_address>0x4135</load_address>
         <run_address>0x4135</run_address>
         <size>0x5c</size>
         <input_file_ref idref="fl-40"/>
      </object_component>
      <object_component id="oc-9c">
         <name>.text</name>
         <load_address>0x4191</load_address>
         <run_address>0x4191</run_address>
         <size>0x5a</size>
         <input_file_ref idref="fl-35"/>
      </object_component>
      <object_component id="oc-ee">
         <name>.text</name>
         <load_address>0x41eb</load_address>
         <run_address>0x41eb</run_address>
         <size>0x58</size>
         <input_file_ref idref="fl-47"/>
      </object_component>
      <object_component id="oc-12">
         <name>.text</name>
         <load_address>0x4243</load_address>
         <run_address>0x4243</run_address>
         <size>0x4c</size>
         <input_file_ref idref="fl-1d"/>
      </object_component>
      <object_component id="oc-94">
         <name>.text</name>
         <load_address>0x428f</load_address>
         <run_address>0x428f</run_address>
         <size>0x4b</size>
         <input_file_ref idref="fl-33"/>
      </object_component>
      <object_component id="oc-102">
         <name>.text</name>
         <load_address>0x42da</load_address>
         <run_address>0x42da</run_address>
         <size>0x4b</size>
         <input_file_ref idref="fl-4c"/>
      </object_component>
      <object_component id="oc-112">
         <name>.text</name>
         <load_address>0x4325</load_address>
         <run_address>0x4325</run_address>
         <size>0x48</size>
         <input_file_ref idref="fl-50"/>
      </object_component>
      <object_component id="oc-61">
         <name>.text</name>
         <load_address>0x436d</load_address>
         <run_address>0x436d</run_address>
         <size>0x47</size>
         <input_file_ref idref="fl-28"/>
      </object_component>
      <object_component id="oc-d0">
         <name>.text</name>
         <load_address>0x43b4</load_address>
         <run_address>0x43b4</run_address>
         <size>0x40</size>
         <input_file_ref idref="fl-3f"/>
      </object_component>
      <object_component id="oc-7c">
         <name>.text</name>
         <load_address>0x43f4</load_address>
         <run_address>0x43f4</run_address>
         <size>0x3f</size>
         <input_file_ref idref="fl-2e"/>
      </object_component>
      <object_component id="oc-b7">
         <name>.text</name>
         <load_address>0x4433</load_address>
         <run_address>0x4433</run_address>
         <size>0x3f</size>
         <input_file_ref idref="fl-3a"/>
      </object_component>
      <object_component id="oc-3b">
         <name>.text</name>
         <load_address>0x4472</load_address>
         <run_address>0x4472</run_address>
         <size>0x38</size>
         <input_file_ref idref="fl-20"/>
      </object_component>
      <object_component id="oc-4a">
         <name>.text</name>
         <load_address>0x44aa</load_address>
         <run_address>0x44aa</run_address>
         <size>0x2a</size>
         <input_file_ref idref="fl-23"/>
      </object_component>
      <object_component id="oc-10e">
         <name>.text</name>
         <load_address>0x44d4</load_address>
         <run_address>0x44d4</run_address>
         <size>0x2a</size>
         <input_file_ref idref="fl-4f"/>
      </object_component>
      <object_component id="oc-fe">
         <name>.text</name>
         <load_address>0x44fe</load_address>
         <run_address>0x44fe</run_address>
         <size>0x1f</size>
         <input_file_ref idref="fl-4b"/>
      </object_component>
      <object_component id="oc-f2">
         <name>.text</name>
         <load_address>0x451d</load_address>
         <run_address>0x451d</run_address>
         <size>0x1a</size>
         <input_file_ref idref="fl-48"/>
      </object_component>
      <object_component id="oc-a8">
         <name>.text</name>
         <load_address>0x4537</load_address>
         <run_address>0x4537</run_address>
         <size>0x14</size>
         <input_file_ref idref="fl-37"/>
      </object_component>
      <object_component id="oc-72">
         <name>.text</name>
         <load_address>0x454b</load_address>
         <run_address>0x454b</run_address>
         <size>0x13</size>
         <input_file_ref idref="fl-2c"/>
      </object_component>
      <object_component id="oc-c4">
         <name>.text</name>
         <load_address>0x455e</load_address>
         <run_address>0x455e</run_address>
         <size>0x10</size>
         <input_file_ref idref="fl-3d"/>
      </object_component>
      <object_component id="oc-90">
         <name>.text</name>
         <load_address>0x456e</load_address>
         <run_address>0x456e</run_address>
         <size>0x10</size>
         <input_file_ref idref="fl-32"/>
      </object_component>
      <object_component id="oc-52">
         <name>.text</name>
         <load_address>0x457e</load_address>
         <run_address>0x457e</run_address>
         <size>0xc</size>
         <input_file_ref idref="fl-25"/>
      </object_component>
      <object_component id="oc-98">
         <name>.text</name>
         <load_address>0x458a</load_address>
         <run_address>0x458a</run_address>
         <size>0xa</size>
         <input_file_ref idref="fl-34"/>
      </object_component>
      <object_component id="oc-3f">
         <name>.text:CIO_breakpoint</name>
         <load_address>0x4594</load_address>
         <run_address>0x4594</run_address>
         <size>0x7</size>
         <input_file_ref idref="fl-20"/>
      </object_component>
      <object_component id="oc-bc">
         <name>.text</name>
         <load_address>0x459b</load_address>
         <run_address>0x459b</run_address>
         <size>0x2</size>
         <input_file_ref idref="fl-3b"/>
      </object_component>
      <object_component id="oc-2c">
         <name>.stack</name>
         <load_address>0x45a0</load_address>
         <run_address>0x45a0</run_address>
         <size>0x0</size>
         <input_file_ref idref="fl-1d"/>
      </object_component>
      <object_component id="oc-131">
         <name>.stack</name>
         <load_address>0x45a0</load_address>
         <run_address>0x45a0</run_address>
         <size>0x0</size>
      </object_component>
      <object_component id="oc-116">
         <name>.sysstack</name>
         <load_address>0x85a0</load_address>
         <run_address>0x85a0</run_address>
         <size>0x0</size>
         <input_file_ref idref="fl-1d"/>
      </object_component>
      <object_component id="oc-133">
         <name>.sysstack</name>
         <load_address>0x85a0</load_address>
         <run_address>0x85a0</run_address>
         <size>0x0</size>
      </object_component>
      <object_component id="oc-1b">
         <name>.bss</name>
         <load_address>0x95a0</load_address>
         <run_address>0x95a0</run_address>
         <size>0x580</size>
         <input_file_ref idref="fl-3"/>
      </object_component>
      <object_component id="oc-e2">
         <name>.bss</name>
         <load_address>0x9b20</load_address>
         <run_address>0x9b20</run_address>
         <size>0x1ba</size>
         <input_file_ref idref="fl-44"/>
      </object_component>
      <object_component id="oc-ad">
         <name>.bss</name>
         <load_address>0x9cda</load_address>
         <run_address>0x9cda</run_address>
         <size>0x1a0</size>
         <input_file_ref idref="fl-38"/>
      </object_component>
      <object_component id="oc-5c">
         <name>.bss</name>
         <load_address>0x9e7a</load_address>
         <run_address>0x9e7a</run_address>
         <size>0x2</size>
         <input_file_ref idref="fl-27"/>
      </object_component>
      <object_component id="oc-77">
         <name>.bss</name>
         <load_address>0x9e7c</load_address>
         <run_address>0x9e7c</run_address>
         <size>0xba</size>
         <input_file_ref idref="fl-2d"/>
      </object_component>
      <object_component id="oc-31">
         <name>.bss</name>
         <load_address>0x9f38</load_address>
         <run_address>0x9f38</run_address>
         <size>0x10</size>
         <input_file_ref idref="fl-1e"/>
      </object_component>
      <object_component id="oc-a2">
         <name>.bss</name>
         <load_address>0x9f48</load_address>
         <run_address>0x9f48</run_address>
         <size>0x10</size>
         <input_file_ref idref="fl-36"/>
      </object_component>
      <object_component id="oc-c5">
         <name>.bss</name>
         <load_address>0x9f58</load_address>
         <run_address>0x9f58</run_address>
         <size>0x8</size>
         <input_file_ref idref="fl-3d"/>
      </object_component>
      <object_component id="oc-3c">
         <name>.bss</name>
         <load_address>0x9f60</load_address>
         <run_address>0x9f60</run_address>
         <size>0x8</size>
         <input_file_ref idref="fl-20"/>
      </object_component>
      <object_component id="oc-81">
         <name>.bss</name>
         <load_address>0x9f68</load_address>
         <run_address>0x9f68</run_address>
         <size>0x8</size>
         <input_file_ref idref="fl-2f"/>
      </object_component>
      <object_component id="oc-118">
         <name>.const:__ctypes_</name>
         <load_address>0x9f80</load_address>
         <run_address>0x9f80</run_address>
         <size>0x202</size>
         <input_file_ref idref="fl-43"/>
      </object_component>
      <object_component id="oc-1e">
         <name>.const:.string</name>
         <load_address>0xa182</load_address>
         <run_address>0xa182</run_address>
         <size>0xae</size>
         <input_file_ref idref="fl-3"/>
      </object_component>
      <object_component id="oc-cc">
         <name>.const:.string</name>
         <load_address>0xa230</load_address>
         <run_address>0xa230</run_address>
         <size>0x46</size>
         <input_file_ref idref="fl-3e"/>
      </object_component>
      <object_component id="oc-34">
         <name>.const</name>
         <load_address>0xa278</load_address>
         <run_address>0xa278</run_address>
         <size>0x2c</size>
         <input_file_ref idref="fl-1e"/>
      </object_component>
      <object_component id="oc-a5">
         <name>.const</name>
         <load_address>0xa2a4</load_address>
         <run_address>0xa2a4</run_address>
         <size>0x28</size>
         <input_file_ref idref="fl-36"/>
      </object_component>
      <object_component id="oc-cd">
         <name>.const</name>
         <load_address>0xa2cc</load_address>
         <run_address>0xa2cc</run_address>
         <size>0x18</size>
         <input_file_ref idref="fl-3e"/>
      </object_component>
      <object_component id="oc-16">
         <name>.const</name>
         <load_address>0xa2e4</load_address>
         <run_address>0xa2e4</run_address>
         <size>0x14</size>
         <input_file_ref idref="fl-2"/>
      </object_component>
      <object_component id="oc-117">
         <name>.const:_initial_approx$1</name>
         <load_address>0xa2f8</load_address>
         <run_address>0xa2f8</run_address>
         <size>0x10</size>
         <input_file_ref idref="fl-1f"/>
      </object_component>
      <object_component id="oc-9e">
         <name>.const</name>
         <load_address>0xa308</load_address>
         <run_address>0xa308</run_address>
         <size>0x10</size>
         <input_file_ref idref="fl-35"/>
      </object_component>
      <object_component id="oc-89">
         <name>.const</name>
         <load_address>0xa318</load_address>
         <run_address>0xa318</run_address>
         <size>0xc</size>
         <input_file_ref idref="fl-30"/>
      </object_component>
      <object_component id="oc-24">
         <name>.const</name>
         <load_address>0xa324</load_address>
         <run_address>0xa324</run_address>
         <size>0x8</size>
         <input_file_ref idref="fl-4"/>
      </object_component>
      <object_component id="oc-b9">
         <name>.const</name>
         <load_address>0xa32c</load_address>
         <run_address>0xa32c</run_address>
         <size>0x8</size>
         <input_file_ref idref="fl-3a"/>
      </object_component>
      <object_component id="oc-6b">
         <name>.const:.string</name>
         <load_address>0xa334</load_address>
         <run_address>0xa334</run_address>
         <size>0x4</size>
         <input_file_ref idref="fl-2a"/>
      </object_component>
      <object_component id="oc-58">
         <name>.const</name>
         <load_address>0xa338</load_address>
         <run_address>0xa338</run_address>
         <size>0x4</size>
         <input_file_ref idref="fl-26"/>
      </object_component>
      <object_component id="oc-84">
         <name>.sysmem</name>
         <uninitialized>true</uninitialized>
         <run_address>0x65a0</run_address>
         <size>0x0</size>
         <input_file_ref idref="fl-2f"/>
      </object_component>
      <object_component id="oc-132">
         <name>.sysmem</name>
         <uninitialized>true</uninitialized>
         <run_address>0x65a0</run_address>
         <size>0x0</size>
      </object_component>
      <object_component id="oc-1d">
         <name>.cinit</name>
         <load_address>0xa580</load_address>
         <run_address>0xa580</run_address>
         <size>0x106</size>
         <input_file_ref idref="fl-3"/>
      </object_component>
      <object_component id="oc-79">
         <name>.cinit</name>
         <load_address>0xa686</load_address>
         <run_address>0xa686</run_address>
         <size>0x50</size>
         <input_file_ref idref="fl-2d"/>
      </object_component>
      <object_component id="oc-e4">
         <name>.cinit</name>
         <load_address>0xa6d6</load_address>
         <run_address>0xa6d6</run_address>
         <size>0x32</size>
         <input_file_ref idref="fl-44"/>
      </object_component>
      <object_component id="oc-33">
         <name>.cinit</name>
         <load_address>0xa708</load_address>
         <run_address>0xa708</run_address>
         <size>0x16</size>
         <input_file_ref idref="fl-1e"/>
      </object_component>
      <object_component id="oc-a4">
         <name>.cinit</name>
         <load_address>0xa71e</load_address>
         <run_address>0xa71e</run_address>
         <size>0x16</size>
         <input_file_ref idref="fl-36"/>
      </object_component>
      <object_component id="oc-c7">
         <name>.cinit</name>
         <load_address>0xa734</load_address>
         <run_address>0xa734</run_address>
         <size>0x14</size>
         <input_file_ref idref="fl-3d"/>
      </object_component>
      <object_component id="oc-3e">
         <name>.cinit</name>
         <load_address>0xa748</load_address>
         <run_address>0xa748</run_address>
         <size>0x14</size>
         <input_file_ref idref="fl-20"/>
      </object_component>
      <object_component id="oc-5e">
         <name>.cinit</name>
         <load_address>0xa75c</load_address>
         <run_address>0xa75c</run_address>
         <size>0x8</size>
         <input_file_ref idref="fl-27"/>
      </object_component>
      <object_component id="oc-83">
         <name>.cinit</name>
         <load_address>0xa764</load_address>
         <run_address>0xa764</run_address>
         <size>0x8</size>
         <input_file_ref idref="fl-2f"/>
      </object_component>
      <object_component id="oc-b3">
         <name>.cio</name>
         <load_address>0xa340</load_address>
         <run_address>0xa340</run_address>
         <size>0x240</size>
         <input_file_ref idref="fl-39"/>
      </object_component>
      <object_component id="oc-13">
         <name>vectors</name>
         <load_address>0xfe00</load_address>
         <run_address>0xfe00</run_address>
         <size>0x100</size>
         <input_file_ref idref="fl-3b"/>
      </object_component>
      <object_component id="oc-15">
         <name>.debug_info</name>
         <load_address>0x0</load_address>
         <run_address>0x0</run_address>
         <size>0x82c</size>
         <input_file_ref idref="fl-2"/>
      </object_component>
      <object_component id="oc-1c">
         <name>.debug_info</name>
         <load_address>0x82c</load_address>
         <run_address>0x82c</run_address>
         <size>0x842</size>
         <input_file_ref idref="fl-3"/>
      </object_component>
      <object_component id="oc-23">
         <name>.debug_info</name>
         <load_address>0x106e</load_address>
         <run_address>0x106e</run_address>
         <size>0x662</size>
         <input_file_ref idref="fl-4"/>
      </object_component>
      <object_component id="oc-29">
         <name>.debug_info</name>
         <load_address>0x16d0</load_address>
         <run_address>0x16d0</run_address>
         <size>0x5ab</size>
         <input_file_ref idref="fl-1c"/>
      </object_component>
      <object_component id="oc-2d">
         <name>.debug_info</name>
         <load_address>0x1c7b</load_address>
         <run_address>0x1c7b</run_address>
         <size>0xe8</size>
         <input_file_ref idref="fl-1d"/>
      </object_component>
      <object_component id="oc-32">
         <name>.debug_info</name>
         <load_address>0x1d63</load_address>
         <run_address>0x1d63</run_address>
         <size>0x716</size>
         <input_file_ref idref="fl-1e"/>
      </object_component>
      <object_component id="oc-38">
         <name>.debug_info</name>
         <load_address>0x2479</load_address>
         <run_address>0x2479</run_address>
         <size>0x7e8</size>
         <input_file_ref idref="fl-1f"/>
      </object_component>
      <object_component id="oc-3d">
         <name>.debug_info</name>
         <load_address>0x2c61</load_address>
         <run_address>0x2c61</run_address>
         <size>0x5fb</size>
         <input_file_ref idref="fl-20"/>
      </object_component>
      <object_component id="oc-43">
         <name>.debug_info</name>
         <load_address>0x325c</load_address>
         <run_address>0x325c</run_address>
         <size>0x64a</size>
         <input_file_ref idref="fl-21"/>
      </object_component>
      <object_component id="oc-47">
         <name>.debug_info</name>
         <load_address>0x38a6</load_address>
         <run_address>0x38a6</run_address>
         <size>0x701</size>
         <input_file_ref idref="fl-22"/>
      </object_component>
      <object_component id="oc-4b">
         <name>.debug_info</name>
         <load_address>0x3fa7</load_address>
         <run_address>0x3fa7</run_address>
         <size>0x4cf</size>
         <input_file_ref idref="fl-23"/>
      </object_component>
      <object_component id="oc-4f">
         <name>.debug_info</name>
         <load_address>0x4476</load_address>
         <run_address>0x4476</run_address>
         <size>0x534</size>
         <input_file_ref idref="fl-24"/>
      </object_component>
      <object_component id="oc-53">
         <name>.debug_info</name>
         <load_address>0x49aa</load_address>
         <run_address>0x49aa</run_address>
         <size>0x4cf</size>
         <input_file_ref idref="fl-25"/>
      </object_component>
      <object_component id="oc-57">
         <name>.debug_info</name>
         <load_address>0x4e79</load_address>
         <run_address>0x4e79</run_address>
         <size>0x549</size>
         <input_file_ref idref="fl-26"/>
      </object_component>
      <object_component id="oc-5d">
         <name>.debug_info</name>
         <load_address>0x53c2</load_address>
         <run_address>0x53c2</run_address>
         <size>0xa17</size>
         <input_file_ref idref="fl-27"/>
      </object_component>
      <object_component id="oc-62">
         <name>.debug_info</name>
         <load_address>0x5dd9</load_address>
         <run_address>0x5dd9</run_address>
         <size>0x75e</size>
         <input_file_ref idref="fl-28"/>
      </object_component>
      <object_component id="oc-66">
         <name>.debug_info</name>
         <load_address>0x6537</load_address>
         <run_address>0x6537</run_address>
         <size>0x6a5</size>
         <input_file_ref idref="fl-29"/>
      </object_component>
      <object_component id="oc-6a">
         <name>.debug_info</name>
         <load_address>0x6bdc</load_address>
         <run_address>0x6bdc</run_address>
         <size>0x938</size>
         <input_file_ref idref="fl-2a"/>
      </object_component>
      <object_component id="oc-6f">
         <name>.debug_info</name>
         <load_address>0x7514</load_address>
         <run_address>0x7514</run_address>
         <size>0x53e</size>
         <input_file_ref idref="fl-2b"/>
      </object_component>
      <object_component id="oc-73">
         <name>.debug_info</name>
         <load_address>0x7a52</load_address>
         <run_address>0x7a52</run_address>
         <size>0xbd</size>
         <input_file_ref idref="fl-2c"/>
      </object_component>
      <object_component id="oc-78">
         <name>.debug_info</name>
         <load_address>0x7b0f</load_address>
         <run_address>0x7b0f</run_address>
         <size>0x1446</size>
         <input_file_ref idref="fl-2d"/>
      </object_component>
      <object_component id="oc-7d">
         <name>.debug_info</name>
         <load_address>0x8f55</load_address>
         <run_address>0x8f55</run_address>
         <size>0xd1</size>
         <input_file_ref idref="fl-2e"/>
      </object_component>
      <object_component id="oc-82">
         <name>.debug_info</name>
         <load_address>0x9026</load_address>
         <run_address>0x9026</run_address>
         <size>0xb92</size>
         <input_file_ref idref="fl-2f"/>
      </object_component>
      <object_component id="oc-88">
         <name>.debug_info</name>
         <load_address>0x9bb8</load_address>
         <run_address>0x9bb8</run_address>
         <size>0x50c</size>
         <input_file_ref idref="fl-30"/>
      </object_component>
      <object_component id="oc-8d">
         <name>.debug_info</name>
         <load_address>0xa0c4</load_address>
         <run_address>0xa0c4</run_address>
         <size>0x55b</size>
         <input_file_ref idref="fl-31"/>
      </object_component>
      <object_component id="oc-91">
         <name>.debug_info</name>
         <load_address>0xa61f</load_address>
         <run_address>0xa61f</run_address>
         <size>0x4b7</size>
         <input_file_ref idref="fl-32"/>
      </object_component>
      <object_component id="oc-95">
         <name>.debug_info</name>
         <load_address>0xaad6</load_address>
         <run_address>0xaad6</run_address>
         <size>0x767</size>
         <input_file_ref idref="fl-33"/>
      </object_component>
      <object_component id="oc-99">
         <name>.debug_info</name>
         <load_address>0xb23d</load_address>
         <run_address>0xb23d</run_address>
         <size>0x50b</size>
         <input_file_ref idref="fl-34"/>
      </object_component>
      <object_component id="oc-9d">
         <name>.debug_info</name>
         <load_address>0xb748</load_address>
         <run_address>0xb748</run_address>
         <size>0x52e</size>
         <input_file_ref idref="fl-35"/>
      </object_component>
      <object_component id="oc-a3">
         <name>.debug_info</name>
         <load_address>0xbc76</load_address>
         <run_address>0xbc76</run_address>
         <size>0x6ef</size>
         <input_file_ref idref="fl-36"/>
      </object_component>
      <object_component id="oc-a9">
         <name>.debug_info</name>
         <load_address>0xc365</load_address>
         <run_address>0xc365</run_address>
         <size>0x4de</size>
         <input_file_ref idref="fl-37"/>
      </object_component>
      <object_component id="oc-ae">
         <name>.debug_info</name>
         <load_address>0xc843</load_address>
         <run_address>0xc843</run_address>
         <size>0xeca</size>
         <input_file_ref idref="fl-38"/>
      </object_component>
      <object_component id="oc-b2">
         <name>.debug_info</name>
         <load_address>0xd70d</load_address>
         <run_address>0xd70d</run_address>
         <size>0x735</size>
         <input_file_ref idref="fl-39"/>
      </object_component>
      <object_component id="oc-b8">
         <name>.debug_info</name>
         <load_address>0xde42</load_address>
         <run_address>0xde42</run_address>
         <size>0x521</size>
         <input_file_ref idref="fl-3a"/>
      </object_component>
      <object_component id="oc-bd">
         <name>.debug_info</name>
         <load_address>0xe363</load_address>
         <run_address>0xe363</run_address>
         <size>0xbc</size>
         <input_file_ref idref="fl-3b"/>
      </object_component>
      <object_component id="oc-c1">
         <name>.debug_info</name>
         <load_address>0xe41f</load_address>
         <run_address>0xe41f</run_address>
         <size>0x662</size>
         <input_file_ref idref="fl-3c"/>
      </object_component>
      <object_component id="oc-c6">
         <name>.debug_info</name>
         <load_address>0xea81</load_address>
         <run_address>0xea81</run_address>
         <size>0x5bc</size>
         <input_file_ref idref="fl-3d"/>
      </object_component>
      <object_component id="oc-cb">
         <name>.debug_info</name>
         <load_address>0xf03d</load_address>
         <run_address>0xf03d</run_address>
         <size>0x27a1</size>
         <input_file_ref idref="fl-3e"/>
      </object_component>
      <object_component id="oc-d1">
         <name>.debug_info</name>
         <load_address>0x117de</load_address>
         <run_address>0x117de</run_address>
         <size>0x586</size>
         <input_file_ref idref="fl-3f"/>
      </object_component>
      <object_component id="oc-d5">
         <name>.debug_info</name>
         <load_address>0x11d64</load_address>
         <run_address>0x11d64</run_address>
         <size>0x59a</size>
         <input_file_ref idref="fl-40"/>
      </object_component>
      <object_component id="oc-d9">
         <name>.debug_info</name>
         <load_address>0x122fe</load_address>
         <run_address>0x122fe</run_address>
         <size>0xcd</size>
         <input_file_ref idref="fl-41"/>
      </object_component>
      <object_component id="oc-dd">
         <name>.debug_info</name>
         <load_address>0x123cb</load_address>
         <run_address>0x123cb</run_address>
         <size>0x81f</size>
         <input_file_ref idref="fl-42"/>
      </object_component>
      <object_component id="oc-e0">
         <name>.debug_info</name>
         <load_address>0x12bea</load_address>
         <run_address>0x12bea</run_address>
         <size>0x493</size>
         <input_file_ref idref="fl-43"/>
      </object_component>
      <object_component id="oc-e3">
         <name>.debug_info</name>
         <load_address>0x1307d</load_address>
         <run_address>0x1307d</run_address>
         <size>0x57e</size>
         <input_file_ref idref="fl-44"/>
      </object_component>
      <object_component id="oc-e7">
         <name>.debug_info</name>
         <load_address>0x135fb</load_address>
         <run_address>0x135fb</run_address>
         <size>0x534</size>
         <input_file_ref idref="fl-45"/>
      </object_component>
      <object_component id="oc-eb">
         <name>.debug_info</name>
         <load_address>0x13b2f</load_address>
         <run_address>0x13b2f</run_address>
         <size>0x4d2</size>
         <input_file_ref idref="fl-46"/>
      </object_component>
      <object_component id="oc-ef">
         <name>.debug_info</name>
         <load_address>0x14001</load_address>
         <run_address>0x14001</run_address>
         <size>0x5f7</size>
         <input_file_ref idref="fl-47"/>
      </object_component>
      <object_component id="oc-f3">
         <name>.debug_info</name>
         <load_address>0x145f8</load_address>
         <run_address>0x145f8</run_address>
         <size>0x680</size>
         <input_file_ref idref="fl-48"/>
      </object_component>
      <object_component id="oc-f7">
         <name>.debug_info</name>
         <load_address>0x14c78</load_address>
         <run_address>0x14c78</run_address>
         <size>0x7d4</size>
         <input_file_ref idref="fl-49"/>
      </object_component>
      <object_component id="oc-fb">
         <name>.debug_info</name>
         <load_address>0x1544c</load_address>
         <run_address>0x1544c</run_address>
         <size>0x5a8</size>
         <input_file_ref idref="fl-4a"/>
      </object_component>
      <object_component id="oc-ff">
         <name>.debug_info</name>
         <load_address>0x159f4</load_address>
         <run_address>0x159f4</run_address>
         <size>0x56f</size>
         <input_file_ref idref="fl-4b"/>
      </object_component>
      <object_component id="oc-103">
         <name>.debug_info</name>
         <load_address>0x15f63</load_address>
         <run_address>0x15f63</run_address>
         <size>0x4f2</size>
         <input_file_ref idref="fl-4c"/>
      </object_component>
      <object_component id="oc-107">
         <name>.debug_info</name>
         <load_address>0x16455</load_address>
         <run_address>0x16455</run_address>
         <size>0x534</size>
         <input_file_ref idref="fl-4d"/>
      </object_component>
      <object_component id="oc-10b">
         <name>.debug_info</name>
         <load_address>0x16989</load_address>
         <run_address>0x16989</run_address>
         <size>0x64a</size>
         <input_file_ref idref="fl-4e"/>
      </object_component>
      <object_component id="oc-10f">
         <name>.debug_info</name>
         <load_address>0x16fd3</load_address>
         <run_address>0x16fd3</run_address>
         <size>0xef</size>
         <input_file_ref idref="fl-4f"/>
      </object_component>
      <object_component id="oc-113">
         <name>.debug_info</name>
         <load_address>0x170c2</load_address>
         <run_address>0x170c2</run_address>
         <size>0x4f2</size>
         <input_file_ref idref="fl-50"/>
      </object_component>
      <object_component id="oc-135">
         <name>.debug_info</name>
         <load_address>0x175b4</load_address>
         <run_address>0x175b4</run_address>
         <size>0x70</size>
      </object_component>
      <object_component id="oc-17">
         <name>.debug_frame</name>
         <load_address>0x0</load_address>
         <run_address>0x0</run_address>
         <size>0xef</size>
         <input_file_ref idref="fl-2"/>
      </object_component>
      <object_component id="oc-1f">
         <name>.debug_frame</name>
         <load_address>0xef</load_address>
         <run_address>0xef</run_address>
         <size>0xe5</size>
         <input_file_ref idref="fl-3"/>
      </object_component>
      <object_component id="oc-25">
         <name>.debug_frame</name>
         <load_address>0x1d4</load_address>
         <run_address>0x1d4</run_address>
         <size>0xe5</size>
         <input_file_ref idref="fl-4"/>
      </object_component>
      <object_component id="oc-18">
         <name>.debug_line</name>
         <load_address>0x0</load_address>
         <run_address>0x0</run_address>
         <size>0x8c</size>
         <input_file_ref idref="fl-2"/>
      </object_component>
      <object_component id="oc-20">
         <name>.debug_line</name>
         <load_address>0x8c</load_address>
         <run_address>0x8c</run_address>
         <size>0x78</size>
         <input_file_ref idref="fl-3"/>
      </object_component>
      <object_component id="oc-26">
         <name>.debug_line</name>
         <load_address>0x104</load_address>
         <run_address>0x104</run_address>
         <size>0x64</size>
         <input_file_ref idref="fl-4"/>
      </object_component>
      <object_component id="oc-2a">
         <name>.debug_line</name>
         <load_address>0x168</load_address>
         <run_address>0x168</run_address>
         <size>0x5c</size>
         <input_file_ref idref="fl-1c"/>
      </object_component>
      <object_component id="oc-2e">
         <name>.debug_line</name>
         <load_address>0x1c4</load_address>
         <run_address>0x1c4</run_address>
         <size>0x57</size>
         <input_file_ref idref="fl-1d"/>
      </object_component>
      <object_component id="oc-35">
         <name>.debug_line</name>
         <load_address>0x21b</load_address>
         <run_address>0x21b</run_address>
         <size>0x54</size>
         <input_file_ref idref="fl-1e"/>
      </object_component>
      <object_component id="oc-39">
         <name>.debug_line</name>
         <load_address>0x26f</load_address>
         <run_address>0x26f</run_address>
         <size>0x5b</size>
         <input_file_ref idref="fl-1f"/>
      </object_component>
      <object_component id="oc-40">
         <name>.debug_line</name>
         <load_address>0x2ca</load_address>
         <run_address>0x2ca</run_address>
         <size>0x51</size>
         <input_file_ref idref="fl-20"/>
      </object_component>
      <object_component id="oc-44">
         <name>.debug_line</name>
         <load_address>0x31b</load_address>
         <run_address>0x31b</run_address>
         <size>0x3d</size>
         <input_file_ref idref="fl-21"/>
      </object_component>
      <object_component id="oc-48">
         <name>.debug_line</name>
         <load_address>0x358</load_address>
         <run_address>0x358</run_address>
         <size>0x5b</size>
         <input_file_ref idref="fl-22"/>
      </object_component>
      <object_component id="oc-4c">
         <name>.debug_line</name>
         <load_address>0x3b3</load_address>
         <run_address>0x3b3</run_address>
         <size>0x3d</size>
         <input_file_ref idref="fl-23"/>
      </object_component>
      <object_component id="oc-50">
         <name>.debug_line</name>
         <load_address>0x3f0</load_address>
         <run_address>0x3f0</run_address>
         <size>0x3d</size>
         <input_file_ref idref="fl-24"/>
      </object_component>
      <object_component id="oc-54">
         <name>.debug_line</name>
         <load_address>0x42d</load_address>
         <run_address>0x42d</run_address>
         <size>0x3d</size>
         <input_file_ref idref="fl-25"/>
      </object_component>
      <object_component id="oc-59">
         <name>.debug_line</name>
         <load_address>0x46a</load_address>
         <run_address>0x46a</run_address>
         <size>0x44</size>
         <input_file_ref idref="fl-26"/>
      </object_component>
      <object_component id="oc-5f">
         <name>.debug_line</name>
         <load_address>0x4ae</load_address>
         <run_address>0x4ae</run_address>
         <size>0xd7</size>
         <input_file_ref idref="fl-27"/>
      </object_component>
      <object_component id="oc-63">
         <name>.debug_line</name>
         <load_address>0x585</load_address>
         <run_address>0x585</run_address>
         <size>0x6a</size>
         <input_file_ref idref="fl-28"/>
      </object_component>
      <object_component id="oc-67">
         <name>.debug_line</name>
         <load_address>0x5ef</load_address>
         <run_address>0x5ef</run_address>
         <size>0x55</size>
         <input_file_ref idref="fl-29"/>
      </object_component>
      <object_component id="oc-6c">
         <name>.debug_line</name>
         <load_address>0x644</load_address>
         <run_address>0x644</run_address>
         <size>0xa8</size>
         <input_file_ref idref="fl-2a"/>
      </object_component>
      <object_component id="oc-70">
         <name>.debug_line</name>
         <load_address>0x6ec</load_address>
         <run_address>0x6ec</run_address>
         <size>0x40</size>
         <input_file_ref idref="fl-2b"/>
      </object_component>
      <object_component id="oc-74">
         <name>.debug_line</name>
         <load_address>0x72c</load_address>
         <run_address>0x72c</run_address>
         <size>0x3c</size>
         <input_file_ref idref="fl-2c"/>
      </object_component>
      <object_component id="oc-7a">
         <name>.debug_line</name>
         <load_address>0x768</load_address>
         <run_address>0x768</run_address>
         <size>0x1af</size>
         <input_file_ref idref="fl-2d"/>
      </object_component>
      <object_component id="oc-7e">
         <name>.debug_line</name>
         <load_address>0x917</load_address>
         <run_address>0x917</run_address>
         <size>0x4d</size>
         <input_file_ref idref="fl-2e"/>
      </object_component>
      <object_component id="oc-85">
         <name>.debug_line</name>
         <load_address>0x964</load_address>
         <run_address>0x964</run_address>
         <size>0x10f</size>
         <input_file_ref idref="fl-2f"/>
      </object_component>
      <object_component id="oc-8a">
         <name>.debug_line</name>
         <load_address>0xa73</load_address>
         <run_address>0xa73</run_address>
         <size>0x3c</size>
         <input_file_ref idref="fl-30"/>
      </object_component>
      <object_component id="oc-8e">
         <name>.debug_line</name>
         <load_address>0xaaf</load_address>
         <run_address>0xaaf</run_address>
         <size>0x3c</size>
         <input_file_ref idref="fl-31"/>
      </object_component>
      <object_component id="oc-92">
         <name>.debug_line</name>
         <load_address>0xaeb</load_address>
         <run_address>0xaeb</run_address>
         <size>0x37</size>
         <input_file_ref idref="fl-32"/>
      </object_component>
      <object_component id="oc-96">
         <name>.debug_line</name>
         <load_address>0xb22</load_address>
         <run_address>0xb22</run_address>
         <size>0x69</size>
         <input_file_ref idref="fl-33"/>
      </object_component>
      <object_component id="oc-9a">
         <name>.debug_line</name>
         <load_address>0xb8b</load_address>
         <run_address>0xb8b</run_address>
         <size>0x39</size>
         <input_file_ref idref="fl-34"/>
      </object_component>
      <object_component id="oc-9f">
         <name>.debug_line</name>
         <load_address>0xbc4</load_address>
         <run_address>0xbc4</run_address>
         <size>0x38</size>
         <input_file_ref idref="fl-35"/>
      </object_component>
      <object_component id="oc-a6">
         <name>.debug_line</name>
         <load_address>0xbfc</load_address>
         <run_address>0xbfc</run_address>
         <size>0x54</size>
         <input_file_ref idref="fl-36"/>
      </object_component>
      <object_component id="oc-aa">
         <name>.debug_line</name>
         <load_address>0xc50</load_address>
         <run_address>0xc50</run_address>
         <size>0x37</size>
         <input_file_ref idref="fl-37"/>
      </object_component>
      <object_component id="oc-af">
         <name>.debug_line</name>
         <load_address>0xc87</load_address>
         <run_address>0xc87</run_address>
         <size>0x15b</size>
         <input_file_ref idref="fl-38"/>
      </object_component>
      <object_component id="oc-b5">
         <name>.debug_line</name>
         <load_address>0xde2</load_address>
         <run_address>0xde2</run_address>
         <size>0x6a</size>
         <input_file_ref idref="fl-39"/>
      </object_component>
      <object_component id="oc-ba">
         <name>.debug_line</name>
         <load_address>0xe4c</load_address>
         <run_address>0xe4c</run_address>
         <size>0x38</size>
         <input_file_ref idref="fl-3a"/>
      </object_component>
      <object_component id="oc-be">
         <name>.debug_line</name>
         <load_address>0xe84</load_address>
         <run_address>0xe84</run_address>
         <size>0x37</size>
         <input_file_ref idref="fl-3b"/>
      </object_component>
      <object_component id="oc-c2">
         <name>.debug_line</name>
         <load_address>0xebb</load_address>
         <run_address>0xebb</run_address>
         <size>0x57</size>
         <input_file_ref idref="fl-3c"/>
      </object_component>
      <object_component id="oc-c8">
         <name>.debug_line</name>
         <load_address>0xf12</load_address>
         <run_address>0xf12</run_address>
         <size>0x5b</size>
         <input_file_ref idref="fl-3d"/>
      </object_component>
      <object_component id="oc-ce">
         <name>.debug_line</name>
         <load_address>0xf6d</load_address>
         <run_address>0xf6d</run_address>
         <size>0x325</size>
         <input_file_ref idref="fl-3e"/>
      </object_component>
      <object_component id="oc-d2">
         <name>.debug_line</name>
         <load_address>0x1292</load_address>
         <run_address>0x1292</run_address>
         <size>0x41</size>
         <input_file_ref idref="fl-3f"/>
      </object_component>
      <object_component id="oc-d6">
         <name>.debug_line</name>
         <load_address>0x12d3</load_address>
         <run_address>0x12d3</run_address>
         <size>0x46</size>
         <input_file_ref idref="fl-40"/>
      </object_component>
      <object_component id="oc-da">
         <name>.debug_line</name>
         <load_address>0x1319</load_address>
         <run_address>0x1319</run_address>
         <size>0x5e</size>
         <input_file_ref idref="fl-41"/>
      </object_component>
      <object_component id="oc-de">
         <name>.debug_line</name>
         <load_address>0x1377</load_address>
         <run_address>0x1377</run_address>
         <size>0xad</size>
         <input_file_ref idref="fl-42"/>
      </object_component>
      <object_component id="oc-e8">
         <name>.debug_line</name>
         <load_address>0x1424</load_address>
         <run_address>0x1424</run_address>
         <size>0x44</size>
         <input_file_ref idref="fl-45"/>
      </object_component>
      <object_component id="oc-ec">
         <name>.debug_line</name>
         <load_address>0x1468</load_address>
         <run_address>0x1468</run_address>
         <size>0x3a</size>
         <input_file_ref idref="fl-46"/>
      </object_component>
      <object_component id="oc-f0">
         <name>.debug_line</name>
         <load_address>0x14a2</load_address>
         <run_address>0x14a2</run_address>
         <size>0x3c</size>
         <input_file_ref idref="fl-47"/>
      </object_component>
      <object_component id="oc-f4">
         <name>.debug_line</name>
         <load_address>0x14de</load_address>
         <run_address>0x14de</run_address>
         <size>0x38</size>
         <input_file_ref idref="fl-48"/>
      </object_component>
      <object_component id="oc-f8">
         <name>.debug_line</name>
         <load_address>0x1516</load_address>
         <run_address>0x1516</run_address>
         <size>0xa8</size>
         <input_file_ref idref="fl-49"/>
      </object_component>
      <object_component id="oc-fc">
         <name>.debug_line</name>
         <load_address>0x15be</load_address>
         <run_address>0x15be</run_address>
         <size>0x40</size>
         <input_file_ref idref="fl-4a"/>
      </object_component>
      <object_component id="oc-100">
         <name>.debug_line</name>
         <load_address>0x15fe</load_address>
         <run_address>0x15fe</run_address>
         <size>0x3a</size>
         <input_file_ref idref="fl-4b"/>
      </object_component>
      <object_component id="oc-104">
         <name>.debug_line</name>
         <load_address>0x1638</load_address>
         <run_address>0x1638</run_address>
         <size>0x3c</size>
         <input_file_ref idref="fl-4c"/>
      </object_component>
      <object_component id="oc-108">
         <name>.debug_line</name>
         <load_address>0x1674</load_address>
         <run_address>0x1674</run_address>
         <size>0x44</size>
         <input_file_ref idref="fl-4d"/>
      </object_component>
      <object_component id="oc-10c">
         <name>.debug_line</name>
         <load_address>0x16b8</load_address>
         <run_address>0x16b8</run_address>
         <size>0x40</size>
         <input_file_ref idref="fl-4e"/>
      </object_component>
      <object_component id="oc-110">
         <name>.debug_line</name>
         <load_address>0x16f8</load_address>
         <run_address>0x16f8</run_address>
         <size>0x58</size>
         <input_file_ref idref="fl-4f"/>
      </object_component>
      <object_component id="oc-114">
         <name>.debug_line</name>
         <load_address>0x1750</load_address>
         <run_address>0x1750</run_address>
         <size>0x3c</size>
         <input_file_ref idref="fl-50"/>
      </object_component>
      <object_component id="oc-19">
         <name>.debug_abbrev</name>
         <load_address>0x0</load_address>
         <run_address>0x0</run_address>
         <size>0xf8</size>
         <input_file_ref idref="fl-2"/>
      </object_component>
      <object_component id="oc-21">
         <name>.debug_abbrev</name>
         <load_address>0xf8</load_address>
         <run_address>0xf8</run_address>
         <size>0x12b</size>
         <input_file_ref idref="fl-3"/>
      </object_component>
      <object_component id="oc-27">
         <name>.debug_abbrev</name>
         <load_address>0x223</load_address>
         <run_address>0x223</run_address>
         <size>0xc4</size>
         <input_file_ref idref="fl-4"/>
      </object_component>
      <object_component id="oc-2b">
         <name>.debug_abbrev</name>
         <load_address>0x2e7</load_address>
         <run_address>0x2e7</run_address>
         <size>0xd4</size>
         <input_file_ref idref="fl-1c"/>
      </object_component>
      <object_component id="oc-2f">
         <name>.debug_abbrev</name>
         <load_address>0x3bb</load_address>
         <run_address>0x3bb</run_address>
         <size>0x3a</size>
         <input_file_ref idref="fl-1d"/>
      </object_component>
      <object_component id="oc-36">
         <name>.debug_abbrev</name>
         <load_address>0x3f5</load_address>
         <run_address>0x3f5</run_address>
         <size>0xcc</size>
         <input_file_ref idref="fl-1e"/>
      </object_component>
      <object_component id="oc-3a">
         <name>.debug_abbrev</name>
         <load_address>0x4c1</load_address>
         <run_address>0x4c1</run_address>
         <size>0x112</size>
         <input_file_ref idref="fl-1f"/>
      </object_component>
      <object_component id="oc-41">
         <name>.debug_abbrev</name>
         <load_address>0x5d3</load_address>
         <run_address>0x5d3</run_address>
         <size>0xf7</size>
         <input_file_ref idref="fl-20"/>
      </object_component>
      <object_component id="oc-45">
         <name>.debug_abbrev</name>
         <load_address>0x6ca</load_address>
         <run_address>0x6ca</run_address>
         <size>0x10f</size>
         <input_file_ref idref="fl-21"/>
      </object_component>
      <object_component id="oc-49">
         <name>.debug_abbrev</name>
         <load_address>0x7d9</load_address>
         <run_address>0x7d9</run_address>
         <size>0x12d</size>
         <input_file_ref idref="fl-22"/>
      </object_component>
      <object_component id="oc-4d">
         <name>.debug_abbrev</name>
         <load_address>0x906</load_address>
         <run_address>0x906</run_address>
         <size>0x8f</size>
         <input_file_ref idref="fl-23"/>
      </object_component>
      <object_component id="oc-51">
         <name>.debug_abbrev</name>
         <load_address>0x995</load_address>
         <run_address>0x995</run_address>
         <size>0xb7</size>
         <input_file_ref idref="fl-24"/>
      </object_component>
      <object_component id="oc-55">
         <name>.debug_abbrev</name>
         <load_address>0xa4c</load_address>
         <run_address>0xa4c</run_address>
         <size>0x8f</size>
         <input_file_ref idref="fl-25"/>
      </object_component>
      <object_component id="oc-5a">
         <name>.debug_abbrev</name>
         <load_address>0xadb</load_address>
         <run_address>0xadb</run_address>
         <size>0xc2</size>
         <input_file_ref idref="fl-26"/>
      </object_component>
      <object_component id="oc-60">
         <name>.debug_abbrev</name>
         <load_address>0xb9d</load_address>
         <run_address>0xb9d</run_address>
         <size>0x199</size>
         <input_file_ref idref="fl-27"/>
      </object_component>
      <object_component id="oc-64">
         <name>.debug_abbrev</name>
         <load_address>0xd36</load_address>
         <run_address>0xd36</run_address>
         <size>0x11a</size>
         <input_file_ref idref="fl-28"/>
      </object_component>
      <object_component id="oc-68">
         <name>.debug_abbrev</name>
         <load_address>0xe50</load_address>
         <run_address>0xe50</run_address>
         <size>0xfa</size>
         <input_file_ref idref="fl-29"/>
      </object_component>
      <object_component id="oc-6d">
         <name>.debug_abbrev</name>
         <load_address>0xf4a</load_address>
         <run_address>0xf4a</run_address>
         <size>0x135</size>
         <input_file_ref idref="fl-2a"/>
      </object_component>
      <object_component id="oc-71">
         <name>.debug_abbrev</name>
         <load_address>0x107f</load_address>
         <run_address>0x107f</run_address>
         <size>0x9a</size>
         <input_file_ref idref="fl-2b"/>
      </object_component>
      <object_component id="oc-75">
         <name>.debug_abbrev</name>
         <load_address>0x1119</load_address>
         <run_address>0x1119</run_address>
         <size>0x38</size>
         <input_file_ref idref="fl-2c"/>
      </object_component>
      <object_component id="oc-7b">
         <name>.debug_abbrev</name>
         <load_address>0x1151</load_address>
         <run_address>0x1151</run_address>
         <size>0x21c</size>
         <input_file_ref idref="fl-2d"/>
      </object_component>
      <object_component id="oc-7f">
         <name>.debug_abbrev</name>
         <load_address>0x136d</load_address>
         <run_address>0x136d</run_address>
         <size>0x38</size>
         <input_file_ref idref="fl-2e"/>
      </object_component>
      <object_component id="oc-86">
         <name>.debug_abbrev</name>
         <load_address>0x13a5</load_address>
         <run_address>0x13a5</run_address>
         <size>0x1d5</size>
         <input_file_ref idref="fl-2f"/>
      </object_component>
      <object_component id="oc-8b">
         <name>.debug_abbrev</name>
         <load_address>0x157a</load_address>
         <run_address>0x157a</run_address>
         <size>0x98</size>
         <input_file_ref idref="fl-30"/>
      </object_component>
      <object_component id="oc-8f">
         <name>.debug_abbrev</name>
         <load_address>0x1612</load_address>
         <run_address>0x1612</run_address>
         <size>0xdc</size>
         <input_file_ref idref="fl-31"/>
      </object_component>
      <object_component id="oc-93">
         <name>.debug_abbrev</name>
         <load_address>0x16ee</load_address>
         <run_address>0x16ee</run_address>
         <size>0x81</size>
         <input_file_ref idref="fl-32"/>
      </object_component>
      <object_component id="oc-97">
         <name>.debug_abbrev</name>
         <load_address>0x176f</load_address>
         <run_address>0x176f</run_address>
         <size>0x13c</size>
         <input_file_ref idref="fl-33"/>
      </object_component>
      <object_component id="oc-9b">
         <name>.debug_abbrev</name>
         <load_address>0x18ab</load_address>
         <run_address>0x18ab</run_address>
         <size>0xb6</size>
         <input_file_ref idref="fl-34"/>
      </object_component>
      <object_component id="oc-a0">
         <name>.debug_abbrev</name>
         <load_address>0x1961</load_address>
         <run_address>0x1961</run_address>
         <size>0xaf</size>
         <input_file_ref idref="fl-35"/>
      </object_component>
      <object_component id="oc-a7">
         <name>.debug_abbrev</name>
         <load_address>0x1a10</load_address>
         <run_address>0x1a10</run_address>
         <size>0xcc</size>
         <input_file_ref idref="fl-36"/>
      </object_component>
      <object_component id="oc-ab">
         <name>.debug_abbrev</name>
         <load_address>0x1adc</load_address>
         <run_address>0x1adc</run_address>
         <size>0x8f</size>
         <input_file_ref idref="fl-37"/>
      </object_component>
      <object_component id="oc-b0">
         <name>.debug_abbrev</name>
         <load_address>0x1b6b</load_address>
         <run_address>0x1b6b</run_address>
         <size>0x151</size>
         <input_file_ref idref="fl-38"/>
      </object_component>
      <object_component id="oc-b6">
         <name>.debug_abbrev</name>
         <load_address>0x1cbc</load_address>
         <run_address>0x1cbc</run_address>
         <size>0xd5</size>
         <input_file_ref idref="fl-39"/>
      </object_component>
      <object_component id="oc-bb">
         <name>.debug_abbrev</name>
         <load_address>0x1d91</load_address>
         <run_address>0x1d91</run_address>
         <size>0xaf</size>
         <input_file_ref idref="fl-3a"/>
      </object_component>
      <object_component id="oc-bf">
         <name>.debug_abbrev</name>
         <load_address>0x1e40</load_address>
         <run_address>0x1e40</run_address>
         <size>0x26</size>
         <input_file_ref idref="fl-3b"/>
      </object_component>
      <object_component id="oc-c3">
         <name>.debug_abbrev</name>
         <load_address>0x1e66</load_address>
         <run_address>0x1e66</run_address>
         <size>0xd1</size>
         <input_file_ref idref="fl-3c"/>
      </object_component>
      <object_component id="oc-c9">
         <name>.debug_abbrev</name>
         <load_address>0x1f37</load_address>
         <run_address>0x1f37</run_address>
         <size>0x9f</size>
         <input_file_ref idref="fl-3d"/>
      </object_component>
      <object_component id="oc-cf">
         <name>.debug_abbrev</name>
         <load_address>0x1fd6</load_address>
         <run_address>0x1fd6</run_address>
         <size>0x1ef</size>
         <input_file_ref idref="fl-3e"/>
      </object_component>
      <object_component id="oc-d3">
         <name>.debug_abbrev</name>
         <load_address>0x21c5</load_address>
         <run_address>0x21c5</run_address>
         <size>0xec</size>
         <input_file_ref idref="fl-3f"/>
      </object_component>
      <object_component id="oc-d7">
         <name>.debug_abbrev</name>
         <load_address>0x22b1</load_address>
         <run_address>0x22b1</run_address>
         <size>0xcc</size>
         <input_file_ref idref="fl-40"/>
      </object_component>
      <object_component id="oc-db">
         <name>.debug_abbrev</name>
         <load_address>0x237d</load_address>
         <run_address>0x237d</run_address>
         <size>0x44</size>
         <input_file_ref idref="fl-41"/>
      </object_component>
      <object_component id="oc-df">
         <name>.debug_abbrev</name>
         <load_address>0x23c1</load_address>
         <run_address>0x23c1</run_address>
         <size>0xb7</size>
         <input_file_ref idref="fl-42"/>
      </object_component>
      <object_component id="oc-e1">
         <name>.debug_abbrev</name>
         <load_address>0x2478</load_address>
         <run_address>0x2478</run_address>
         <size>0x5f</size>
         <input_file_ref idref="fl-43"/>
      </object_component>
      <object_component id="oc-e5">
         <name>.debug_abbrev</name>
         <load_address>0x24d7</load_address>
         <run_address>0x24d7</run_address>
         <size>0x83</size>
         <input_file_ref idref="fl-44"/>
      </object_component>
      <object_component id="oc-e9">
         <name>.debug_abbrev</name>
         <load_address>0x255a</load_address>
         <run_address>0x255a</run_address>
         <size>0xb5</size>
         <input_file_ref idref="fl-45"/>
      </object_component>
      <object_component id="oc-ed">
         <name>.debug_abbrev</name>
         <load_address>0x260f</load_address>
         <run_address>0x260f</run_address>
         <size>0x81</size>
         <input_file_ref idref="fl-46"/>
      </object_component>
      <object_component id="oc-f1">
         <name>.debug_abbrev</name>
         <load_address>0x2690</load_address>
         <run_address>0x2690</run_address>
         <size>0xd1</size>
         <input_file_ref idref="fl-47"/>
      </object_component>
      <object_component id="oc-f5">
         <name>.debug_abbrev</name>
         <load_address>0x2761</load_address>
         <run_address>0x2761</run_address>
         <size>0xd0</size>
         <input_file_ref idref="fl-48"/>
      </object_component>
      <object_component id="oc-f9">
         <name>.debug_abbrev</name>
         <load_address>0x2831</load_address>
         <run_address>0x2831</run_address>
         <size>0xb7</size>
         <input_file_ref idref="fl-49"/>
      </object_component>
      <object_component id="oc-fd">
         <name>.debug_abbrev</name>
         <load_address>0x28e8</load_address>
         <run_address>0x28e8</run_address>
         <size>0xe3</size>
         <input_file_ref idref="fl-4a"/>
      </object_component>
      <object_component id="oc-101">
         <name>.debug_abbrev</name>
         <load_address>0x29cb</load_address>
         <run_address>0x29cb</run_address>
         <size>0xae</size>
         <input_file_ref idref="fl-4b"/>
      </object_component>
      <object_component id="oc-105">
         <name>.debug_abbrev</name>
         <load_address>0x2a79</load_address>
         <run_address>0x2a79</run_address>
         <size>0xa6</size>
         <input_file_ref idref="fl-4c"/>
      </object_component>
      <object_component id="oc-109">
         <name>.debug_abbrev</name>
         <load_address>0x2b1f</load_address>
         <run_address>0x2b1f</run_address>
         <size>0xb5</size>
         <input_file_ref idref="fl-4d"/>
      </object_component>
      <object_component id="oc-10d">
         <name>.debug_abbrev</name>
         <load_address>0x2bd4</load_address>
         <run_address>0x2bd4</run_address>
         <size>0x10b</size>
         <input_file_ref idref="fl-4e"/>
      </object_component>
      <object_component id="oc-111">
         <name>.debug_abbrev</name>
         <load_address>0x2cdf</load_address>
         <run_address>0x2cdf</run_address>
         <size>0x38</size>
         <input_file_ref idref="fl-4f"/>
      </object_component>
      <object_component id="oc-115">
         <name>.debug_abbrev</name>
         <load_address>0x2d17</load_address>
         <run_address>0x2d17</run_address>
         <size>0xa6</size>
         <input_file_ref idref="fl-50"/>
      </object_component>
      <object_component id="oc-136">
         <name>.debug_abbrev</name>
         <load_address>0x2dbd</load_address>
         <run_address>0x2dbd</run_address>
         <size>0xd</size>
      </object_component>
   </object_component_list>
   <logical_group_list>
      <logical_group id="lg-2">
         <name>.text</name>
         <load_address>0x300</load_address>
[...]
      <symbol id="sm-d">
         <name>__SYSSTACK_SIZE</name>
         <value>0x1000</value>
      </symbol>
      <symbol id="sm-e">
         <name>.text</name>
         <value>0x300</value>
      </symbol>
      <symbol id="sm-f">
         <name>___text__</name>
         <value>0x300</value>
      </symbol>
      <symbol id="sm-10">
         <name>etext</name>
         <value>0x459e</value>
      </symbol>
      <symbol id="sm-11">
         <name>___etext__</name>
         <value>0x459e</value>
      </symbol>
      <symbol id="sm-12">
         <name>.data</name>
         <value>0x300</value>
      </symbol>
      <symbol id="sm-13">
         <name>___data__</name>
         <value>0x300</value>
      </symbol>
      <symbol id="sm-14">
         <name>edata</name>
         <value>0x300</value>
      </symbol>
      <symbol id="sm-15">
         <name>___edata__</name>
         <value>0x300</value>
      </symbol>
      <symbol id="sm-16">
         <name>.bss</name>
         <value>0x95a0</value>
      </symbol>
      <symbol id="sm-17">
         <name>___bss__</name>
         <value>0x95a0</value>
      </symbol>
      <symbol id="sm-18">
         <name>end</name>
         <value>0x9f70</value>
      </symbol>
      <symbol id="sm-19">
         <name>___end__</name>
         <value>0x9f70</value>
      </symbol>
      <symbol id="sm-5e">
         <name>_float_dft_128</name>
         <value>0x2f25</value>
         <object_component_ref idref="oc-14"/>
      </symbol>
      <symbol id="sm-7c">
         <name>_main</name>
         <value>0x3769</value>
         <object_component_ref idref="oc-1a"/>
      </symbol>
      <symbol id="sm-7d">
         <name>_spectrum</name>
         <value>0x9aa0</value>
         <object_component_ref idref="oc-1b"/>
      </symbol>
      <symbol id="sm-7e">
         <name>_xin</name>
         <value>0x96a0</value>
         <object_component_ref idref="oc-1b"/>
      </symbol>
      <symbol id="sm-7f">
         <name>_xout</name>
         <value>0x98a0</value>
         <object_component_ref idref="oc-1b"/>
      </symbol>
      <symbol id="sm-80">
         <name>_input</name>
         <value>0x95a0</value>
         <object_component_ref idref="oc-1b"/>
      </symbol>
      <symbol id="sm-92">
         <name>_float_mag_128</name>
         <value>0x3ba1</value>
         <object_component_ref idref="oc-22"/>
      </symbol>
      <symbol id="sm-9c">
         <name>__addd</name>
         <value>0x2649</value>
         <object_component_ref idref="oc-28"/>
      </symbol>
      <symbol id="sm-a8">
         <name>__sysstack</name>
         <value>0x85a0</value>
         <object_component_ref idref="oc-116"/>
      </symbol>
      <symbol id="sm-a9">
         <name>_c_int00</name>
         <value>0x4243</value>
         <object_component_ref idref="oc-12"/>
      </symbol>
      <symbol id="sm-aa">
         <name>__stack</name>
         <value>0x45a0</value>
         <object_component_ref idref="oc-2c"/>
      </symbol>
      <symbol id="sm-bb">
         <name>_cos</name>
         <value>0x2d29</value>
         <object_component_ref idref="oc-30"/>
      </symbol>
      <symbol id="sm-c7">
         <name>__divd</name>
         <value>0x1f01</value>
         <object_component_ref idref="oc-37"/>
      </symbol>
      <symbol id="sm-d7">
         <name>C$$EXIT</name>
         <value>0x4595</value>
         <object_component_ref idref="oc-3f"/>
      </symbol>
      <symbol id="sm-d8">
         <name>_exit</name>
         <value>0x4472</value>
         <object_component_ref idref="oc-3b"/>
      </symbol>
      <symbol id="sm-d9">
         <name>_abort</name>
         <value>0x4594</value>
         <object_component_ref idref="oc-3f"/>
      </symbol>
      <symbol id="sm-da">
         <name>__cleanup_ptr</name>
         <value>0x9f60</value>
         <object_component_ref idref="oc-3c"/>
      </symbol>
      <symbol id="sm-db">
         <name>__dtors_ptr</name>
         <value>0x9f64</value>
         <object_component_ref idref="oc-3c"/>
      </symbol>
      <symbol id="sm-e5">
         <name>_fclose</name>
         <value>0x4073</value>
         <object_component_ref idref="oc-42"/>
      </symbol>
      <symbol id="sm-ef">
         <name>__doflush</name>
         <value>0x3a4f</value>
         <object_component_ref idref="oc-46"/>
      </symbol>
      <symbol id="sm-f0">
         <name>_fflush</name>
         <value>0x3aa8</value>
         <object_component_ref idref="oc-46"/>
      </symbol>
      <symbol id="sm-fa">
         <name>__fixdi</name>
         <value>0x44aa</value>
         <object_component_ref idref="oc-4a"/>
      </symbol>
      <symbol id="sm-104">
         <name>__fixdli</name>
         <value>0x3f37</value>
         <object_component_ref idref="oc-4e"/>
      </symbol>
      <symbol id="sm-10e">
         <name>__fltid</name>
         <value>0x457e</value>
         <object_component_ref idref="oc-52"/>
      </symbol>
      <symbol id="sm-11a">
         <name>__fltlid</name>
         <value>0x4011</value>
         <object_component_ref idref="oc-56"/>
      </symbol>
      <symbol id="sm-129">
         <name>__cleanup</name>
         <value>0x2c16</value>
         <object_component_ref idref="oc-5b"/>
      </symbol>
      <symbol id="sm-12a">
         <name>_fopen</name>
         <value>0x2cfd</value>
         <object_component_ref idref="oc-5b"/>
      </symbol>
      <symbol id="sm-12b">
         <name>_freopen</name>
         <value>0x2c64</value>
         <object_component_ref idref="oc-5b"/>
      </symbol>
      <symbol id="sm-135">
         <name>_fprintf</name>
         <value>0x436d</value>
         <object_component_ref idref="oc-61"/>
      </symbol>
      <symbol id="sm-13f">
         <name>_putchar</name>
         <value>0x3d5c</value>
         <object_component_ref idref="oc-65"/>
      </symbol>
      <symbol id="sm-140">
         <name>_putc</name>
         <value>0x3ce4</value>
         <object_component_ref idref="oc-65"/>
      </symbol>
      <symbol id="sm-141">
         <name>_fputc</name>
         <value>0x3ce4</value>
         <object_component_ref idref="oc-65"/>
      </symbol>
      <symbol id="sm-14f">
         <name>_puts</name>
         <value>0x3747</value>
         <object_component_ref idref="oc-69"/>
      </symbol>
      <symbol id="sm-150">
         <name>_fputs</name>
         <value>0x363f</value>
         <object_component_ref idref="oc-69"/>
      </symbol>
      <symbol id="sm-15a">
         <name>__frcmpyd_div</name>
         <value>0x3ddf</value>
         <object_component_ref idref="oc-6e"/>
      </symbol>
      <symbol id="sm-162">
         <name>__mpyli</name>
         <value>0x454b</value>
         <object_component_ref idref="oc-72"/>
      </symbol>
      <symbol id="sm-163">
         <name>I$$LMPY</name>
         <value>0x454b</value>
         <object_component_ref idref="oc-72"/>
      </symbol>
      <symbol id="sm-175">
         <name>_add_device</name>
         <value>0x19c6</value>
         <object_component_ref idref="oc-76"/>
      </symbol>
      <symbol id="sm-176">
         <name>_rename</name>
         <value>0x176d</value>
         <object_component_ref idref="oc-76"/>
      </symbol>
      <symbol id="sm-177">
         <name>_read</name>
         <value>0x17e4</value>
         <object_component_ref idref="oc-76"/>
      </symbol>
      <symbol id="sm-178">
         <name>_unlink</name>
         <value>0x173f</value>
         <object_component_ref idref="oc-76"/>
      </symbol>
      <symbol id="sm-179">
         <name>_remove_device</name>
         <value>0x17b7</value>
         <object_component_ref idref="oc-76"/>
      </symbol>
      <symbol id="sm-17a">
         <name>_open</name>
         <value>0x1875</value>
         <object_component_ref idref="oc-76"/>
      </symbol>
      <symbol id="sm-17b">
         <name>_find_registered_device</name>
         <value>0x1960</value>
         <object_component_ref idref="oc-76"/>
      </symbol>
      <symbol id="sm-17c">
         <name>_lseek</name>
         <value>0x1909</value>
         <object_component_ref idref="oc-76"/>
      </symbol>
      <symbol id="sm-17d">
         <name>_close</name>
         <value>0x1969</value>
         <object_component_ref idref="oc-76"/>
      </symbol>
      <symbol id="sm-17e">
         <name>_write</name>
         <value>0x1630</value>
         <object_component_ref idref="oc-76"/>
      </symbol>
      <symbol id="sm-186">
         <name>_memcpy</name>
         <value>0x43f4</value>
         <object_component_ref idref="oc-7c"/>
      </symbol>
      <symbol id="sm-196">
         <name>__sys_memory</name>
         <value>0x65a0</value>
         <object_component_ref idref="oc-84"/>
      </symbol>
      <symbol id="sm-197">
         <name>_chkheap</name>
         <value>0x2623</value>
         <object_component_ref idref="oc-80"/>
      </symbol>
      <symbol id="sm-198">
         <name>_realloc</name>
         <value>0x2450</value>
         <object_component_ref idref="oc-80"/>
      </symbol>
      <symbol id="sm-199">
         <name>_free_memory</name>
         <value>0x25dd</value>
         <object_component_ref idref="oc-80"/>
      </symbol>
      <symbol id="sm-19a">
         <name>_max_free</name>
         <value>0x2594</value>
         <object_component_ref idref="oc-80"/>
      </symbol>
      <symbol id="sm-19b">
         <name>_free</name>
         <value>0x22c9</value>
         <object_component_ref idref="oc-80"/>
      </symbol>
      <symbol id="sm-19c">
         <name>_calloc</name>
         <value>0x2627</value>
         <object_component_ref idref="oc-80"/>
      </symbol>
      <symbol id="sm-19d">
         <name>_malloc</name>
         <value>0x23a4</value>
         <object_component_ref idref="oc-80"/>
      </symbol>
      <symbol id="sm-19e">
         <name>_minit</name>
         <value>0x2358</value>
         <object_component_ref idref="oc-80"/>
      </symbol>
      <symbol id="sm-1aa">
         <name>_modf</name>
         <value>0x3835</value>
         <object_component_ref idref="oc-87"/>
      </symbol>
      <symbol id="sm-1b4">
         <name>__mpyd</name>
         <value>0x34e7</value>
         <object_component_ref idref="oc-8c"/>
      </symbol>
      <symbol id="sm-1be">
         <name>__negd</name>
         <value>0x456e</value>
         <object_component_ref idref="oc-90"/>
      </symbol>
      <symbol id="sm-1c8">
         <name>_printf</name>
         <value>0x428f</value>
         <object_component_ref idref="oc-94"/>
      </symbol>
      <symbol id="sm-1d2">
         <name>_remove</name>
         <value>0x458a</value>
         <object_component_ref idref="oc-98"/>
      </symbol>
      <symbol id="sm-1de">
         <name>__nround</name>
         <value>0x4191</value>
         <object_component_ref idref="oc-9c"/>
      </symbol>
      <symbol id="sm-1ef">
         <name>_sin</name>
         <value>0x3309</value>
         <object_component_ref idref="oc-a1"/>
      </symbol>
      <symbol id="sm-1f9">
         <name>__subd</name>
         <value>0x4537</value>
         <object_component_ref idref="oc-a8"/>
      </symbol>
      <symbol id="sm-205">
         <name>_HOSTopen</name>
         <value>0x1d31</value>
         <object_component_ref idref="oc-ac"/>
      </symbol>
      <symbol id="sm-206">
         <name>_HOSTread</name>
         <value>0x1cb7</value>
         <object_component_ref idref="oc-ac"/>
      </symbol>
      <symbol id="sm-207">
         <name>_HOSTtime</name>
         <value>0x1bcf</value>
         <object_component_ref idref="oc-ac"/>
      </symbol>
      <symbol id="sm-208">
         <name>_getenv</name>
         <value>0x1a9c</value>
         <object_component_ref idref="oc-ac"/>
      </symbol>
      <symbol id="sm-209">
         <name>_HOSTrename</name>
         <value>0x1c1e</value>
         <object_component_ref idref="oc-ac"/>
      </symbol>
      <symbol id="sm-20a">
         <name>_HOSTclock</name>
         <value>0x1eb2</value>
         <object_component_ref idref="oc-ac"/>
      </symbol>
      <symbol id="sm-20b">
         <name>_HOSTwrite</name>
         <value>0x1afe</value>
         <object_component_ref idref="oc-ac"/>
      </symbol>
      <symbol id="sm-20c">
         <name>_HOSTlseek</name>
         <value>0x1db8</value>
         <object_component_ref idref="oc-ac"/>
      </symbol>
      <symbol id="sm-20d">
         <name>_HOSTunlink</name>
         <value>0x1b78</value>
         <object_component_ref idref="oc-ac"/>
      </symbol>
      <symbol id="sm-20e">
         <name>_HOSTclose</name>
         <value>0x1e5b</value>
         <object_component_ref idref="oc-ac"/>
      </symbol>
      <symbol id="sm-220">
         <name>C$$IO$$</name>
         <value>0x3b9c</value>
         <object_component_ref idref="oc-b4"/>
      </symbol>
      <symbol id="sm-221">
         <name>__CIOBUF_</name>
         <value>0xa340</value>
         <object_component_ref idref="oc-b3"/>
      </symbol>
      <symbol id="sm-222">
         <name>_readmsg</name>
         <value>0x40d4</value>
         <object_component_ref idref="oc-b1"/>
      </symbol>
      <symbol id="sm-223">
         <name>_writemsg</name>
         <value>0x3af9</value>
         <object_component_ref idref="oc-b4"/>
      </symbol>
      <symbol id="sm-22f">
         <name>__trunc</name>
         <value>0x4433</value>
         <object_component_ref idref="oc-b7"/>
      </symbol>
      <symbol id="sm-239">
         <name>_Reset</name>
         <value>0xfe00</value>
         <object_component_ref idref="oc-13"/>
      </symbol>
      <symbol id="sm-243">
         <name>__rd_ok</name>
         <value>0x3954</value>
         <object_component_ref idref="oc-c0"/>
      </symbol>
      <symbol id="sm-244">
         <name>__wrt_ok</name>
         <value>0x38ee</value>
         <object_component_ref idref="oc-c0"/>
      </symbol>
      <symbol id="sm-252">
         <name>__unlock</name>
         <value>0x9f5c</value>
         <object_component_ref idref="oc-c5"/>
      </symbol>
      <symbol id="sm-253">
         <name>__lock</name>
         <value>0x9f58</value>
         <object_component_ref idref="oc-c5"/>
      </symbol>
      <symbol id="sm-254">
         <name>__register_lock</name>
         <value>0x4565</value>
         <object_component_ref idref="oc-c4"/>
      </symbol>
      <symbol id="sm-255">
         <name>__nop</name>
         <value>0x456c</value>
         <object_component_ref idref="oc-c4"/>
      </symbol>
      <symbol id="sm-256">
         <name>__register_unlock</name>
         <value>0x455e</value>
         <object_component_ref idref="oc-c4"/>
      </symbol>
      <symbol id="sm-268">
         <name>__printfi</name>
         <value>0x145c</value>
         <object_component_ref idref="oc-ca"/>
      </symbol>
      <symbol id="sm-272">
         <name>__args_main</name>
         <value>0x43b4</value>
         <object_component_ref idref="oc-d0"/>
      </symbol>
      <symbol id="sm-273">
         <name>__TI_args_main</name>
         <value>0x1</value>
      </symbol>
      <symbol id="sm-27d">
         <name>_atoi</name>
         <value>0x4135</value>
         <object_component_ref idref="oc-d4"/>
      </symbol>
      <symbol id="sm-285">
         <name>_auto_init</name>
         <value>0x3fa6</value>
         <object_component_ref idref="oc-d8"/>
      </symbol>
      <symbol id="sm-28f">
         <name>__eqld</name>
         <value>0x327d</value>
         <object_component_ref idref="oc-dc"/>
      </symbol>
      <symbol id="sm-290">
         <name>__cmpd</name>
         <value>0x32b1</value>
         <object_component_ref idref="oc-dc"/>
      </symbol>
      <symbol id="sm-291">
         <name>__neqd</name>
         <value>0x311f</value>
         <object_component_ref idref="oc-dc"/>
      </symbol>
      <symbol id="sm-292">
         <name>__gtrd</name>
         <value>0x31e8</value>
         <object_component_ref idref="oc-dc"/>
      </symbol>
      <symbol id="sm-293">
         <name>__geqd</name>
         <value>0x3233</value>
         <object_component_ref idref="oc-dc"/>
      </symbol>
      <symbol id="sm-294">
         <name>__leqd</name>
         <value>0x319b</value>
         <object_component_ref idref="oc-dc"/>
      </symbol>
      <symbol id="sm-295">
         <name>__lssd</name>
         <value>0x3153</value>
         <object_component_ref idref="oc-dc"/>
      </symbol>
      <symbol id="sm-29d">
         <name>__ctypes_</name>
         <value>0x9f80</value>
         <object_component_ref idref="oc-118"/>
      </symbol>
      <symbol id="sm-2a7">
         <name>__tmpnams</name>
         <value>0x9b98</value>
         <object_component_ref idref="oc-e2"/>
      </symbol>
      <symbol id="sm-2a8">
         <name>__ft_end</name>
         <value>0x9cd8</value>
         <object_component_ref idref="oc-e2"/>
      </symbol>
      <symbol id="sm-2a9">
         <name>__ftable</name>
         <value>0x9b20</value>
         <object_component_ref idref="oc-e2"/>
      </symbol>
      <symbol id="sm-2b4">
         <name>__divul</name>
         <value>0x3c43</value>
         <object_component_ref idref="oc-e6"/>
      </symbol>
      <symbol id="sm-2be">
         <name>__frcmpyd</name>
         <value>0x3d69</value>
         <object_component_ref idref="oc-ea"/>
      </symbol>
      <symbol id="sm-2c8">
         <name>_fseek</name>
         <value>0x41eb</value>
         <object_component_ref idref="oc-ee"/>
      </symbol>
      <symbol id="sm-2d2">
         <name>___isinf</name>
         <value>0x451d</value>
         <object_component_ref idref="oc-f2"/>
      </symbol>
      <symbol id="sm-2dc">
         <name>__divull</name>
         <value>0x29de</value>
         <object_component_ref idref="oc-f6"/>
      </symbol>
      <symbol id="sm-2dd">
         <name>__mpylli</name>
         <value>0x2926</value>
         <object_component_ref idref="oc-f6"/>
      </symbol>
      <symbol id="sm-2de">
         <name>__remlli</name>
         <value>0x28f7</value>
         <object_component_ref idref="oc-f6"/>
      </symbol>
      <symbol id="sm-2df">
         <name>__divlli</name>
         <value>0x2ad2</value>
         <object_component_ref idref="oc-f6"/>
      </symbol>
      <symbol id="sm-2e0">
         <name>__remull</name>
         <value>0x28a9</value>
         <object_component_ref idref="oc-f6"/>
      </symbol>
      <symbol id="sm-2ea">
         <name>_ltoa</name>
         <value>0x3e52</value>
         <object_component_ref idref="oc-fa"/>
      </symbol>
      <symbol id="sm-2f5">
         <name>_memccpy</name>
         <value>0x44fe</value>
         <object_component_ref idref="oc-fe"/>
      </symbol>
      <symbol id="sm-2ff">
         <name>__remli</name>
         <value>0x42da</value>
         <object_component_ref idref="oc-102"/>
      </symbol>
      <symbol id="sm-30a">
         <name>__remul</name>
         <value>0x3ec5</value>
         <object_component_ref idref="oc-106"/>
      </symbol>
      <symbol id="sm-314">
         <name>_setvbuf</name>
         <value>0x39a2</value>
         <object_component_ref idref="oc-10a"/>
      </symbol>
      <symbol id="sm-31c">
         <name>__remu</name>
         <value>0x44e9</value>
         <object_component_ref idref="oc-10e"/>
      </symbol>
      <symbol id="sm-31d">
         <name>__divu</name>
         <value>0x44d4</value>
         <object_component_ref idref="oc-10e"/>
      </symbol>
      <symbol id="sm-31e">
         <name>I$$UMOD</name>
         <value>0x44e9</value>
         <object_component_ref idref="oc-10e"/>
      </symbol>
      <symbol id="sm-31f">
         <name>I$$UDIV</name>
         <value>0x44d4</value>
         <object_component_ref idref="oc-10e"/>
      </symbol>
      <symbol id="sm-329">
         <name>__divli</name>
         <value>0x4325</value>
         <object_component_ref idref="oc-112"/>
      </symbol>
   </symbol_table>
</link_info>
