******************************************************************************
              TMS320C55x Linker Unix v4.4.1                    
******************************************************************************
>> Linked Sat Nov  1 09:33:46 2025

OUTPUT FILE NAME:   <floatingPointDft.out>
ENTRY POINT SYMBOL: "_c_int00"  address: 00004243


MEMORY CONFIGURATION

         name            origin    length      used     unused   attr    fill
                        (bytes)   (bytes)    (bytes)   (bytes)
----------------------  --------  ---------  --------  --------  ----  --------
PAGE 0:
  MMR                   00000000   000000c0  00000000  000000c0  RWIX
  BTRSVD                000000c0   00000240  00000000  00000240  RWIX
  DARAM                 00000300   0000fb00  0000a458  000056a8  RWIX
  VECS                  0000fe00   00000200  00000100  00000100  RWIX
  CE0                   00010000   003f0000  00000000  003f0000  RWIX
  CE1                   00400000   00400000  00000000  00400000  RWIX
  CE2                   00800000   00400000  00000000  00400000  RWIX
  CE3                   00c00000   003f8000  00000000  003f8000  RWIX
  PDROM                 00ff8000   00008000  00000000  00008000  R IX

PAGE 2:
  IOPORT                00000000   00020000  00000000  00020000  RWI 


SECTION ALLOCATION MAP
(Addresses surrounded by []'s are displayed for convenience only!)

output                                                          attributes/
section   page  orgn(bytes) orgn(words) len(bytes) len(words)   input sections
--------  ----  ----------- ----------- ---------- ----------   --------------
.text        0     00000300  [ 00000180 ] 0000429e          *   
                   00000300  [ 00000180 ] 00001330          *   rts55.lib : _printfi.obj (.text)
                   00001630  [ 00000b18 ] 0000046c          *             : lowlev.obj (.text)
                   00001a9c  [ 00000d4e ] 00000465          *             : trgdrv.obj (.text)
                   00001f01  [ 00000f80+] 000003c8          *             : divd.obj (.text)
                   000022c9  [ 00001164+] 00000380          *             : memory.obj (.text)
                   00002649  [ 00001324+] 00000260          *             : addd.obj (.text)
                   000028a9  [ 00001454+] 0000025e          *             : llmpy.obj (.text)
                   00002b07  [ 00001583+] 00000222          *             : fopen.obj (.text)
                   00002d29  [ 00001694+] 000001fc          *             : cos.obj (.text)
                   00002f25  [ 00001792+] 000001fa          *   float_dft128.obj (.text)
                   0000311f  [ 0000188f+] 000001ea          *   rts55.lib : cmpd.obj (.text)
                   00003309  [ 00001984+] 000001de          *             : sin.obj (.text)
                   000034e7  [ 00001a73+] 00000158          *             : mpyd.obj (.text)
                   0000363f  [ 00001b1f+] 0000012a          *             : fputs.obj (.text)
                   00003769  [ 00001bb4+] 000000cc          *   float_dft128Test.obj (.text)
                   00003835  [ 00001c1a+] 000000b9          *   rts55.lib : modf.obj (.text)
                   000038ee  [ 00001c77 ] 000000b4          *             : _io_perm.obj (.text)
                   000039a2  [ 00001cd1 ] 000000ad          *             : setvbuf.obj (.text)
                   00003a4f  [ 00001d27+] 000000aa          *             : fflush.obj (.text)
                   00003af9  [ 00001d7c+] 000000a8          *             : trgmsg.obj (.text:CIO_breakpoint)
                   00003ba1  [ 00001dd0+] 000000a2          *   float_mag128.obj (.text)
                   00003c43  [ 00001e21+] 000000a1          *   rts55.lib : divul.obj (.text)
                   00003ce4  [ 00001e72 ] 00000085          *             : fputc.obj (.text)
                   00003d69  [ 00001eb4+] 00000076          *             : frcmpyd.obj (.text)
                   00003ddf  [ 00001eef+] 00000073          *             : frcmpyd_div.obj (.text)
                   00003e52  [ 00001f29 ] 00000073          *             : ltoa.obj (.text)
                   00003ec5  [ 00001f62+] 00000072          *             : remul.obj (.text)
                   00003f37  [ 00001f9b+] 0000006f          *             : fixdli.obj (.text)
                   00003fa6  [ 00001fd3 ] 0000006b          *             : autoinit.obj (.text)
                   00004011  [ 00002008+] 00000062          *             : fltlid.obj (.text)
                   00004073  [ 00002039+] 00000061          *             : fclose.obj (.text)
                   000040d4  [ 0000206a ] 00000061          *             : trgmsg.obj (.text)
                   00004135  [ 0000209a+] 0000005c          *             : atoi.obj (.text)
                   00004191  [ 000020c8+] 0000005a          *             : round.obj (.text)
                   000041eb  [ 000020f5+] 00000058          *             : fseek.obj (.text)
                   00004243  [ 00002121+] 0000004c          *             : boot.obj (.text)
                   0000428f  [ 00002147+] 0000004b          *             : printf.obj (.text)
                   000042da  [ 0000216d ] 0000004b          *             : remli.obj (.text)
                   00004325  [ 00002192+] 00000048          *             : divli.obj (.text)
                   0000436d  [ 000021b6+] 00000047          *             : fprintf.obj (.text)
                   000043b4  [ 000021da ] 00000040          *             : args_main.obj (.text)
                   000043f4  [ 000021fa ] 0000003f          *             : memcpy.obj (.text)
                   00004433  [ 00002219+] 0000003f          *             : trunc.obj (.text)
                   00004472  [ 00002239 ] 00000038          *             : exit.obj (.text)
                   000044aa  [ 00002255 ] 0000002a          *             : fixdi.obj (.text)
                   000044d4  [ 0000226a ] 0000002a          *             : udiv.obj (.text)
                   000044fe  [ 0000227f ] 0000001f          *             : memccpy.obj (.text)
                   0000451d  [ 0000228e+] 0000001a          *             : isinf.obj (.text)
                   00004537  [ 0000229b+] 00000014          *             : subd.obj (.text)
                   0000454b  [ 000022a5+] 00000013          *             : lmpy.obj (.text)
                   0000455e  [ 000022af ] 00000010          *             : _lock.obj (.text)
                   0000456e  [ 000022b7 ] 00000010          *             : negd.obj (.text)
                   0000457e  [ 000022bf ] 0000000c          *             : fltid.obj (.text)
                   0000458a  [ 000022c5 ] 0000000a          *             : remove.obj (.text)
                   00004594  [ 000022ca ] 00000007          *             : exit.obj (.text:CIO_breakpoint)
                   0000459b  [ 000022cd+] 00000002          *             : vectors.obj (.text)
                   0000459d  [ 000022ce ] 00000001          *   --HOLE-- [fill = 20]

.data        0   [ 00000300 ]  00000180          *   00000000   

.pinit       0   [ 00000300 ]  00000180          *   00000000   

.stack       0   [ 000045a0 ]  000022d0          *   00001000   
                 [ 000045a0 ]  000022d0          *   00001000   --HOLE-- [fill = 00]

.sysmem      0   [ 000065a0 ]  000032d0          *   00001000   UNINITIALIZED
                 [ 000065a0 ]  000032d0          *   00001000   --HOLE--

.sysstack 
*            0   [ 000085a0 ]  000042d0          *   00000800   
                 [ 000085a0 ]  000042d0          *   00000800   --HOLE-- [fill = 00]

.bss         0   [ 000095a0 ]  00004ad0          *   000004e8   
                 [ 000095a0 ]  00004ad0          *   000002c0   float_dft128Test.obj (.bss) [fill = 00]
                 [ 00009b20 ]  00004d90          *   000000dd   rts55.lib : defs.obj (.bss) [fill = 00]
                 [ 00009cda ]  00004e6d          *   000000d0             : trgdrv.obj (.bss) [fill = 00]
                 [ 00009e7a ]  00004f3d          *   00000001             : fopen.obj (.bss) [fill = 00]
                 [ 00009e7c ]  00004f3e          *   0000005d             : lowlev.obj (.bss) [fill = 00]
                 [ 00009f36 ]  00004f9b          *   00000001   --HOLE-- [fill = 00]
                 [ 00009f38 ]  00004f9c          *   00000008             : cos.obj (.bss) [fill = 00]
                 [ 00009f48 ]  00004fa4          *   00000008             : sin.obj (.bss) [fill = 00]
                 [ 00009f58 ]  00004fac          *   00000004             : _lock.obj (.bss) [fill = 00]
                 [ 00009f60 ]  00004fb0          *   00000004             : exit.obj (.bss) [fill = 00]
                 [ 00009f68 ]  00004fb4          *   00000004             : memory.obj (.bss) [fill = 00]

.const       0   [ 00009f80 ]  00004fc0          *   000001de   
                 [ 00009f80 ]  00004fc0          *   00000101   rts55.lib : ctype.obj (.const:__ctypes_)
                 [ 0000a182 ]  000050c1          *   00000057   float_dft128Test.obj (.const:.string)
                 [ 0000a230 ]  00005118          *   00000023   rts55.lib : _printfi.obj (.const:.string)
                 [ 0000a276 ]  0000513b          *   00000001   --HOLE-- [fill = 00]
                 [ 0000a278 ]  0000513c          *   00000016             : cos.obj (.const)
                 [ 0000a2a4 ]  00005152          *   00000014             : sin.obj (.const)
                 [ 0000a2cc ]  00005166          *   0000000c             : _printfi.obj (.const)
                 [ 0000a2e4 ]  00005172          *   0000000a   float_dft128.obj (.const)
                 [ 0000a2f8 ]  0000517c          *   00000008   rts55.lib : divd.obj (.const:_initial_approx$1)
                 [ 0000a308 ]  00005184          *   00000008             : round.obj (.const)
                 [ 0000a318 ]  0000518c          *   00000006             : modf.obj (.const)
                 [ 0000a324 ]  00005192          *   00000004   float_mag128.obj (.const)
                 [ 0000a32c ]  00005196          *   00000004   rts55.lib : trunc.obj (.const)
                 [ 0000a334 ]  0000519a          *   00000002             : fputs.obj (.const:.string)
                 [ 0000a338 ]  0000519c          *   00000002             : fltlid.obj (.const)

.cio         0   [ 0000a340 ]  000051a0          *   00000120   
                 [ 0000a340 ]  000051a0          *   00000120   rts55.lib : trgmsg.obj (.cio) [fill = 00]

.cinit       0   [ 0000a580 ]  000052c0          *   000000f7   
                 [ 0000a580 ]  000052c0          *   00000083   float_dft128Test.obj (.cinit)
                 [ 0000a686 ]  00005343          *   00000028   rts55.lib : lowlev.obj (.cinit)
                 [ 0000a6d6 ]  0000536b          *   00000019             : defs.obj (.cinit)
                 [ 0000a708 ]  00005384          *   0000000b             : cos.obj (.cinit)
                 [ 0000a71e ]  0000538f          *   0000000b             : sin.obj (.cinit)
                 [ 0000a734 ]  0000539a          *   0000000a             : _lock.obj (.cinit)
                 [ 0000a748 ]  000053a4          *   0000000a             : exit.obj (.cinit)
                 [ 0000a75c ]  000053ae          *   00000004             : fopen.obj (.cinit)
                 [ 0000a764 ]  000053b2          *   00000004             : memory.obj (.cinit)
                 [ 0000a76c ]  000053b6          *   00000001   --HOLE-- [fill = 0]

vectors      0     0000fe00  [ 00007f00 ] 00000100          *   
                   0000fe00  [ 00007f00 ] 00000100          *   rts55.lib : vectors.obj (vectors)


GLOBAL SYMBOLS: SORTED ALPHABETICALLY BY Name 

abs. value/
byte addr   word addr   name
---------   ---------   ----
00000002                $TI_capability$C5500$CallingConvention
00000001                $TI_capability$C5500$MemoryModel
00000001                $TI_capability_requires_rev2
            00004ad0    .bss
            00000180    .data
00000300                .text
00004595                C$$EXIT
00003b9c                C$$IO$$
0000454b                I$$LMPY
000044d4                I$$UDIV
000044e9                I$$UMOD
00001eb2                _HOSTclock
00001e5b                _HOSTclose
00001db8                _HOSTlseek
00001d31                _HOSTopen
00001cb7                _HOSTread
00001c1e                _HOSTrename
00001bcf                _HOSTtime
00001b78                _HOSTunlink
00001afe                _HOSTwrite
0000fe00                _Reset
            000051a0    __CIOBUF_
            000032d0    __STACK_END
00002000                __STACK_SIZE
00002000                __SYSMEM_SIZE
00001000                __SYSSTACK_SIZE
00000001                __TI_args_main
ffffffff                ___binit__
            00004ad0    ___bss__
ffffffff                ___c_args__
            000052c0    ___cinit__
            00000180    ___data__
            00000180    ___edata__
            00004fb8    ___end__
0000459e                ___etext__
0000451d                ___isinf
ffffffff                ___pinit__
00000300                ___text__
00002649                __addd
000043b4                __args_main
00002c16                __cleanup
            00004fb0    __cleanup_ptr
000032b1                __cmpd
            00004fc0    __ctypes_
00001f01                __divd
00004325                __divli
00002ad2                __divlli
000044d4                __divu
00003c43                __divul
000029de                __divull
00003a4f                __doflush
            00004fb2    __dtors_ptr
0000327d                __eqld
000044aa                __fixdi
00003f37                __fixdli
0000457e                __fltid
00004011                __fltlid
00003d69                __frcmpyd
00003ddf                __frcmpyd_div
            00004e6c    __ft_end
            00004d90    __ftable
00003233                __geqd
000031e8                __gtrd
0000319b                __leqd
            00004fac    __lock
00003153                __lssd
000034e7                __mpyd
0000454b                __mpyli
00002926                __mpylli
0000456e                __negd
0000311f                __neqd
0000456c                __nop
00004191                __nround
0000145c                __printfi
00003954                __rd_ok
00004565                __register_lock
0000455e                __register_unlock
000042da                __remli
000028f7                __remlli
000044e9                __remu
00003ec5                __remul
000028a9                __remull
            000022d0    __stack
00004537                __subd
            000032d0    __sys_memory
            000042d0    __sysstack
            00004dcc    __tmpnams
00004433                __trunc
            00004fae    __unlock
000038ee                __wrt_ok
00004594                _abort
000019c6                _add_device
00004135                _atoi
00003fa6                _auto_init
00004243                _c_int00
00002627                _calloc
00002623                _chkheap
00001969                _close
00002d29                _cos
00004472                _exit
00004073                _fclose
00003aa8                _fflush
00001960                _find_registered_device
00002f25                _float_dft_128
00003ba1                _float_mag_128
00002cfd                _fopen
0000436d                _fprintf
00003ce4                _fputc
0000363f                _fputs
000022c9                _free
000025dd                _free_memory
00002c64                _freopen
000041eb                _fseek
00001a9c                _getenv
            00004ad0    _input
00001909                _lseek
00003e52                _ltoa
00003769                _main
000023a4                _malloc
00002594                _max_free
000044fe                _memccpy
000043f4                _memcpy
00002358                _minit
00003835                _modf
00001875                _open
0000428f                _printf
00003ce4                _putc
00003d5c                _putchar
00003747                _puts
000017e4                _read
000040d4                _readmsg
00002450                _realloc
0000458a                _remove
000017b7                _remove_device
0000176d                _rename
000039a2                _setvbuf
00003309                _sin
            00004d50    _spectrum
0000173f                _unlink
00001630                _write
00003af9                _writemsg
            00004b50    _xin
            00004c50    _xout
ffffffff                binit
            000052c0    cinit
            00000180    edata
            00004fb8    end
0000459e                etext
ffffffff                pinit


GLOBAL SYMBOLS: SORTED BY Symbol Address 

abs. value/
byte addr   word addr   name
---------   ---------   ----
00000001                $TI_capability$C5500$MemoryModel
00000001                $TI_capability_requires_rev2
00000001                __TI_args_main
00000002                $TI_capability$C5500$CallingConvention
            00000180    .data
00000300                .text
            00000180    ___data__
            00000180    ___edata__
00000300                ___text__
            00000180    edata
00001000                __SYSSTACK_SIZE
0000145c                __printfi
00001630                _write
0000173f                _unlink
0000176d                _rename
000017b7                _remove_device
000017e4                _read
00001875                _open
00001909                _lseek
00001960                _find_registered_device
00001969                _close
000019c6                _add_device
00001a9c                _getenv
00001afe                _HOSTwrite
00001b78                _HOSTunlink
00001bcf                _HOSTtime
00001c1e                _HOSTrename
00001cb7                _HOSTread
00001d31                _HOSTopen
00001db8                _HOSTlseek
00001e5b                _HOSTclose
00001eb2                _HOSTclock
00001f01                __divd
00002000                __STACK_SIZE
00002000                __SYSMEM_SIZE
000022c9                _free
00002358                _minit
000023a4                _malloc
00002450                _realloc
00002594                _max_free
000025dd                _free_memory
00002623                _chkheap
00002627                _calloc
00002649                __addd
000028a9                __remull
000028f7                __remlli
00002926                __mpylli
000029de                __divull
00002ad2                __divlli
00002c16                __cleanup
00002c64                _freopen
00002cfd                _fopen
00002d29                _cos
00002f25                _float_dft_128
0000311f                __neqd
00003153                __lssd
0000319b                __leqd
000031e8                __gtrd
00003233                __geqd
0000327d                __eqld
000032b1                __cmpd
00003309                _sin
000034e7                __mpyd
0000363f                _fputs
00003747                _puts
00003769                _main
00003835                _modf
000038ee                __wrt_ok
00003954                __rd_ok
000039a2                _setvbuf
00003a4f                __doflush
00003aa8                _fflush
00003af9                _writemsg
00003b9c                C$$IO$$
00003ba1                _float_mag_128
00003c43                __divul
00003ce4                _fputc
00003ce4                _putc
00003d5c                _putchar
00003d69                __frcmpyd
00003ddf                __frcmpyd_div
00003e52                _ltoa
00003ec5                __remul
00003f37                __fixdli
00003fa6                _auto_init
00004011                __fltlid
00004073                _fclose
000040d4                _readmsg
00004135                _atoi
00004191                __nround
000041eb                _fseek
00004243                _c_int00
0000428f                _printf
000042da                __remli
00004325                __divli
0000436d                _fprintf
000043b4                __args_main
000043f4                _memcpy
00004433                __trunc
00004472                _exit
000044aa                __fixdi
000044d4                I$$UDIV
000044d4                __divu
000044e9                I$$UMOD
000044e9                __remu
000044fe                _memccpy
0000451d                ___isinf
00004537                __subd
0000454b                I$$LMPY
0000454b                __mpyli
0000455e                __register_unlock
00004565                __register_lock
0000456c                __nop
0000456e                __negd
0000457e                __fltid
0000458a                _remove
00004594                _abort
00004595                C$$EXIT
0000459e                ___etext__
0000459e                etext
            000022d0    __stack
            000032d0    __STACK_END
            000032d0    __sys_memory
            000042d0    __sysstack
            00004ad0    .bss
            00004ad0    ___bss__
            00004ad0    _input
            00004b50    _xin
            00004c50    _xout
            00004d50    _spectrum
            00004d90    __ftable
            00004dcc    __tmpnams
            00004e6c    __ft_end
            00004fac    __lock
            00004fae    __unlock
            00004fb0    __cleanup_ptr
            00004fb2    __dtors_ptr
            00004fb8    ___end__
            00004fb8    end
            00004fc0    __ctypes_
            000051a0    __CIOBUF_
            000052c0    ___cinit__
            000052c0    cinit
0000fe00                _Reset
ffffffff                ___binit__
ffffffff                ___c_args__
ffffffff                ___pinit__
ffffffff                binit
ffffffff                pinit

[149 symbols]
