******************************************************************************
              TMS320C55x Linker Unix v4.4.1                    
******************************************************************************
>> Linked Sat Nov  1 14:48:08 2025

OUTPUT FILE NAME:   <FloatingPointFFT.out>
ENTRY POINT SYMBOL: "_c_int00"  address: 000043f1


MEMORY CONFIGURATION

         name            origin    length      used     unused   attr    fill
                        (bytes)   (bytes)    (bytes)   (bytes)
----------------------  --------  ---------  --------  --------  ----  --------
PAGE 0:
  MMR                   00000000   000000c0  00000000  000000c0  RWIX
  BTRSVD                000000c0   00000240  00000000  00000240  RWIX
  DARAM                 00000300   0000fb00  0000d8a8  00002258  RWIX
  VECS                  0000fe00   00000200  00000100  00000100  RWIX
  CE0                   00010000   003f0000  00000000  003f0000  RWIX
  CE1                   00400000   00400000  00000000  00400000  RWIX
  CE2                   00800000   00400000  00000000  00400000  RWIX
  CE3                   00c00000   003f8000  00000000  003f8000  RWIX
  PDROM                 00ff8000   00008000  00000000  00008000  R IX

PAGE 2:
  IOPORT                00000000   00020000  00000000  00020000  RWI 


SECTION ALLOCATION MAP
(Addresses surrounded by []'s are displayed for convenience only!)

output                                                          attributes/
section   page  orgn(bytes) orgn(words) len(bytes) len(words)   input sections
--------  ----  ----------- ----------- ---------- ----------   --------------
.text        0     00000300  [ 00000180 ] 0000445a          *   
                   00000300  [ 00000180 ] 00001330          *   rts55.lib : _printfi.obj (.text)
                   00001630  [ 00000b18 ] 0000046c          *             : lowlev.obj (.text)
                   00001a9c  [ 00000d4e ] 00000465          *             : trgdrv.obj (.text)
                   00001f01  [ 00000f80+] 000003c8          *             : divd.obj (.text)
                   000022c9  [ 00001164+] 00000380          *             : memory.obj (.text)
                   00002649  [ 00001324+] 00000260          *             : addd.obj (.text)
                   000028a9  [ 00001454+] 0000025e          *             : llmpy.obj (.text)
                   00002b07  [ 00001583+] 00000234          *   fft_float.obj (.text)
                   00002d3b  [ 0000169d+] 00000222          *   rts55.lib : fopen.obj (.text)
                   00002f5d  [ 000017ae+] 000001fc          *             : cos.obj (.text)
                   00003159  [ 000018ac+] 000001ed          *   float_fftTest.obj (.text)
                   00003346  [ 000019a3 ] 000001ea          *   rts55.lib : cmpd.obj (.text)
                   00003530  [ 00001a98 ] 000001de          *             : sin.obj (.text)
                   0000370e  [ 00001b87 ] 00000158          *             : mpyd.obj (.text)
                   00003866  [ 00001c33 ] 0000012a          *             : fputs.obj (.text)
                   00003990  [ 00001cc8 ] 000000b9          *             : modf.obj (.text)
                   00003a49  [ 00001d24+] 000000b4          *             : _io_perm.obj (.text)
                   00003afd  [ 00001d7e+] 000000ad          *             : setvbuf.obj (.text)
                   00003baa  [ 00001dd5 ] 000000aa          *             : fflush.obj (.text)
                   00003c54  [ 00001e2a ] 000000a8          *             : trgmsg.obj (.text:CIO_breakpoint)
                   00003cfc  [ 00001e7e ] 000000a1          *             : divul.obj (.text)
                   00003d9d  [ 00001ece+] 0000009f          *   fbit_rev.obj (.text)
                   00003e3c  [ 00001f1e ] 00000085          *   rts55.lib : fputc.obj (.text)
                   00003ec1  [ 00001f60+] 00000076          *             : frcmpyd.obj (.text)
                   00003f37  [ 00001f9b+] 00000073          *             : frcmpyd_div.obj (.text)
                   00003faa  [ 00001fd5 ] 00000073          *             : ltoa.obj (.text)
                   0000401d  [ 0000200e+] 00000072          *             : remul.obj (.text)
                   0000408f  [ 00002047+] 0000006f          *             : fixdli.obj (.text)
                   000040fe  [ 0000207f ] 0000006b          *             : autoinit.obj (.text)
                   00004169  [ 000020b4+] 00000062          *             : fltlid.obj (.text)
                   000041cb  [ 000020e5+] 00000061          *             : fclose.obj (.text)
                   0000422c  [ 00002116 ] 00000061          *             : trgmsg.obj (.text)
                   0000428d  [ 00002146+] 0000005c          *             : atoi.obj (.text)
                   000042e9  [ 00002174+] 0000005a          *             : round.obj (.text)
                   00004343  [ 000021a1+] 00000058          *             : fseek.obj (.text)
                   0000439b  [ 000021cd+] 00000056          *             : fltuld.obj (.text)
                   000043f1  [ 000021f8+] 0000004c          *             : boot.obj (.text)
                   0000443d  [ 0000221e+] 0000004b          *             : printf.obj (.text)
                   00004488  [ 00002244 ] 0000004b          *             : remli.obj (.text)
                   000044d3  [ 00002269+] 00000048          *             : divli.obj (.text)
                   0000451b  [ 0000228d+] 00000047          *             : fprintf.obj (.text)
                   00004562  [ 000022b1 ] 00000040          *             : args_main.obj (.text)
                   000045a2  [ 000022d1 ] 0000003f          *             : memcpy.obj (.text)
                   000045e1  [ 000022f0+] 0000003f          *             : trunc.obj (.text)
                   00004620  [ 00002310 ] 00000038          *             : exit.obj (.text)
                   00004658  [ 0000232c ] 0000002a          *             : fixdi.obj (.text)
                   00004682  [ 00002341 ] 0000002a          *             : udiv.obj (.text)
                   000046ac  [ 00002356 ] 0000001f          *             : memccpy.obj (.text)
                   000046cb  [ 00002365+] 0000001a          *             : isinf.obj (.text)
                   000046e5  [ 00002372+] 00000014          *             : subd.obj (.text)
                   000046f9  [ 0000237c+] 00000013          *             : lmpy.obj (.text)
                   0000470c  [ 00002386 ] 00000010          *             : _lock.obj (.text)
                   0000471c  [ 0000238e ] 00000010          *             : negd.obj (.text)
                   0000472c  [ 00002396 ] 0000000e          *             : fltud.obj (.text)
                   0000473a  [ 0000239d ] 0000000c          *             : fltid.obj (.text)
                   00004746  [ 000023a3 ] 0000000a          *             : remove.obj (.text)
                   00004750  [ 000023a8 ] 00000007          *             : exit.obj (.text:CIO_breakpoint)
                   00004757  [ 000023ab+] 00000002          *             : vectors.obj (.text)
                   00004759  [ 000023ac ] 00000001          *   --HOLE-- [fill = 20]

.data        0   [ 00000300 ]  00000180          *   00000000   

.pinit       0   [ 00000300 ]  00000180          *   00000000   

.bss         0   [ 00004760 ]  000023b0          *   00001188   
                 [ 00004760 ]  000023b0          *   00000f60   float_fftTest.obj (.bss) [fill = 00]
                 [ 00006620 ]  00003310          *   000000dd   rts55.lib : defs.obj (.bss) [fill = 00]
                 [ 000067da ]  000033ed          *   000000d0             : trgdrv.obj (.bss) [fill = 00]
                 [ 0000697a ]  000034bd          *   00000001             : fopen.obj (.bss) [fill = 00]
                 [ 0000697c ]  000034be          *   0000005d             : lowlev.obj (.bss) [fill = 00]
                 [ 00006a36 ]  0000351b          *   00000001   --HOLE-- [fill = 00]
                 [ 00006a38 ]  0000351c          *   00000008             : cos.obj (.bss) [fill = 00]
                 [ 00006a48 ]  00003524          *   00000008             : sin.obj (.bss) [fill = 00]
                 [ 00006a58 ]  0000352c          *   00000004             : _lock.obj (.bss) [fill = 00]
                 [ 00006a60 ]  00003530          *   00000004             : exit.obj (.bss) [fill = 00]
                 [ 00006a68 ]  00003534          *   00000004             : memory.obj (.bss) [fill = 00]

.stack       0   [ 00006a80 ]  00003540          *   00001000   
                 [ 00006a80 ]  00003540          *   00001000   --HOLE-- [fill = 00]

.sysmem      0   [ 00008a80 ]  00004540          *   00001000   UNINITIALIZED
                 [ 00008a80 ]  00004540          *   00001000   --HOLE--

.cinit       0   [ 0000aa80 ]  00005540          *   00000d77   
                 [ 0000aa80 ]  00005540          *   00000d03   float_fftTest.obj (.cinit)
                 [ 0000c486 ]  00006243          *   00000028   rts55.lib : lowlev.obj (.cinit)
                 [ 0000c4d6 ]  0000626b          *   00000019             : defs.obj (.cinit)
                 [ 0000c508 ]  00006284          *   0000000b             : cos.obj (.cinit)
                 [ 0000c51e ]  0000628f          *   0000000b             : sin.obj (.cinit)
                 [ 0000c534 ]  0000629a          *   0000000a             : _lock.obj (.cinit)
                 [ 0000c548 ]  000062a4          *   0000000a             : exit.obj (.cinit)
                 [ 0000c55c ]  000062ae          *   00000004             : fopen.obj (.cinit)
                 [ 0000c564 ]  000062b2          *   00000004             : memory.obj (.cinit)
                 [ 0000c56c ]  000062b6          *   00000001   --HOLE-- [fill = 0]

.sysstack 
*            0   [ 0000c580 ]  000062c0          *   00000800   
                 [ 0000c580 ]  000062c0          *   00000800   --HOLE-- [fill = 00]

.const       0   [ 0000d580 ]  00006ac0          *   00000208   
                 [ 0000d580 ]  00006ac0          *   00000101   rts55.lib : ctype.obj (.const:__ctypes_)
                 [ 0000d782 ]  00006bc1          *   00000080   float_fftTest.obj (.const:.string)
                 [ 0000d882 ]  00006c41          *   00000023   rts55.lib : _printfi.obj (.const:.string)
                 [ 0000d8c8 ]  00006c64          *   00000016             : cos.obj (.const)
                 [ 0000d8f4 ]  00006c7a          *   00000014             : sin.obj (.const)
                 [ 0000d91c ]  00006c8e          *   0000000c             : _printfi.obj (.const)
                 [ 0000d934 ]  00006c9a          *   00000008             : divd.obj (.const:_initial_approx$1)
                 [ 0000d944 ]  00006ca2          *   00000008   fft_float.obj (.const)
                 [ 0000d954 ]  00006caa          *   00000008   rts55.lib : round.obj (.const)
                 [ 0000d964 ]  00006cb2          *   00000006   float_fftTest.obj (.const)
                 [ 0000d970 ]  00006cb8          *   00000006   rts55.lib : modf.obj (.const)
                 [ 0000d97c ]  00006cbe          *   00000004             : trunc.obj (.const)
                 [ 0000d984 ]  00006cc2          *   00000002             : fputs.obj (.const:.string)
                 [ 0000d988 ]  00006cc4          *   00000002             : fltlid.obj (.const)
                 [ 0000d98c ]  00006cc6          *   00000002             : fltuld.obj (.const)

.cio         0   [ 0000d9a0 ]  00006cd0          *   00000120   
                 [ 0000d9a0 ]  00006cd0          *   00000120   rts55.lib : trgmsg.obj (.cio) [fill = 00]

vectors      0     0000fe00  [ 00007f00 ] 00000100          *   
                   0000fe00  [ 00007f00 ] 00000100          *   rts55.lib : vectors.obj (vectors)


GLOBAL SYMBOLS: SORTED ALPHABETICALLY BY Name 

abs. value/
byte addr   word addr   name
---------   ---------   ----
00000002                $TI_capability$C5500$CallingConvention
00000001                $TI_capability$C5500$MemoryModel
00000001                $TI_capability_requires_rev2
            000023b0    .bss
            00000180    .data
00000300                .text
00004751                C$$EXIT
00003cf7                C$$IO$$
000046f9                I$$LMPY
00004682                I$$UDIV
00004697                I$$UMOD
00001eb2                _HOSTclock
00001e5b                _HOSTclose
00001db8                _HOSTlseek
00001d31                _HOSTopen
00001cb7                _HOSTread
00001c1e                _HOSTrename
00001bcf                _HOSTtime
00001b78                _HOSTunlink
00001afe                _HOSTwrite
0000fe00                _Reset
            000032b0    _W
            000030b0    _X
            00006cd0    __CIOBUF_
            00004540    __STACK_END
00002000                __STACK_SIZE
00002000                __SYSMEM_SIZE
00001000                __SYSSTACK_SIZE
00000001                __TI_args_main
ffffffff                ___binit__
            000023b0    ___bss__
ffffffff                ___c_args__
            00005540    ___cinit__
            00000180    ___data__
            00000180    ___edata__
            00003538    ___end__
0000475a                ___etext__
000046cb                ___isinf
ffffffff                ___pinit__
00000300                ___text__
00002649                __addd
00004562                __args_main
00002e4a                __cleanup
            00003530    __cleanup_ptr
000034d8                __cmpd
            00006ac0    __ctypes_
00001f01                __divd
000044d3                __divli
00002ad2                __divlli
00004682                __divu
00003cfc                __divul
000029de                __divull
00003baa                __doflush
            00003532    __dtors_ptr
000034a4                __eqld
00004658                __fixdi
0000408f                __fixdli
0000473a                __fltid
00004169                __fltlid
0000472c                __fltud
0000439b                __fltuld
00003ec1                __frcmpyd
00003f37                __frcmpyd_div
            000033ec    __ft_end
            00003310    __ftable
0000345a                __geqd
0000340f                __gtrd
000033c2                __leqd
            0000352c    __lock
0000337a                __lssd
0000370e                __mpyd
000046f9                __mpyli
00002926                __mpylli
0000471c                __negd
00003346                __neqd
0000471a                __nop
000042e9                __nround
0000145c                __printfi
00003aaf                __rd_ok
00004713                __register_lock
0000470c                __register_unlock
00004488                __remli
000028f7                __remlli
00004697                __remu
0000401d                __remul
000028a9                __remull
            00003540    __stack
000046e5                __subd
            00004540    __sys_memory
            000062c0    __sysstack
            0000334c    __tmpnams
000045e1                __trunc
            0000352e    __unlock
00003a49                __wrt_ok
00004750                _abort
000019c6                _add_device
0000428d                _atoi
000040fe                _auto_init
00003d9d                _bit_rev
000043f1                _c_int00
00002627                _calloc
00002623                _chkheap
00001969                _close
00002f5d                _cos
00004620                _exit
000041cb                _fclose
00003c03                _fflush
00002b07                _fft
00001960                _find_registered_device
00002f31                _fopen
0000451b                _fprintf
00003e3c                _fputc
00003866                _fputs
000022c9                _free
000025dd                _free_memory
00002e98                _freopen
00004343                _fseek
00001a9c                _getenv
            000023b0    _input7_f
00001909                _lseek
00003faa                _ltoa
00003159                _main
000023a4                _malloc
00002594                _max_free
000046ac                _memccpy
000045a2                _memcpy
00002358                _minit
00003990                _modf
00001875                _open
0000443d                _printf
00003e3c                _putc
00003eb4                _putchar
0000396e                _puts
000017e4                _read
0000422c                _readmsg
00002450                _realloc
00004746                _remove
000017b7                _remove_device
0000176d                _rename
00003afd                _setvbuf
00003530                _sin
            000032d0    _spectrum
            000032cc    _temp
0000173f                _unlink
00001630                _write
00003c54                _writemsg
ffffffff                binit
            00005540    cinit
            00000180    edata
            00003538    end
0000475a                etext
ffffffff                pinit


GLOBAL SYMBOLS: SORTED BY Symbol Address 

abs. value/
byte addr   word addr   name
---------   ---------   ----
00000001                $TI_capability$C5500$MemoryModel
00000001                $TI_capability_requires_rev2
00000001                __TI_args_main
00000002                $TI_capability$C5500$CallingConvention
            00000180    .data
00000300                .text
            00000180    ___data__
            00000180    ___edata__
00000300                ___text__
            00000180    edata
00001000                __SYSSTACK_SIZE
0000145c                __printfi
00001630                _write
0000173f                _unlink
0000176d                _rename
000017b7                _remove_device
000017e4                _read
00001875                _open
00001909                _lseek
00001960                _find_registered_device
00001969                _close
000019c6                _add_device
00001a9c                _getenv
00001afe                _HOSTwrite
00001b78                _HOSTunlink
00001bcf                _HOSTtime
00001c1e                _HOSTrename
00001cb7                _HOSTread
00001d31                _HOSTopen
00001db8                _HOSTlseek
00001e5b                _HOSTclose
00001eb2                _HOSTclock
00001f01                __divd
00002000                __STACK_SIZE
00002000                __SYSMEM_SIZE
000022c9                _free
00002358                _minit
000023a4                _malloc
00002450                _realloc
00002594                _max_free
000025dd                _free_memory
00002623                _chkheap
00002627                _calloc
00002649                __addd
000028a9                __remull
000028f7                __remlli
00002926                __mpylli
000029de                __divull
00002ad2                __divlli
00002b07                _fft
00002e4a                __cleanup
00002e98                _freopen
00002f31                _fopen
00002f5d                _cos
00003159                _main
00003346                __neqd
0000337a                __lssd
000033c2                __leqd
0000340f                __gtrd
0000345a                __geqd
000034a4                __eqld
000034d8                __cmpd
00003530                _sin
0000370e                __mpyd
00003866                _fputs
0000396e                _puts
00003990                _modf
00003a49                __wrt_ok
00003aaf                __rd_ok
00003afd                _setvbuf
00003baa                __doflush
00003c03                _fflush
00003c54                _writemsg
00003cf7                C$$IO$$
00003cfc                __divul
00003d9d                _bit_rev
00003e3c                _fputc
00003e3c                _putc
00003eb4                _putchar
00003ec1                __frcmpyd
00003f37                __frcmpyd_div
00003faa                _ltoa
0000401d                __remul
0000408f                __fixdli
000040fe                _auto_init
00004169                __fltlid
000041cb                _fclose
0000422c                _readmsg
0000428d                _atoi
000042e9                __nround
00004343                _fseek
0000439b                __fltuld
000043f1                _c_int00
0000443d                _printf
00004488                __remli
000044d3                __divli
0000451b                _fprintf
00004562                __args_main
000045a2                _memcpy
000045e1                __trunc
00004620                _exit
00004658                __fixdi
00004682                I$$UDIV
00004682                __divu
00004697                I$$UMOD
00004697                __remu
000046ac                _memccpy
000046cb                ___isinf
000046e5                __subd
000046f9                I$$LMPY
000046f9                __mpyli
0000470c                __register_unlock
00004713                __register_lock
0000471a                __nop
0000471c                __negd
0000472c                __fltud
0000473a                __fltid
00004746                _remove
00004750                _abort
00004751                C$$EXIT
0000475a                ___etext__
0000475a                etext
            000023b0    .bss
            000023b0    ___bss__
            000023b0    _input7_f
            000030b0    _X
            000032b0    _W
            000032cc    _temp
            000032d0    _spectrum
            00003310    __ftable
            0000334c    __tmpnams
            000033ec    __ft_end
            0000352c    __lock
            0000352e    __unlock
            00003530    __cleanup_ptr
            00003532    __dtors_ptr
            00003538    ___end__
            00003538    end
            00003540    __stack
            00004540    __STACK_END
            00004540    __sys_memory
            00005540    ___cinit__
            00005540    cinit
            000062c0    __sysstack
            00006ac0    __ctypes_
            00006cd0    __CIOBUF_
0000fe00                _Reset
ffffffff                ___binit__
ffffffff                ___c_args__
ffffffff                ___pinit__
ffffffff                binit
ffffffff                pinit

[152 symbols]
