******************************************************************************
              TMS320C55x Linker Unix v4.4.1                    
******************************************************************************
>> Linked Sat Nov  1 14:27:07 2025

OUTPUT FILE NAME:   <InstrisicsFFT.out>
ENTRY POINT SYMBOL: "_c_int00"  address: 000043b3


MEMORY CONFIGURATION

         name            origin    length      used     unused   attr    fill
                        (bytes)   (bytes)    (bytes)   (bytes)
----------------------  --------  ---------  --------  --------  ----  --------
PAGE 0:
  MMR                   00000000   000000c0  00000000  000000c0  RWIX
  BTRSVD                000000c0   00000240  00000000  00000240  RWIX
  DARAM                 00000300   0000fb00  0000bcba  00003e46  RWIX
  VECS                  0000fe00   00000200  00000100  00000100  RWIX
  CE0                   00010000   003f0000  00000000  003f0000  RWIX
  CE1                   00400000   00400000  00000000  00400000  RWIX
  CE2                   00800000   00400000  00000000  00400000  RWIX
  CE3                   00c00000   003f8000  00000000  003f8000  RWIX
  PDROM                 00ff8000   00008000  00000000  00008000  R IX

PAGE 2:
  IOPORT                00000000   00020000  00000000  00020000  RWI 


SECTION ALLOCATION MAP
(Addresses surrounded by []'s are displayed for convenience only!)

output                                                          attributes/
section   page  orgn(bytes) orgn(words) len(bytes) len(words)   input sections
--------  ----  ----------- ----------- ---------- ----------   --------------
.text        0     00000300  [ 00000180 ] 0000441c          *   
                   00000300  [ 00000180 ] 00001330          *   rts55.lib : _printfi.obj (.text)
                   00001630  [ 00000b18 ] 0000046c          *             : lowlev.obj (.text)
                   00001a9c  [ 00000d4e ] 00000465          *             : trgdrv.obj (.text)
                   00001f01  [ 00000f80+] 000003c8          *             : divd.obj (.text)
                   000022c9  [ 00001164+] 00000380          *             : memory.obj (.text)
                   00002649  [ 00001324+] 00000260          *             : addd.obj (.text)
                   000028a9  [ 00001454+] 0000025e          *             : llmpy.obj (.text)
                   00002b07  [ 00001583+] 00000222          *             : fopen.obj (.text)
                   00002d29  [ 00001694+] 00000209          *   intrinsic_fftTest.obj (.text)
                   00002f32  [ 00001799 ] 000001fc          *   rts55.lib : cos.obj (.text)
                   0000312e  [ 00001897 ] 000001ea          *             : cmpd.obj (.text)
                   00003318  [ 0000198c ] 000001de          *             : sin.obj (.text)
                   000034f6  [ 00001a7b ] 000001da          *   intrinsic_fft.obj (.text)
                   000036d0  [ 00001b68 ] 00000158          *   rts55.lib : mpyd.obj (.text)
                   00003828  [ 00001c14 ] 0000012a          *             : fputs.obj (.text)
                   00003952  [ 00001ca9 ] 000000b9          *             : modf.obj (.text)
                   00003a0b  [ 00001d05+] 000000b4          *             : _io_perm.obj (.text)
                   00003abf  [ 00001d5f+] 000000ad          *             : setvbuf.obj (.text)
                   00003b6c  [ 00001db6 ] 000000aa          *             : fflush.obj (.text)
                   00003c16  [ 00001e0b ] 000000a8          *             : trgmsg.obj (.text:CIO_breakpoint)
                   00003cbe  [ 00001e5f ] 000000a1          *             : divul.obj (.text)
                   00003d5f  [ 00001eaf+] 0000009f          *   ibit_rev.obj (.text)
                   00003dfe  [ 00001eff ] 00000085          *   rts55.lib : fputc.obj (.text)
                   00003e83  [ 00001f41+] 00000076          *             : frcmpyd.obj (.text)
                   00003ef9  [ 00001f7c+] 00000073          *             : frcmpyd_div.obj (.text)
                   00003f6c  [ 00001fb6 ] 00000073          *             : ltoa.obj (.text)
                   00003fdf  [ 00001fef+] 00000072          *             : remul.obj (.text)
                   00004051  [ 00002028+] 0000006f          *             : fixdli.obj (.text)
                   000040c0  [ 00002060 ] 0000006b          *             : autoinit.obj (.text)
                   0000412b  [ 00002095+] 00000062          *             : fltlid.obj (.text)
                   0000418d  [ 000020c6+] 00000061          *             : fclose.obj (.text)
                   000041ee  [ 000020f7 ] 00000061          *             : trgmsg.obj (.text)
                   0000424f  [ 00002127+] 0000005c          *             : atoi.obj (.text)
                   000042ab  [ 00002155+] 0000005a          *             : round.obj (.text)
                   00004305  [ 00002182+] 00000058          *             : fseek.obj (.text)
                   0000435d  [ 000021ae+] 00000056          *             : fltuld.obj (.text)
                   000043b3  [ 000021d9+] 0000004c          *             : boot.obj (.text)
                   000043ff  [ 000021ff+] 0000004b          *             : printf.obj (.text)
                   0000444a  [ 00002225 ] 0000004b          *             : remli.obj (.text)
                   00004495  [ 0000224a+] 00000048          *             : divli.obj (.text)
                   000044dd  [ 0000226e+] 00000047          *             : fprintf.obj (.text)
                   00004524  [ 00002292 ] 00000040          *             : args_main.obj (.text)
                   00004564  [ 000022b2 ] 0000003f          *             : memcpy.obj (.text)
                   000045a3  [ 000022d1+] 0000003f          *             : trunc.obj (.text)
                   000045e2  [ 000022f1 ] 00000038          *             : exit.obj (.text)
                   0000461a  [ 0000230d ] 0000002a          *             : fixdi.obj (.text)
                   00004644  [ 00002322 ] 0000002a          *             : udiv.obj (.text)
                   0000466e  [ 00002337 ] 0000001f          *             : memccpy.obj (.text)
                   0000468d  [ 00002346+] 0000001a          *             : isinf.obj (.text)
                   000046a7  [ 00002353+] 00000014          *             : subd.obj (.text)
                   000046bb  [ 0000235d+] 00000013          *             : lmpy.obj (.text)
                   000046ce  [ 00002367 ] 00000010          *             : _lock.obj (.text)
                   000046de  [ 0000236f ] 00000010          *             : negd.obj (.text)
                   000046ee  [ 00002377 ] 0000000e          *             : fltud.obj (.text)
                   000046fc  [ 0000237e ] 0000000c          *             : fltid.obj (.text)
                   00004708  [ 00002384 ] 0000000a          *             : remove.obj (.text)
                   00004712  [ 00002389 ] 00000007          *             : exit.obj (.text:CIO_breakpoint)
                   00004719  [ 0000238c+] 00000002          *             : vectors.obj (.text)
                   0000471b  [ 0000238d ] 00000001          *   --HOLE-- [fill = 20]

.data        0   [ 00000300 ]  00000180          *   00000000   

.pinit       0   [ 00000300 ]  00000180          *   00000000   

.stack       0   [ 00004720 ]  00002390          *   00001000   
                 [ 00004720 ]  00002390          *   00001000   --HOLE-- [fill = 00]

.sysmem      0   [ 00006720 ]  00003390          *   00001000   UNINITIALIZED
                 [ 00006720 ]  00003390          *   00001000   --HOLE--

.bss         0   [ 00008720 ]  00004390          *   00000a3a   
                 [ 00008720 ]  00004390          *   00000812   intrinsic_fftTest.obj (.bss) [fill = 00]
                 [ 00009744 ]  00004ba2          *   000000dd   rts55.lib : defs.obj (.bss) [fill = 00]
                 [ 000098fe ]  00004c7f          *   000000d0             : trgdrv.obj (.bss) [fill = 00]
                 [ 00009a9e ]  00004d4f          *   00000001             : fopen.obj (.bss) [fill = 00]
                 [ 00009aa0 ]  00004d50          *   0000005d             : lowlev.obj (.bss) [fill = 00]
                 [ 00009b5a ]  00004dad          *   00000001   --HOLE-- [fill = 00]
                 [ 00009b5c ]  00004dae          *   00000008             : cos.obj (.bss) [fill = 00]
                 [ 00009b6c ]  00004db6          *   00000008             : sin.obj (.bss) [fill = 00]
                 [ 00009b7c ]  00004dbe          *   00000004             : _lock.obj (.bss) [fill = 00]
                 [ 00009b84 ]  00004dc2          *   00000004             : exit.obj (.bss) [fill = 00]
                 [ 00009b8c ]  00004dc6          *   00000004             : memory.obj (.bss) [fill = 00]

.sysstack 
*            0   [ 00009ba0 ]  00004dd0          *   00000800   
                 [ 00009ba0 ]  00004dd0          *   00000800   --HOLE-- [fill = 00]

.cinit       0   [ 0000aba0 ]  000055d0          *   000006f7   
                 [ 0000aba0 ]  000055d0          *   00000683   intrinsic_fftTest.obj (.cinit)
                 [ 0000b8a6 ]  00005c53          *   00000028   rts55.lib : lowlev.obj (.cinit)
                 [ 0000b8f6 ]  00005c7b          *   00000019             : defs.obj (.cinit)
                 [ 0000b928 ]  00005c94          *   0000000b             : cos.obj (.cinit)
                 [ 0000b93e ]  00005c9f          *   0000000b             : sin.obj (.cinit)
                 [ 0000b954 ]  00005caa          *   0000000a             : _lock.obj (.cinit)
                 [ 0000b968 ]  00005cb4          *   0000000a             : exit.obj (.cinit)
                 [ 0000b97c ]  00005cbe          *   00000004             : fopen.obj (.cinit)
                 [ 0000b984 ]  00005cc2          *   00000004             : memory.obj (.cinit)
                 [ 0000b98c ]  00005cc6          *   00000001   --HOLE-- [fill = 0]

.const       0   [ 0000b9a0 ]  00005cd0          *   000001fe   
                 [ 0000b9a0 ]  00005cd0          *   00000101   rts55.lib : ctype.obj (.const:__ctypes_)
                 [ 0000bba2 ]  00005dd1          *   00000080   intrinsic_fftTest.obj (.const:.string)
                 [ 0000bca2 ]  00005e51          *   00000023   rts55.lib : _printfi.obj (.const:.string)
                 [ 0000bce8 ]  00005e74          *   00000016             : cos.obj (.const)
                 [ 0000bd14 ]  00005e8a          *   00000014             : sin.obj (.const)
                 [ 0000bd3c ]  00005e9e          *   0000000c             : _printfi.obj (.const)
                 [ 0000bd54 ]  00005eaa          *   00000008             : divd.obj (.const:_initial_approx$1)
                 [ 0000bd64 ]  00005eb2          *   00000008             : round.obj (.const)
                 [ 0000bd74 ]  00005eba          *   00000006             : modf.obj (.const)
                 [ 0000bd80 ]  00005ec0          *   00000004   intrinsic_fftTest.obj (.const)
                 [ 0000bd88 ]  00005ec4          *   00000004   rts55.lib : trunc.obj (.const)
                 [ 0000bd90 ]  00005ec8          *   00000002             : fputs.obj (.const:.string)
                 [ 0000bd94 ]  00005eca          *   00000002             : fltlid.obj (.const)
                 [ 0000bd98 ]  00005ecc          *   00000002             : fltuld.obj (.const)

.cio         0   [ 0000bda0 ]  00005ed0          *   00000120   
                 [ 0000bda0 ]  00005ed0          *   00000120   rts55.lib : trgmsg.obj (.cio) [fill = 00]

vectors      0     0000fe00  [ 00007f00 ] 00000100          *   
                   0000fe00  [ 00007f00 ] 00000100          *   rts55.lib : vectors.obj (vectors)


GLOBAL SYMBOLS: SORTED ALPHABETICALLY BY Name 

abs. value/
byte addr   word addr   name
---------   ---------   ----
00000002                $TI_capability$C5500$CallingConvention
00000001                $TI_capability$C5500$MemoryModel
00000001                $TI_capability_requires_rev2
            00004390    .bss
            00000180    .data
00000300                .text
00004713                C$$EXIT
00003cb9                C$$IO$$
000046bb                I$$LMPY
00004644                I$$UDIV
00004659                I$$UMOD
00001eb2                _HOSTclock
00001e5b                _HOSTclose
00001db8                _HOSTlseek
00001d31                _HOSTopen
00001cb7                _HOSTread
00001c1e                _HOSTrename
00001bcf                _HOSTtime
00001b78                _HOSTunlink
00001afe                _HOSTwrite
0000fe00                _Reset
            00004b10    _W
            00004a10    _X
            00005ed0    __CIOBUF_
            00003390    __STACK_END
00002000                __STACK_SIZE
00002000                __SYSMEM_SIZE
00001000                __SYSSTACK_SIZE
00000001                __TI_args_main
ffffffff                ___binit__
            00004390    ___bss__
ffffffff                ___c_args__
            000055d0    ___cinit__
            00000180    ___data__
            00000180    ___edata__
            00004dca    ___end__
0000471c                ___etext__
0000468d                ___isinf
ffffffff                ___pinit__
00000300                ___text__
00002649                __addd
00004524                __args_main
00002c16                __cleanup
            00004dc2    __cleanup_ptr
000032c0                __cmpd
            00005cd0    __ctypes_
00001f01                __divd
00004495                __divli
00002ad2                __divlli
00004644                __divu
00003cbe                __divul
000029de                __divull
00003b6c                __doflush
            00004dc4    __dtors_ptr
0000328c                __eqld
0000461a                __fixdi
00004051                __fixdli
000046fc                __fltid
0000412b                __fltlid
000046ee                __fltud
0000435d                __fltuld
00003e83                __frcmpyd
00003ef9                __frcmpyd_div
            00004c7e    __ft_end
            00004ba2    __ftable
00003242                __geqd
000031f7                __gtrd
000031aa                __leqd
            00004dbe    __lock
00003162                __lssd
000036d0                __mpyd
000046bb                __mpyli
00002926                __mpylli
000046de                __negd
0000312e                __neqd
000046dc                __nop
000042ab                __nround
0000145c                __printfi
00003a71                __rd_ok
000046d5                __register_lock
000046ce                __register_unlock
0000444a                __remli
000028f7                __remlli
00004659                __remu
00003fdf                __remul
000028a9                __remull
            00002390    __stack
000046a7                __subd
            00003390    __sys_memory
            00004dd0    __sysstack
            00004bde    __tmpnams
000045a3                __trunc
            00004dc0    __unlock
00003a0b                __wrt_ok
00004712                _abort
000019c6                _add_device
0000424f                _atoi
000040c0                _auto_init
00003d5f                _bit_rev
000043b3                _c_int00
00002627                _calloc
00002623                _chkheap
00001969                _close
00002f32                _cos
000045e2                _exit
0000418d                _fclose
00003bc5                _fflush
000034f6                _fft
00001960                _find_registered_device
00002cfd                _fopen
000044dd                _fprintf
00003dfe                _fputc
00003828                _fputs
000022c9                _free
000025dd                _free_memory
00002c64                _freopen
00004305                _fseek
00001a9c                _getenv
            00004390    _input7_i
00001909                _lseek
            00004b1e    _ltemp
00003f6c                _ltoa
00002d29                _main
000023a4                _malloc
00002594                _max_free
0000466e                _memccpy
00004564                _memcpy
00002358                _minit
00003952                _modf
00001875                _open
000043ff                _printf
00003dfe                _putc
00003e76                _putchar
00003930                _puts
000017e4                _read
000041ee                _readmsg
00002450                _realloc
00004708                _remove
000017b7                _remove_device
0000176d                _rename
00003abf                _setvbuf
00003318                _sin
            00004b22    _spectrum
0000173f                _unlink
00001630                _write
00003c16                _writemsg
ffffffff                binit
            000055d0    cinit
            00000180    edata
            00004dca    end
0000471c                etext
ffffffff                pinit


GLOBAL SYMBOLS: SORTED BY Symbol Address 

abs. value/
byte addr   word addr   name
---------   ---------   ----
00000001                $TI_capability$C5500$MemoryModel
00000001                $TI_capability_requires_rev2
00000001                __TI_args_main
00000002                $TI_capability$C5500$CallingConvention
            00000180    .data
00000300                .text
            00000180    ___data__
            00000180    ___edata__
00000300                ___text__
            00000180    edata
00001000                __SYSSTACK_SIZE
0000145c                __printfi
00001630                _write
0000173f                _unlink
0000176d                _rename
000017b7                _remove_device
000017e4                _read
00001875                _open
00001909                _lseek
00001960                _find_registered_device
00001969                _close
000019c6                _add_device
00001a9c                _getenv
00001afe                _HOSTwrite
00001b78                _HOSTunlink
00001bcf                _HOSTtime
00001c1e                _HOSTrename
00001cb7                _HOSTread
00001d31                _HOSTopen
00001db8                _HOSTlseek
00001e5b                _HOSTclose
00001eb2                _HOSTclock
00001f01                __divd
00002000                __STACK_SIZE
00002000                __SYSMEM_SIZE
000022c9                _free
00002358                _minit
000023a4                _malloc
00002450                _realloc
00002594                _max_free
000025dd                _free_memory
00002623                _chkheap
00002627                _calloc
00002649                __addd
000028a9                __remull
000028f7                __remlli
00002926                __mpylli
000029de                __divull
00002ad2                __divlli
00002c16                __cleanup
00002c64                _freopen
00002cfd                _fopen
00002d29                _main
00002f32                _cos
0000312e                __neqd
00003162                __lssd
000031aa                __leqd
000031f7                __gtrd
00003242                __geqd
0000328c                __eqld
000032c0                __cmpd
00003318                _sin
000034f6                _fft
000036d0                __mpyd
00003828                _fputs
00003930                _puts
00003952                _modf
00003a0b                __wrt_ok
00003a71                __rd_ok
00003abf                _setvbuf
00003b6c                __doflush
00003bc5                _fflush
00003c16                _writemsg
00003cb9                C$$IO$$
00003cbe                __divul
00003d5f                _bit_rev
00003dfe                _fputc
00003dfe                _putc
00003e76                _putchar
00003e83                __frcmpyd
00003ef9                __frcmpyd_div
00003f6c                _ltoa
00003fdf                __remul
00004051                __fixdli
000040c0                _auto_init
0000412b                __fltlid
0000418d                _fclose
000041ee                _readmsg
0000424f                _atoi
000042ab                __nround
00004305                _fseek
0000435d                __fltuld
000043b3                _c_int00
000043ff                _printf
0000444a                __remli
00004495                __divli
000044dd                _fprintf
00004524                __args_main
00004564                _memcpy
000045a3                __trunc
000045e2                _exit
0000461a                __fixdi
00004644                I$$UDIV
00004644                __divu
00004659                I$$UMOD
00004659                __remu
0000466e                _memccpy
0000468d                ___isinf
000046a7                __subd
000046bb                I$$LMPY
000046bb                __mpyli
000046ce                __register_unlock
000046d5                __register_lock
000046dc                __nop
000046de                __negd
000046ee                __fltud
000046fc                __fltid
00004708                _remove
00004712                _abort
00004713                C$$EXIT
0000471c                ___etext__
0000471c                etext
            00002390    __stack
            00003390    __STACK_END
            00003390    __sys_memory
            00004390    .bss
            00004390    ___bss__
            00004390    _input7_i
            00004a10    _X
            00004b10    _W
            00004b1e    _ltemp
            00004b22    _spectrum
            00004ba2    __ftable
            00004bde    __tmpnams
            00004c7e    __ft_end
            00004dbe    __lock
            00004dc0    __unlock
            00004dc2    __cleanup_ptr
            00004dc4    __dtors_ptr
            00004dca    ___end__
            00004dca    end
            00004dd0    __sysstack
            000055d0    ___cinit__
            000055d0    cinit
            00005cd0    __ctypes_
            00005ed0    __CIOBUF_
0000fe00                _Reset
ffffffff                ___binit__
ffffffff                ___c_args__
ffffffff                ___pinit__
ffffffff                binit
ffffffff                pinit

[152 symbols]
