******************************************************************************
              TMS320C55x Linker Unix v4.4.1                    
******************************************************************************
>> Linked Sun Nov  9 09:54:15 2025

OUTPUT FILE NAME:   <aic3204_dma_fft.out>
ENTRY POINT SYMBOL: "_c_int00"  address: 000086f6


MEMORY CONFIGURATION

         name            origin    length      used     unused   attr    fill
                        (bytes)   (bytes)    (bytes)   (bytes)
----------------------  --------  ---------  --------  --------  ----  --------
PAGE 0:
  MMR                   00000000   000000c0  00000000  000000c0  RWIX
  BTRSVD                000000c0   00000240  00000100  00000140  RWIX
  DARAM                 00000300   0000fb00  00008bc0  00006f40  RWIX
  VECS                  0000fe00   00000200  00000100  00000100  RWIX
  CE0                   00010000   003f0000  00000000  003f0000  RWIX
  CE1                   00400000   00400000  00000000  00400000  RWIX
  CE2                   00800000   00400000  00000000  00400000  RWIX
  CE3                   00c00000   003f8000  00000000  003f8000  RWIX
  PDROM                 00ff8000   00008000  00000000  00008000  R IX

PAGE 2:
  IOPORT                00000000   00020000  00000000  00020000  RWI 


SECTION ALLOCATION MAP
(Addresses surrounded by []'s are displayed for convenience only!)

output                                                          attributes/
section   page  orgn(bytes) orgn(words) len(bytes) len(words)   input sections
--------  ----  ----------- ----------- ---------- ----------   --------------
vectors      0     000000c0  [ 00000060 ] 00000100          *   
                   000000c0  [ 00000060 ] 00000100          *   rts55.lib : vectors.obj (vectors)

.sysstack 
*            0   [ 00000300 ]  00000180          *   00000800   
                 [ 00000300 ]  00000180          *   00000800   --HOLE-- [fill = 00]

.data        0   [ 00000300 ]  00000180          *   00000000   

.pinit       0   [ 00000300 ]  00000180          *   00000000   

.cinit       0   [ 00001300 ]  00000980          *   0000016e   
                 [ 00001300 ]  00000980          *   00000081   csl5502.lib : csl_dmadat.obj (.cinit)
                 [ 00001402 ]  00000a01          *   00000069               : csl_mcbspdat.obj (.cinit)
                 [ 000014d4 ]  00000a6a          *   00000035   dma.obj (.cinit)
                 [ 0000153e ]  00000a9f          *   00000023   csl5502.lib : csl_csldat.obj (.cinit)
                 [ 00001584 ]  00000ac2          *   0000000c   main.obj (.cinit)
                 [ 0000159c ]  00000ace          *   0000000b   rts55.lib : sin.obj (.cinit)
                 [ 000015b2 ]  00000ad9          *   0000000a             : _lock.obj (.cinit)
                 [ 000015c6 ]  00000ae3          *   0000000a             : exit.obj (.cinit)
                 [ 000015da ]  00000aed          *   00000001   --HOLE-- [fill = 0]

.bss         0   [ 000015e0 ]  00000af0          *   0000013e   
                 [ 000015e0 ]  00000af0          *   0000012a   dma.obj (.bss) [fill = 00]
                 [ 00001834 ]  00000c1a          *   00000008   rts55.lib : sin.obj (.bss) [fill = 00]
                 [ 00001844 ]  00000c22          *   00000004             : _lock.obj (.bss) [fill = 00]
                 [ 0000184c ]  00000c26          *   00000004             : exit.obj (.bss) [fill = 00]
                 [ 00001854 ]  00000c2a          *   00000003   main.obj (.bss) [fill = 00]
                 [ 0000185a ]  00000c2d          *   00000001   ezdsp5502_mcbsp.obj (.bss) [fill = 00]

.csldata     0   [ 00001880 ]  00000c40          *   00000104   
                 [ 00001880 ]  00000c40          *   0000007e   csl5502.lib : csl_dmadat.obj (.csldata:DMA_data) [fill = 00]
                 [ 0000197c ]  00000cbe          *   00000066               : csl_mcbspdat.obj (.csldata:MCBSP_data) [fill = 00]
                 [ 00001a48 ]  00000d24          *   00000020               : csl_csldat.obj (.csldata:SYS_data) [fill = 00]

.stack       0   [ 00001aa0 ]  00000d50          *   00000100   
                 [ 00001aa0 ]  00000d50          *   00000100   --HOLE-- [fill = 00]

.const       0   [ 00001ca0 ]  00000e50          *   00000060   
                 [ 00001ca0 ]  00000e50          *   0000001b   ezdsp5502_mcbsp.obj (.const:_$P$T0$1)
                 [ 00001cd6 ]  00000e6b          *   00000001   --HOLE-- [fill = 00]
                 [ 00001cd8 ]  00000e6c          *   00000014   rts55.lib : sin.obj (.const)
                 [ 00001d00 ]  00000e80          *   0000000a   ezdsp5502_i2c.obj (.const:_$P$T0$1)
                 [ 00001d14 ]  00000e8a          *   00000008   rts55.lib : divd.obj (.const:_initial_approx$1)
                 [ 00001d24 ]  00000e92          *   00000008   dma.obj (.const)
                 [ 00001d34 ]  00000e9a          *   00000008   rts55.lib : round.obj (.const)
                 [ 00001d44 ]  00000ea2          *   00000006             : modf.obj (.const)
                 [ 00001d50 ]  00000ea8          *   00000004             : trunc.obj (.const)
                 [ 00001d58 ]  00000eac          *   00000002             : fltlid.obj (.const)
                 [ 00001d5c ]  00000eae          *   00000002             : fltuld.obj (.const)

dmaMem       0   [ 00002000 ]  00001000          *   00002000   
                 [ 00002000 ]  00001000          *   00002000   dma.obj (dmaMem) [fill = 00]

.text        0     00006000  [ 00003000 ] 000029a0          *   
                   00006000  [ 00003000 ] 000003c8          *   rts55.lib : divd.obj (.text)
                   000063c8  [ 000031e4 ] 00000260          *             : addd.obj (.text)
                   00006628  [ 00003314 ] 0000021e          *   dma.obj (.text:retain)
                   00006846  [ 00003423 ] 000001fd          *   aic3204.obj (.text)
                   00006a43  [ 00003521+] 000001ea          *   rts55.lib : cmpd.obj (.text)
                   00006c2d  [ 00003616+] 00000002          *             : vectors.obj (.text)
                   00006c2f  [ 00003617 ] 00000001          *   --HOLE-- [fill = 20]
                   00006c30  [ 00003618 ] 000001e8          *   csl5502.lib : mcbsp_rst.obj (.text:MCBSP_reset)
                   00006e18  [ 0000370c ] 000001de          *   rts55.lib : sin.obj (.text)
                   00006ff6  [ 000037fb ] 000001da          *   intrinsic_fft.obj (.text)
                   000071d0  [ 000038e8 ] 000001b1          *   dma.obj (.text)
                   00007381  [ 000039c0+] 00000002          *   vectors_dma4.obj (.text)
                   00007383  [ 000039c1 ] 00000001          *   --HOLE-- [fill = 20]
                   00007384  [ 000039c2 ] 0000018b          *   csl5502.lib : i2c_write.obj (.text:I2C_write)
                   0000750f  [ 00003a87 ] 00000001          *   --HOLE-- [fill = 20]
                   00007510  [ 00003a88 ] 00000187          *               : dma_reset.obj (.text:DMA_reset)
                   00007697  [ 00003b4b ] 00000001          *   --HOLE-- [fill = 20]
                   00007698  [ 00003b4c ] 0000015a          *               : i2c_read.obj (.text:I2C_read)
                   000077f2  [ 00003bf9 ] 00000158          *   rts55.lib : mpyd.obj (.text)
                   0000794a  [ 00003ca5 ] 0000014c          *   ezdsp5502_i2cgpio.obj (.text)
                   00007a96  [ 00003d4b ] 00000002          *   --HOLE-- [fill = 20]
                   00007a98  [ 00003d4c ] 0000012b          *   csl5502.lib : mcbsp_cfg.obj (.text:MCBSP_config)
                   00007bc3  [ 00003de1 ] 00000001          *   --HOLE-- [fill = 20]
                   00007bc4  [ 00003de2 ] 00000109          *               : dma_cfg.obj (.text:DMA_config)
                   00007ccd  [ 00003e66+] 000000b9          *   rts55.lib : modf.obj (.text)
                   00007d86  [ 00003ec3 ] 00000002          *   --HOLE-- [fill = 20]
                   00007d88  [ 00003ec4 ] 000000b2          *   csl5502.lib : mcbsp_open.obj (.text:MCBSP_open)
                   00007e3a  [ 00003f1d ] 000000a8          *   ezdsp5502_mcbsp.obj (.text)
                   00007ee2  [ 00003f71 ] 0000009f          *   ibit_rev.obj (.text)
                   00007f81  [ 00003fc0 ] 00000003          *   --HOLE-- [fill = 20]
                   00007f84  [ 00003fc2 ] 0000009b          *   csl5502.lib : dma_open.obj (.text:DMA_open)
                   0000801f  [ 0000400f+] 00000089          *               : irq_pluga.obj (.text)
                   000080a8  [ 00004054 ] 00000082          *               : mcbsp_start.obj (.text:MCBSP_start)
                   0000812a  [ 00004095 ] 00000081          *   main.obj (.text)
                   000081ab  [ 000040d5+] 00000077          *   rts55.lib : fixdul.obj (.text)
                   00008222  [ 00004111 ] 00000076          *             : frcmpyd.obj (.text)
                   00008298  [ 0000414c ] 00000073          *             : frcmpyd_div.obj (.text)
                   0000830b  [ 00004185 ] 00000001          *   --HOLE-- [fill = 20]
                   0000830c  [ 00004186 ] 0000006f          *   csl5502.lib : i2c_cfg.obj (.text:I2C_config)
                   0000837b  [ 000041bd+] 0000006f          *   ezdsp5502.obj (.text)
                   000083ea  [ 000041f5 ] 0000006f          *   rts55.lib : fixdli.obj (.text)
                   00008459  [ 0000422c+] 0000006b          *             : autoinit.obj (.text)
                   000084c4  [ 00004262 ] 00000067          *   ezdsp5502_i2c.obj (.text)
                   0000852b  [ 00004295+] 00000062          *   rts55.lib : fltlid.obj (.text)
                   0000858d  [ 000042c6 ] 00000003          *   --HOLE-- [fill = 20]
                   00008590  [ 000042c8 ] 0000005d          *   csl5502.lib : irq_disa.obj (.text:IRQ_disable)
                   000085ed  [ 000042f6+] 0000005a          *   rts55.lib : round.obj (.text)
                   00008647  [ 00004323 ] 00000001          *   --HOLE-- [fill = 20]
                   00008648  [ 00004324 ] 00000058          *   csl5502.lib : irq_enab.obj (.text:IRQ_enable)
                   000086a0  [ 00004350 ] 00000056          *   rts55.lib : fltuld.obj (.text)
                   000086f6  [ 0000437b ] 0000004c          *             : boot.obj (.text)
                   00008742  [ 000043a1 ] 00000040          *             : args_main.obj (.text)
                   00008782  [ 000043c1 ] 0000003f          *             : trunc.obj (.text)
                   000087c1  [ 000043e0 ] 00000003          *   --HOLE-- [fill = 20]
                   000087c4  [ 000043e2 ] 00000039          *   csl5502.lib : irq_clear.obj (.text:IRQ_clear)
                   000087fd  [ 000043fe+] 00000038          *   rts55.lib : exit.obj (.text)
                   00008835  [ 0000441a ] 00000003          *   --HOLE-- [fill = 20]
                   00008838  [ 0000441c ] 00000031          *   csl5502.lib : mcbsp_cls.obj (.text:MCBSP_close)
                   00008869  [ 00004434 ] 00000003          *   --HOLE-- [fill = 20]
                   0000886c  [ 00004436 ] 0000002b          *               : irq_setvecs.obj (.text:IRQ_setVecs)
                   00008897  [ 0000444b+] 0000002a          *   rts55.lib : fixdi.obj (.text)
                   000088c1  [ 00004460+] 0000001b          *             : fixdu.obj (.text)
                   000088dc  [ 0000446e ] 00000014          *             : subd.obj (.text)
                   000088f0  [ 00004478 ] 00000013          *             : lmpy.obj (.text)
                   00008903  [ 00004481+] 00000010          *             : _lock.obj (.text)
                   00008913  [ 00004489+] 00000010          *             : negd.obj (.text)
                   00008923  [ 00004491+] 0000000e          *             : fltud.obj (.text)
                   00008931  [ 00004498 ] 00000003          *   --HOLE-- [fill = 20]
                   00008934  [ 0000449a ] 0000000d          *   csl5502.lib : irq_gdisab.obj (.text:IRQ_globalDisable)
                   00008941  [ 000044a0 ] 00000003          *   --HOLE-- [fill = 20]
                   00008944  [ 000044a2 ] 0000000d          *               : irq_genab.obj (.text:IRQ_globalEnable)
                   00008951  [ 000044a8 ] 00000003          *   --HOLE-- [fill = 20]
                   00008954  [ 000044aa ] 0000000c          *               : csl.obj (.text:CSL_init)
                   00008960  [ 000044b0 ] 0000000c          *               : irq_grest.obj (.text:IRQ_globalRestore)
                   0000896c  [ 000044b6 ] 0000000c          *   rts55.lib : fltid.obj (.text)
                   00008978  [ 000044bc ] 0000000b          *   csl5502.lib : _csl_init.obj (.text:_CSL_init)
                   00008983  [ 000044c1+] 00000007          *   rts55.lib : exit.obj (.text:CIO_breakpoint)
                   0000898a  [ 000044c5 ] 00000002          *   --HOLE-- [fill = 20]
                   0000898c  [ 000044c6 ] 00000007          *   csl5502.lib : mcbsp_r16.obj (.text:MCBSP_read16)
                   00008993  [ 000044c9 ] 00000001          *   --HOLE-- [fill = 20]
                   00008994  [ 000044ca ] 00000007          *               : mcbsp_w16.obj (.text:MCBSP_write16)
                   0000899b  [ 000044cd ] 00000001          *   --HOLE-- [fill = 20]
                   0000899c  [ 000044ce ] 00000002          *               : csl.obj (.text)
                   0000899e  [ 000044cf ] 00000002          *   --HOLE-- [fill = 20]

flangerMem 
*            0   [ 000089a0 ]  000044d0          *   00000400   UNINITIALIZED
                 [ 000089a0 ]  000044d0          *   00000400   dma.obj (flangerMem)

.vectors     0     0000fe00  [ 00007f00 ] 00000100          *   
                   0000fe00  [ 00007f00 ] 00000100          *   vectors_dma4.obj (.vectors)


GLOBAL SYMBOLS: SORTED ALPHABETICALLY BY Name 

abs. value/
byte addr   word addr   name
---------   ---------   ----
00000002                $TI_capability$C5500$CallingConvention
00000001                $TI_capability$C5500$MemoryModel
00000001                $TI_capability_requires_rev2
            00000af0    .bss
            00000180    .data
00006000                .text
00008984                C$$EXIT
000088f0                I$$LMPY
00006846                _AIC3204_rset
0000899c                _CSL5502_LIB_
            00000c40    _CSL_DmaData
            00000cbe    _CSL_McbspData
            00000d24    _CSL_SysData
00008954                _CSL_init
00007bc4                _DMA_config
00007f84                _DMA_open
00007510                _DMA_reset
0000794a                _EZDSP5502_I2CGPIO_configLine
00007a21                _EZDSP5502_I2CGPIO_read
0000799d                _EZDSP5502_I2CGPIO_readLine
00007a6c                _EZDSP5502_I2CGPIO_write
000079ce                _EZDSP5502_I2CGPIO_writeLine
000084c4                _EZDSP5502_I2C_init
00008509                _EZDSP5502_I2C_read
000084df                _EZDSP5502_I2C_reset
000084e9                _EZDSP5502_I2C_write
00007e78                _EZDSP5502_MCBSP_close
00007e3a                _EZDSP5502_MCBSP_init
00007eb4                _EZDSP5502_MCBSP_read
00007e88                _EZDSP5502_MCBSP_write
000083d1                _EZDSP5502_init
0000838b                _EZDSP5502_wait
000083bf                _EZDSP5502_waitusec
0000830c                _I2C_config
00007698                _I2C_read
00007384                _I2C_write
000087c4                _IRQ_clear
00008590                _IRQ_disable
00008648                _IRQ_enable
00008934                _IRQ_globalDisable
00008944                _IRQ_globalEnable
00008960                _IRQ_globalRestore
0000801f                _IRQ_plug
0000886c                _IRQ_setVecs
00008838                _MCBSP_close
00007a98                _MCBSP_config
00007d88                _MCBSP_open
0000898c                _MCBSP_read16
00006c30                _MCBSP_reset
000080a8                _MCBSP_start
00008994                _MCBSP_write16
000000c0                _Reset
0000fe00                _VECSTART
00008978                __CSL_init
            00000e50    __STACK_END
00000200                __STACK_SIZE
00001000                __SYSSTACK_SIZE
00000001                __TI_args_main
ffffffff                ___binit__
            00000af0    ___bss__
ffffffff                ___c_args__
            00000980    ___cinit__
            00000180    ___data__
            00000180    ___edata__
            00000c2e    ___end__
000089a0                ___etext__
ffffffff                ___pinit__
00006000                ___text__
000063c8                __addd
00008742                __args_main
            00000c26    __cleanup_ptr
00006bd5                __cmpd
00006000                __divd
            00000c28    __dtors_ptr
00006ba1                __eqld
00008897                __fixdi
000083ea                __fixdli
000088c1                __fixdu
000081ab                __fixdul
0000896c                __fltid
0000852b                __fltlid
00008923                __fltud
000086a0                __fltuld
00008222                __frcmpyd
00008298                __frcmpyd_div
00006b57                __geqd
00006b0c                __gtrd
00006abf                __leqd
            00000c22    __lock
00006a77                __lssd
000077f2                __mpyd
000088f0                __mpyli
00008913                __negd
00006a43                __neqd
00008911                __nop
000085ed                __nround
0000890a                __register_lock
00008903                __register_unlock
            00000d50    __stack
000088dc                __subd
            00000180    __sysstack
00008782                __trunc
            00000c24    __unlock
00008983                _abort
            00000c2d    _aicMcbsp
00008459                _auto_init
00007ee2                _bit_rev
000086f6                _c_int00
00007324                _changeTone
0000816b                _checkSwitch
00007253                _configAudioDma
00008145                _configPort
            00000c08    _dmaRxConfig
            00000c06    _dmaRxHandle
00006628                _dmaRxIsr
            00000bf4    _dmaTxConfig
            00000c07    _dmaTxHandle
00006821                _dmaTxIsr
000087fd                _exit
00006ff6                _fft
            000044d0    _g_flangerBuffer
            00000af0    _g_flangerWriteIndex
            00000bf1    _g_lfoIndex
            00000bf2    _g_lfoPhaseInc
            00000af1    _g_lfoTable
            00001000    _g_rxBuffer
            00002000    _g_txBuffer
00006870                _initAIC3204
00007326                _initLFO
            00000c2a    _ledNum
0000812a                _main
00007ccd                _modf
00006e18                _sin
000072fc                _startAudioDma
00007310                _stopAudioDma
            00000c2b    _sw1State
            00000c2c    _sw2State
ffffffff                binit
            00000980    cinit
            00000180    edata
            00000c2e    end
000089a0                etext
0000fe10                int0
0000fe18                int1
0000fe60                int10
0000fe68                int11
0000fe70                int12
0000fe78                int13
0000fe80                int14
0000fe88                int15
0000fe90                int16
0000fe98                int17
0000fea0                int18
0000fea8                int19
0000fe20                int2
0000feb0                int20
0000feb8                int21
0000fec0                int22
0000fec8                int23
0000fed0                int24
0000fed8                int25
0000fee0                int26
0000fee8                int27
0000fef0                int28
0000fef8                int29
0000fe28                int3
0000fe30                int4
0000fe38                int5
0000fe40                int6
0000fe48                int7
0000fe50                int8
0000fe58                int9
0000fe08                nmi
00007381                no_isr
ffffffff                pinit


GLOBAL SYMBOLS: SORTED BY Symbol Address 

abs. value/
byte addr   word addr   name
---------   ---------   ----
00000001                $TI_capability$C5500$MemoryModel
00000001                $TI_capability_requires_rev2
00000001                __TI_args_main
00000002                $TI_capability$C5500$CallingConvention
000000c0                _Reset
00000200                __STACK_SIZE
            00000180    .data
            00000180    ___data__
            00000180    ___edata__
            00000180    __sysstack
            00000180    edata
00001000                __SYSSTACK_SIZE
            00000980    ___cinit__
            00000980    cinit
            00000af0    .bss
            00000af0    ___bss__
            00000af0    _g_flangerWriteIndex
            00000af1    _g_lfoTable
            00000bf1    _g_lfoIndex
            00000bf2    _g_lfoPhaseInc
            00000bf4    _dmaTxConfig
            00000c06    _dmaRxHandle
            00000c07    _dmaTxHandle
            00000c08    _dmaRxConfig
            00000c22    __lock
            00000c24    __unlock
            00000c26    __cleanup_ptr
            00000c28    __dtors_ptr
            00000c2a    _ledNum
            00000c2b    _sw1State
            00000c2c    _sw2State
            00000c2d    _aicMcbsp
            00000c2e    ___end__
            00000c2e    end
            00000c40    _CSL_DmaData
            00000cbe    _CSL_McbspData
            00000d24    _CSL_SysData
            00000d50    __stack
            00000e50    __STACK_END
            00001000    _g_rxBuffer
            00002000    _g_txBuffer
00006000                .text
00006000                ___text__
00006000                __divd
000063c8                __addd
00006628                _dmaRxIsr
00006821                _dmaTxIsr
00006846                _AIC3204_rset
00006870                _initAIC3204
00006a43                __neqd
00006a77                __lssd
00006abf                __leqd
00006b0c                __gtrd
00006b57                __geqd
00006ba1                __eqld
00006bd5                __cmpd
00006c30                _MCBSP_reset
00006e18                _sin
00006ff6                _fft
00007253                _configAudioDma
000072fc                _startAudioDma
00007310                _stopAudioDma
00007324                _changeTone
00007326                _initLFO
00007381                no_isr
00007384                _I2C_write
00007510                _DMA_reset
00007698                _I2C_read
000077f2                __mpyd
0000794a                _EZDSP5502_I2CGPIO_configLine
0000799d                _EZDSP5502_I2CGPIO_readLine
000079ce                _EZDSP5502_I2CGPIO_writeLine
00007a21                _EZDSP5502_I2CGPIO_read
00007a6c                _EZDSP5502_I2CGPIO_write
00007a98                _MCBSP_config
00007bc4                _DMA_config
00007ccd                _modf
00007d88                _MCBSP_open
00007e3a                _EZDSP5502_MCBSP_init
00007e78                _EZDSP5502_MCBSP_close
00007e88                _EZDSP5502_MCBSP_write
00007eb4                _EZDSP5502_MCBSP_read
00007ee2                _bit_rev
00007f84                _DMA_open
0000801f                _IRQ_plug
000080a8                _MCBSP_start
0000812a                _main
00008145                _configPort
0000816b                _checkSwitch
000081ab                __fixdul
00008222                __frcmpyd
00008298                __frcmpyd_div
0000830c                _I2C_config
0000838b                _EZDSP5502_wait
000083bf                _EZDSP5502_waitusec
000083d1                _EZDSP5502_init
000083ea                __fixdli
00008459                _auto_init
000084c4                _EZDSP5502_I2C_init
000084df                _EZDSP5502_I2C_reset
000084e9                _EZDSP5502_I2C_write
00008509                _EZDSP5502_I2C_read
0000852b                __fltlid
00008590                _IRQ_disable
000085ed                __nround
00008648                _IRQ_enable
000086a0                __fltuld
000086f6                _c_int00
00008742                __args_main
00008782                __trunc
000087c4                _IRQ_clear
000087fd                _exit
00008838                _MCBSP_close
0000886c                _IRQ_setVecs
00008897                __fixdi
000088c1                __fixdu
000088dc                __subd
000088f0                I$$LMPY
000088f0                __mpyli
00008903                __register_unlock
0000890a                __register_lock
00008911                __nop
00008913                __negd
00008923                __fltud
00008934                _IRQ_globalDisable
00008944                _IRQ_globalEnable
00008954                _CSL_init
00008960                _IRQ_globalRestore
0000896c                __fltid
00008978                __CSL_init
00008983                _abort
00008984                C$$EXIT
0000898c                _MCBSP_read16
00008994                _MCBSP_write16
0000899c                _CSL5502_LIB_
000089a0                ___etext__
            000044d0    _g_flangerBuffer
000089a0                etext
0000fe00                _VECSTART
0000fe08                nmi
0000fe10                int0
0000fe18                int1
0000fe20                int2
0000fe28                int3
0000fe30                int4
0000fe38                int5
0000fe40                int6
0000fe48                int7
0000fe50                int8
0000fe58                int9
0000fe60                int10
0000fe68                int11
0000fe70                int12
0000fe78                int13
0000fe80                int14
0000fe88                int15
0000fe90                int16
0000fe98                int17
0000fea0                int18
0000fea8                int19
0000feb0                int20
0000feb8                int21
0000fec0                int22
0000fec8                int23
0000fed0                int24
0000fed8                int25
0000fee0                int26
0000fee8                int27
0000fef0                int28
0000fef8                int29
ffffffff                ___binit__
ffffffff                ___c_args__
ffffffff                ___pinit__
ffffffff                binit
ffffffff                pinit

[175 symbols]
